10-10 13:07:40.425  1095  1976 D QolsysPss: RemoteAutoLearn:: StateTableChangesHandler handleUpdate() return as key is not Add Sensor Flag.
10-10 13:07:40.425  1095  1976 D QolsysPss: CCObserver:: notifyUpdate(): CCObserverHandler:qolib.hardware.qolsys.DataRecycler$StateTableChangesHandler@35a5b1e7, registeredByclass qolib.hardware.qolsys.DataRecycler
10-10 13:07:40.425  1095  1976 D QolsysPss: DataRecycler:: StateTableChangesHandler handleUpdate() called
10-10 13:07:40.425  1095  1976 D QolsysPss: DataRecycler:: handleUpdate() key : TO_BE_BYPASSABLE_SENSORS
10-10 13:07:40.425  1095  1976 D QolsysPss: CCObserver:: notifyUpdate(): CCObserverHandler:qolib.hardware.qolsys.util.HomeControlAutomation$StateTableChangeHandler@152a99a4, registeredByqolib.hardware.qolsys.util.HomeControlAutomation@3408f95b
10-10 13:07:40.425  1095  1976 D QolsysPss: HomeControlAutomation::  contentvalues: name=TO_BE_BYPASSABLE_SENSORS value={} extraparams={} partition_id=0
10-10 13:07:40.425  1095  1976 D QolsysPss: CCObserver:: notifyUpdate(): CCObserverHandler:qolib.hardware.qolsys.proxyapi.ProxyDeviceEventListener$StateContentChangeHandler@21ea571c, registeredBynull
10-10 13:07:40.425  1095  1976 D QolsysPss: ProxyDeviceEventListener:: handleUpdatename=TO_BE_BYPASSABLE_SENSORS value={} extraparams={} partition_id=0
10-10 13:07:40.425  7065  7065 D QolsysApp: CPBaseDAOImpl:: read() arrayList count 2
10-10 13:07:40.425  1095  1976 D QolsysPss: CCObserver:: onChange() Received Uri: content://com.qolsys.qolsysprovider.SensorContentProvider/sensor/update/:{"eventName":"dbChanged","dbOperation":"update","uri":"content:\/\/com.qolsys.qolsysprovider.SensorContentProvider\/sensor","tcc":293,"selection":"zoneid=?","selectionArgs":"[38]","contentValues":{"sub_type":" ","zone_rf_sensor":"Y","updated_date":"1570737912139","sensorid":"6500FA","averagedBm":"999","sensorgroup":"mobileintrusion","latestdBm":"999","battery_status":"Normal","zone_feature1":" ","updated_by":"ADCService","sensorstate":"0","version":"0","frame_count":"-1","shortID":"0","sensortts":"On","zone_feature2":"","_id":"163","zone_two_way_voice_enabled":"Y","zone_equipment_code":"1","parent_node":"1","created_by":"ADCService","opr":"0","time":"88026161","partition_id":"0","serial_number":"","current_capability":"SecurityRF","zone_alarm_type":"0","allowdisarming":"1","created_date":"1570737912139","sensorname":"Key Fob 38","device_capability":"","sensorstatus":"Arm-Stay","zoneid":"38","frame_id":"6500A","zone_type":"102","zone_reporting_enabled":"Y","signal_source":"G","chimetype":"None","frame_type":"0","powerg_manufacture_id":"0","sensortype":"KeyFob","diag_24hr":"3","zone_physical_type":"3","zone_supervised":"N"}}
10-10 13:07:40.426  1095  1976 D QolsysPss: CCObserver:: contentValues: {"sub_type":" ","zone_rf_sensor":"Y","updated_date":"1570737912139","sensorid":"6500FA","averagedBm":"999","sensorgroup":"mobileintrusion","latestdBm":"999","battery_status":"Normal","zone_feature1":" ","updated_by":"ADCService","sensorstate":"0","version":"0","frame_count":"-1","shortID":"0","sensortts":"On","zone_feature2":"","_id":"163","zone_two_way_voice_enabled":"Y","zone_equipment_code":"1","parent_node":"1","created_by":"ADCService","opr":"0","time":"88026161","partition_id":"0","serial_number":"","current_capability":"SecurityRF","zone_alarm_type":"0","allowdisarming":"1","created_date":"1570737912139","sensorname":"Key Fob 38","device_capability":"","sensorstatus":"Arm-Stay","zoneid":"38","frame_id":"6500A","zone_type":"102","zone_reporting_enabled":"Y","signal_source":"G","chimetype":"None","frame_type":"0","powerg_manufacture_id":"0","sensortype":"KeyFob","diag_24hr":"3","zone_physical_type":"3","zone_supervised":"N"}
10-10 13:07:40.426  7065  7065 I QolsysApp: CCObserver:: isHandlerExistInList() handler exist for URIcontent://com.qolsys.qolsysprovider.SensorContentProvider/sensor, CCObserverHandler:com.qolsys.theme3.T3HomeFragment$SensorTableChangeHandler@3b6e043c, registeredByT3HomeFragment{158a45c5 #0 id=0x7f0c059a android:switcher:2131494298:0}
10-10 13:07:40.426  7065  7065 D QolsysApp: CCObserver:: handler exists in the list
10-10 13:07:40.426  7065  7065 D QolsysApp: T3HomeFragment:: SensorTableChangeHandler handleUpdate() is called
10-10 13:07:40.426  1095  1976 D QolsysPss: CCObserver:: notifyUpdate()  ccOberserHandlerList.size() : 5
10-10 13:07:40.426  1095  1976 D QolsysPss: CCObserver:: notifyUpdate(): CCObserverHandler:qolib.hardware.qolsys.util.PowerGUtils$SensorTableChangeHandler@2b3c2f24, registeredByqolib.hardware.qolsys.util.PowerGUtils$PowerGSupervisory@cd582b6
10-10 13:07:40.426  7065  7065 D QolsysApp: T3HomeFragment:: updateAdapterWithSensorList() called : T3HomeFragment{158a45c5 #0 id=0x7f0c059a android:switcher:2131494298:0}
10-10 13:07:40.427  1662  2202 D QolsysProvider: BaseProvider:: query() uri : content://com.qolsys.qolsysprovider.SensorContentProvider/sensor Selection: partition_id= ? AND (sensorstatus in (?, ?, ?, ?) OR sensorstate!=?)
10-10 13:07:40.427  1662  2374 D QolsysProvider: BaseProvider:: query() uri : content://com.qolsys.qolsysprovider.SensorContentProvider/sensor Selection: zoneid=?
10-10 13:07:40.428  1662  2202 D QolsysProvider: BaseProvider:: query() completed
10-10 13:07:40.428  1662  2374 D QolsysProvider: BaseProvider:: query() completed
10-10 13:07:40.433  1095  1976 D QolsysPss: CPBaseDAOImpl:: read() arrayList count 1
10-10 13:07:40.433  1095  1976 D QolsysPss: PowerGUtils:: handleUpdate() return since type doesn't exist in powerGChimeTypeList.
10-10 13:07:40.434  1095  1976 D QolsysPss: CCObserver:: notifyUpdate(): CCObserverHandler:qolib.hardware.qolsys.group.SensorFrameProcessor$SensorTableChangeHandler@128fbc67, registeredByclass qolib.hardware.qolsys.group.SensorFrameProcessor
10-10 13:07:40.434  1095  1976 D QolsysPss: SensorFrameProcessor:: SensorTableChangeHandler handleUpdate() called
10-10 13:07:40.434  1095  1976 D QolsysPss: SensorFrameProcessor:: handleSensorTableChanges() called
10-10 13:07:40.434  1662 11360 D QolsysProvider: BaseProvider:: query() uri : content://com.qolsys.qolsysprovider.QolsysSettingsProvider/qolsyssettings Selection: name=?
10-10 13:07:40.434  1662 11360 D QolsysProvider: BaseProvider:: query() completed
10-10 13:07:40.436  7065  7065 D QolsysApp: CPBaseDAOImpl:: read() arrayList count 2
10-10 13:07:40.437  1095  1976 D QolsysPss: CPBaseDAOImpl:: read() arrayList count 1
10-10 13:07:40.437  1095  1976 D QolsysPss: SensorFrameProcessor:: handleSensorTableChanges() return as partitions is disabled
10-10 13:07:40.437  1095  1976 D QolsysPss: CCObserver:: notifyUpdate(): CCObserverHandler:qolib.hardware.qolsys.jobs.FireSafetyTroubleBeepsJob$SensorChangeTableChangeHandler@11262985, registeredByclass qolib.hardware.qolsys.jobs.FireSafetyTroubleBeepsJob
10-10 13:07:40.437  1095  1976 D QolsysPss: FireSafetyTroubleBeepsJob:: SensorTable handleUpdate() called
10-10 13:07:40.438  1662  2180 D QolsysProvider: BaseProvider:: query() uri : content://com.qolsys.qolsysprovider.SensorContentProvider/sensor Selection: sensortype in (?, ?, ?, ?)
10-10 13:07:40.438  1662  2180 D QolsysProvider: BaseProvider:: query() completed
10-10 13:07:40.438  7065  7065 D QolsysApp: SecurityHomeVerticalPagerFragment:: VerticalPagerAdapter getCount() called
10-10 13:07:40.438  7065  7065 D QolsysApp: SecurityHomeVerticalPagerFragment:: VerticalPagerAdapter  getCount() ptebList Size: 1
10-10 13:07:40.438  7065  7065 D QolsysApp: SecurityHomeVerticalPagerFragment:: VerticalPagerAdapter getCount() called
10-10 13:07:40.438  7065  7065 D QolsysApp: SecurityHomeVerticalPagerFragment:: VerticalPagerAdapter  getCount() ptebList Size: 1
10-10 13:07:40.440  1095  1976 D QolsysPss: CPBaseDAOImpl:: read() arrayList count 0
10-10 13:07:40.440  1095  1976 D QolsysPss: FireSafetyTroubleBeepsJob:: stopJob() called
10-10 13:07:40.440  1095  1976 D QolsysPss: FireSafetyTroubleBeepsJob:: isFireSafetyJobStarted() called isFireSafetyTroubleBeepsJobStarted? false
10-10 13:07:40.440  1095  1976 D QolsysPss: FireSafetyTroubleBeepsJob:: stopJob() return as Job is not started
10-10 13:07:40.440  1095  1976 D QolsysPss: CCObserver:: notifyUpdate(): CCObserverHandler:qolib.hardware.qolsys.util.HomeControlAutomation$SensorTableChangeHandler@dab906a, registeredByqolib.hardware.qolsys.util.HomeControlAutomation@3408f95b
10-10 13:07:40.441  1095  1976 D QolsysPss: HomeControlAutomation:: Sensor Handle Update sub_type=  zone_rf_sensor=Y updated_date=1570737912139 sensorid=6500FA averagedBm=999 sensorgroup=mobileintrusion latestdBm=999 battery_status=Normal zone_feature1=  updated_by=ADCService sensorstate=0 shortID=0 frame_count=-1 version=0 zone_feature2= sensortts=On _id=163 zone_two_way_voice_enabled=Y zone_equipment_code=1 parent_node=1 created_by=ADCService opr=0 time=88026161 serial_number= partition_id=0 current_capability=SecurityRF zone_alarm_type=0 allowdisarming=1 created_date=1570737912139 sensorname=Key Fob 38 device_capability= sensorstatus=Arm-Stay frame_id=6500A zoneid=38 signal_source=G zone_reporting_enabled=Y zone_type=102 powerg_manufacture_id=0 frame_type=0 chimetype=None diag_24hr=3 sensortype=KeyFob zone_physical_type=3 zone_supervised=N
10-10 13:07:40.442  1662  1690 D QolsysProvider: BaseProvider:: query() uri : content://com.qolsys.qolsysprovider.HomeAutomationEventsContentProvider/home_automation_event Selection: event_id = ?
10-10 13:07:40.443  1662  1690 D QolsysProvider: BaseProvider:: query() completed
10-10 13:07:40.445  1095  1976 D QolsysPss: CCObserver:: notifyUpdate(): CCObserverHandler:qolib.hardware.qolsys.proxyapi.ProxyDeviceEventListener$SensorContentChangeHandler@26fb4569, registeredBynull
10-10 13:07:40.446  1095  1976 D QolsysPss: ProxyDeviceEventListener:: sub_type=  zone_rf_sensor=Y updated_date=1570737912139 sensorid=6500FA averagedBm=999 sensorgroup=mobileintrusion latestdBm=999 battery_status=Normal zone_feature1=  updated_by=ADCService sensorstate=0 shortID=0 frame_count=-1 version=0 zone_feature2= sensortts=On _id=163 zone_two_way_voice_enabled=Y zone_equipment_code=1 parent_node=1 created_by=ADCService opr=0 time=88026161 serial_number= partition_id=0 current_capability=SecurityRF zone_alarm_type=0 allowdisarming=1 created_date=1570737912139 sensorname=Key Fob 38 device_capability= sensorstatus=Arm-Stay frame_id=6500A zoneid=38 signal_source=G zone_reporting_enabled=Y zone_type=102 powerg_manufacture_id=0 frame_type=0 chimetype=None diag_24hr=3 sensortype=KeyFob zone_physical_type=3 zone_supervised=N
10-10 13:07:40.447  1662  7200 D QolsysProvider: BaseProvider:: query() uri : content://com.qolsys.qolsysprovider.SensorContentProvider/sensor Selection: zoneid=?
10-10 13:07:40.448  1662  7200 D QolsysProvider: BaseProvider:: query() completed
10-10 13:07:40.452  1095  1976 D QolsysPss: CPBaseDAOImpl:: read() arrayList count 1
10-10 13:07:40.458  1095  1976 D QolsysPss: ProxyDevicesMqtt:: sendMessage() {"event":"ZONE_EVENT","zone_event_type":"ZONE_UPDATE","zone":{"id":"6500FA","type":"KeyFob","name":"Key Fob 38","group":"mobileintrusion","status":"Closed","state":"0","zone_id":38,"zone_physical_type":3,"zone_alarm_type":0,"zone_type":102,"partition_id":0},"version":1}
10-10 13:07:40.458  1095  2285 I QolsysPss: ProxyDevicesMqtt:: publish() reqStr: {"event":"ZONE_EVENT","zone_event_type":"ZONE_UPDATE","zone":{"id":"6500FA","type":"KeyFob","name":"Key Fob 38","group":"mobileintrusion","status":"Closed","state":"0","zone_id":38,"zone_physical_type":3,"zone_alarm_type":0,"zone_type":102,"partition_id":0},"version":1}
10-10 13:07:40.458  1095  2285 I QolsysPss: ProxyDevicesMqtt:: publish() topic: PanelEvent
10-10 13:07:40.459  1095  2285 I QolsysPss: ProxyDevicesMqtt:: publish() successfully published msg
10-10 13:07:40.460  7065  7065 D QolsysApp: SecurityHomeVerticalPagerFragment:: VerticalPagerAdapter getCount() called
10-10 13:07:40.460  7065  7065 D QolsysApp: SecurityHomeVerticalPagerFragment:: VerticalPagerAdapter  getCount() ptebList Size: 1
10-10 13:07:40.460  7065  7065 D QolsysApp: SecurityHomeVerticalPagerFragment:: VerticalPagerAdapter getCount() called
10-10 13:07:40.460  7065  7065 D QolsysApp: SecurityHomeVerticalPagerFragment:: VerticalPagerAdapter  getCount() ptebList Size: 1
10-10 13:07:40.460  1095  3767 D QolsysPss: ProxyDevicesMqtt:: deliveryComplete()
10-10 13:07:40.462  1095  3770 D QolsysPss: C4Mqtt:: messageArrived()
10-10 13:07:40.462  1095  3770 D QolsysPss: C4Mqtt:: topic= PanelEvent
10-10 13:07:40.462  1095  3770 D QolsysPss: C4Mqtt:: mqttMessage= {"event":"ZONE_EVENT","zone_event_type":"ZONE_UPDATE","zone":{"id":"6500FA","type":"KeyFob","name":"Key Fob 38","group":"mobileintrusion","status":"Closed","state":"0","zone_id":38,"zone_physical_type":3,"zone_alarm_type":0,"zone_type":102,"partition_id":0},"version":1,"requestID":"209d0df3-432c-445b-9bc7-ffd3570104d8"}
10-10 13:07:40.462  7065  7065 D QolsysApp: SecurityHomeVerticalPagerFragment:: VerticalPagerAdapter getCount() called
10-10 13:07:40.462  7065  7065 D QolsysApp: SecurityHomeVerticalPagerFragment:: VerticalPagerAdapter  getCount() ptebList Size: 1
10-10 13:07:40.462  7065  7065 D QolsysApp: SecurityHomeVerticalPagerFragment:: VerticalPagerAdapter getCount() called
10-10 13:07:40.462  7065  7065 D QolsysApp: SecurityHomeVerticalPagerFragment:: VerticalPagerAdapter  getCount() ptebList Size: 1
10-10 13:07:40.468  7065  7065 D QolsysApp: SecurityHomeVerticalPagerFragment:: VerticalPagerAdapter getCount() called
10-10 13:07:40.468  7065  7065 D QolsysApp: SecurityHomeVerticalPagerFragment:: VerticalPagerAdapter  getCount() ptebList Size: 1
10-10 13:07:40.468  7065  7065 D QolsysApp: SecurityHomeVerticalPagerFragment:: VerticalPagerAdapter getCount() called
10-10 13:07:40.468  7065  7065 D QolsysApp: SecurityHomeVerticalPagerFragment:: VerticalPagerAdapter  getCount() ptebList Size: 1
10-10 13:07:40.476  7065  7065 D QolsysApp: SecurityHomeVerticalPagerFragment:: VerticalPagerAdapter getCount() called
10-10 13:07:40.476  7065  7065 D QolsysApp: SecurityHomeVerticalPagerFragment:: VerticalPagerAdapter  getCount() ptebList Size: 1
10-10 13:07:41.499  1095  2251 D QolsysPss: CellSignalStrengthJob:: BlockCellSignalStrengthChangeRunnable run() Called
10-10 13:07:41.507  1095  2251 D QolsysPss: CellSignalStrengthUtil:: getSignalLevelBasedOnNWType() n/w type  :  13
10-10 13:07:41.510  1095  2251 D QolsysPss: CellSignalStrengthUtil:: getSignalLevelBasedOnNWType() lteRsrp  :  -94
10-10 13:07:41.510  1095  2251 D QolsysPss: CellSignalStrengthUtil:: convertDbmToLevel() called dbm val : -94
10-10 13:07:41.510  1095  2251 D QolsysPss: CellSignalStrengthJob:: handlingOfCellularFailureAlertMessage()  called and level value  : 4
10-10 13:07:41.510  1095  2251 D QolsysPss: CellSignalStrengthJob:: removeCellConnCallBacksAndAckAlert() called : null
10-10 13:07:41.511  1662  2374 D QolsysProvider: BaseProvider:: query() uri : content://com.qolsys.qolsysprovider.HistoryContentProvider/history Selection: type= ?  and ack= ?  and device= ?  and events= ?
10-10 13:07:41.512  1662  2374 D QolsysProvider: BaseProvider:: query() completed
10-10 13:07:41.515  1095  2251 D QolsysPss: CPBaseDAOImpl:: read() arrayList count 0
10-10 13:07:41.515  1095  2251 D QolsysPss: CellSignalStrengthJob:: removeCellConnCallBacksAndAckAlert() return as lost conn record is not inserted
10-10 13:07:41.515  1095  2251 D QolsysPss: CellSignalStrengthUtil:: handleSignalStrength() called signalLevel :  4
10-10 13:07:41.525  1095  2251 D QolsysPss: CellSignalStrengthUtil::  ITelephonyManager active phne type : 1 n/w tpe : 13
10-10 13:07:41.527  1095  2251 D QolsysPss: CellSignalStrengthUtil:: handleSignalStrength() telephonyManager n/w type  :  13
10-10 13:07:41.542  1095  2251 D QolsysPss: CellSignalStrengthUtil:: handleCellSignalStrengthDbm() lteRsrp :  -94
10-10 13:07:41.542  1095  2251 D QolsysPss: CellSignalStrengthUtil:: handleCellSignalStrengthDbm() n/w type LTE dBM : -94 lteAsu :  46
10-10 13:07:42.006  1095  1185 D QolsysPss: AdcServiceCall:: getArmingLevel() partitionID=0
10-10 13:07:42.006  1095  1185 I QolsysPss: QolsysSettingsAPI:: getSystemStatus() Called
10-10 13:07:42.007  1662  2049 D QolsysProvider: BaseProvider:: query() uri : content://com.qolsys.qolsysprovider.QolsysSettingsProvider/qolsyssettings Selection: name=? and partition_id =?
10-10 13:07:42.007  1662  2049 D QolsysProvider: BaseProvider:: query() completed
10-10 13:07:42.021  1095  1185 D QolsysPss: CPBaseDAOImpl:: read() arrayList count 1
10-10 13:07:42.026  1095 15962 D QolsysPss: AdcServiceCall:: getArmingLevel() partitionID=1
10-10 13:07:42.026  1095 15962 I QolsysPss: QolsysSettingsAPI:: getSystemStatus() Called
10-10 13:07:42.026  1662 26983 D QolsysProvider: BaseProvider:: query() uri : content://com.qolsys.qolsysprovider.QolsysSettingsProvider/qolsyssettings Selection: name=? and partition_id =?
10-10 13:07:42.027  1662 26983 D QolsysProvider: BaseProvider:: query() completed
10-10 13:07:42.029  1095 15962 D QolsysPss: CPBaseDAOImpl:: read() arrayList count 0
10-10 13:07:42.030  1095  4262 D QolsysPss: AdcServiceCall:: getArmingLevel() partitionID=2
10-10 13:07:42.030  1095  4262 I QolsysPss: QolsysSettingsAPI:: getSystemStatus() Called
10-10 13:07:42.030  1662 24679 D QolsysProvider: BaseProvider:: query() uri : content://com.qolsys.qolsysprovider.QolsysSettingsProvider/qolsyssettings Selection: name=? and partition_id =?
10-10 13:07:42.031  1662 24679 D QolsysProvider: BaseProvider:: query() completed
10-10 13:07:42.033  1095  4262 D QolsysPss: CPBaseDAOImpl:: read() arrayList count 0
10-10 13:07:42.033  1095  3930 D QolsysPss: AdcServiceCall:: getArmingLevel() partitionID=3
10-10 13:07:42.033  1095  3930 I QolsysPss: QolsysSettingsAPI:: getSystemStatus() Called
10-10 13:07:42.033  1662  1694 D QolsysProvider: BaseProvider:: query() uri : content://com.qolsys.qolsysprovider.QolsysSettingsProvider/qolsyssettings Selection: name=? and partition_id =?
10-10 13:07:42.034  1662  1694 D QolsysProvider: BaseProvider:: query() completed
10-10 13:07:42.036  1095  3930 D QolsysPss: CPBaseDAOImpl:: read() arrayList count 0
10-10 13:07:42.116  1095  1186 D QolsysPss: TtsUtil:: onDone() called with utteranceId: 930c3937-76f9-4158-a939-a63a05f73a21
10-10 13:07:42.116  1095  1186 D QolsysPss: PanelGlassBreakServiceCommunicator:: setListenMode() modeVal : 0
10-10 13:07:42.116  1095  1186 D QolsysPss: BaseCommunicator:: talkToServiceOneWay() serviceName: glassbreakservice
10-10 13:07:42.116  1095  1186 D QolsysPss: BaseCommunicator:: talkToService() serviceName: glassbreakservice
10-10 13:07:42.116  1095  1186 D QolsysPss: BaseCommunicator:: fillDataParcel()
10-10 13:07:42.117  1095  1186 D QolsysPss: BaseCommunicator:: recycleParcelObjects() called
10-10 13:07:42.117   255   255 D glassbreak: OnTransact(9)
10-10 13:07:42.117   255   255 D glassbreak: Resume Detection: 0
10-10 13:07:43.013  2058  2058 D ADCService: EthernetHwStatus return value = 3 (rmnet0)
10-10 13:07:43.013  2058  2058 D ADCService: EthernetHwStatus return value = 3 (wlan0)
10-10 13:07:44.231  1095  2251 D QolsysPss: CellSignalStrengthJob:: onSignalStrengthsChanged() signalStrength : SignalStrength: 99 0 -120 -160 -120 -1 -1 26 -94 -14 74 2147483647 2147483647 gsm|lte
10-10 13:07:44.814  6978  7445 I appium  : channel read invoked!
10-10 13:07:44.814  6978  7445 I appium  : channel read: POST /wd/hub/session/555cf852-7986-436a-96b0-fdd0d847d299/element
10-10 13:07:44.814  6978  7445 I appium  : Find element command
10-10 13:07:44.815  6978  7445 D appium  : payload: {"strategy":"id","selector":"com.qolsys:id/t3_tv_disarm","context":"","multiple":false}
10-10 13:07:44.815  6978  7445 I appium  : find element command using 'id' with selector 'com.qolsys:id/t3_tv_disarm'.
10-10 13:07:44.845  7065  7065 D QolsysApp: CameraVerticalPagerFragment:: VerticalPagerAdapter getCount() called
10-10 13:07:44.845  7065  7065 D QolsysApp: CameraVerticalPagerFragment:: VerticalPagerAdapter  getCount() ptebList Size: 1
10-10 13:07:44.881  7065  7065 D QolsysApp: SecurityHomeVerticalPagerFragment:: VerticalPagerAdapter getCount() called
10-10 13:07:44.881  7065  7065 D QolsysApp: SecurityHomeVerticalPagerFragment:: VerticalPagerAdapter  getCount() ptebList Size: 1
10-10 13:07:44.903  6978  7445 I appium  : AppiumResponse: {"sessionId":"555cf852-7986-436a-96b0-fdd0d847d299","status":0,"value":{"ELEMENT":"f63403e0-784f-4951-8bdc-0d56cc7bd2a9"}}
10-10 13:07:44.953  6978  7446 I appium  : channel read invoked!
10-10 13:07:44.953  6978  7446 I appium  : channel read: GET /wd/hub/session/555cf852-7986-436a-96b0-fdd0d847d299/element/f63403e0-784f-4951-8bdc-0d56cc7bd2a9/text
10-10 13:07:44.963  6978  7446 I appium  : Get Text of element command
10-10 13:07:44.975  6978  7446 I appium  : Get Text :ARMED STAY
10-10 13:07:44.975  6978  7446 I appium  : AppiumResponse: {"sessionId":"555cf852-7986-436a-96b0-fdd0d847d299","status":0,"value":"ARMED STAY"}
10-10 13:07:45.013  1345  1973 D srfservice_ttyHSL2: len 6, frametype: 02, mId1 101, mId2 0, mRsv_4 15, mId_4 10, mState 4, mTamper_1 0, mSensorInput1_1 0, mSensorInput2_1 1, mSensorInput3_1 0, mSensorInput4_1 0, mSensorInput5_1 0, mSensorBattery_1 0, chkSum 4, mSigStr 0
10-10 13:07:45.016  1095  1373 I QolsysPss: QolSysService:: Received a Sensor Frame
10-10 13:07:45.016  1095  1373 D QolsysPss: QolSysService:: processFrame() frame type 2 id1=101  id2=0  id4=10  input1=0  input2=1  input3=0  input4=0  input5=0  tamper=0  battery=0  frameCount=4  rsvTypeChar=15
10-10 13:07:45.016  1095  1373 I QolsysPss: SensorFrameProcessor:: Received Sensor Frame: id1:65, id2:0, id4:a, input1:0,i input2:1, input3:0, input4:0, input5:0, tamper:0, battery:0, frameCount:4, rsvTypeChar:f, frameType:2
10-10 13:07:45.016  1095  1373 D QolsysPss: SensorFrameProcessor:: doAction() autoLearnSensorID : 6500FA sensorFrameType in Hex:2
10-10 13:07:45.017  1662  2202 D QolsysProvider: BaseProvider:: query() uri : content://com.qolsys.qolsysprovider.SensorContentProvider/sensor Selection: sensorid=? and current_capability!=?
10-10 13:07:45.017  1662  2202 D QolsysProvider: BaseProvider:: query() completed
10-10 13:07:45.023  1095  1373 D QolsysPss: CPBaseDAOImpl:: read() arrayList count 1
10-10 13:07:45.023  1095  1373 D QolsysPss: SensorFrameProcessor:: synchronized frameType:2
10-10 13:07:45.023  1095  1373 D QolsysPss: SensorFrameProcessor:: synchronized bean:qolib.hardware.qolsys.db.beanstore.SensorEntityBean@26  value:18
10-10 13:07:45.023  1095  1373 D QolsysPss: SensorFrameProcessor:: processFrame() current time : 1570738065023
10-10 13:07:45.028  1662 31971 D QolsysProvider: BaseProvider:: query() uri : content://com.qolsys.qolsysprovider.StateContentProvider/state Selection: name=? and partition_id =?
10-10 13:07:45.028  1662 31971 D QolsysProvider: BaseProvider:: query() completed
10-10 13:07:45.031  1095  1373 D QolsysPss: CPBaseDAOImpl:: read() arrayList count 1
10-10 13:07:45.031  1095  1373 D QolsysPss: SensorFrameProcessor:: doAction() SensorDbStatus:Arm-Stay
10-10 13:07:45.031  1095  1373 D QolsysPss: SensorStatusUtil:: findSensorStatus() frameType : 2
10-10 13:07:45.031  1095  1373 D QolsysPss: BaseSensorStatusUtil:: findSensorStatus() called
10-10 13:07:45.031  1095  1373 D QolsysPss: BaseSensorStatusUtil:: getZoneType() Sensor Type : KeyFob
10-10 13:07:45.031  1095  1373 D QolsysPss: BaseSensorStatusUtil:: capability : SecurityRF input1 : 0 input2 : 1 input3 : 0 input4 : 0
10-10 13:07:45.031  1095  1373 D QolsysPss: SensorFrameProcessor:: processFrame() curSensorStatus =KeyfobAction
10-10 13:07:45.031  1095  1373 I QolsysPss: StaticTablesInMemoryDB:: query() started
10-10 13:07:45.031  1095  1373 I QolsysPss: StaticTablesInMemoryDB:: query() reading data from inmemory table: sensor_group
10-10 13:07:45.032  1095  1373 D QolsysPss: CPBaseDAOImpl:: read() arrayList count 3
10-10 13:07:45.033  1095  1373 D QolsysPss: SensorFrameProcessor:: processFrame() sensorGroup = mobileintrusion
10-10 13:07:45.033  1095  1373 I QolsysPss: QolsysSettingsAPI:: getSystemStatus() Called
10-10 13:07:45.033  1662 11360 D QolsysProvider: BaseProvider:: query() uri : content://com.qolsys.qolsysprovider.QolsysSettingsProvider/qolsyssettings Selection: name=? and partition_id =?
10-10 13:07:45.033  1662 11360 D QolsysProvider: BaseProvider:: query() completed
10-10 13:07:45.119   231  1297 D audio_hw_primary: out_standby: enter: stream (0xb7087500) usecase(0: deep-buffer-playback)
10-10 13:07:45.150  1095  1373 I art     : Explicit concurrent mark sweep GC freed 44978(3MB) AllocSpace objects, 0(0B) LOS objects, 33% free, 14MB/21MB, paused 1.776ms total 111.930ms
10-10 13:07:45.155  1095  1373 D QolsysPss: CPBaseDAOImpl:: read() arrayList count 1
10-10 13:07:45.156  1662  7200 D QolsysProvider: BaseProvider:: query() uri : content://com.qolsys.qolsysprovider.StateContentProvider/state Selection: name=? and partition_id =?
10-10 13:07:45.156  1662  7200 D QolsysProvider: BaseProvider:: query() completed
10-10 13:07:45.159  1095  1373 D QolsysPss: CPBaseDAOImpl:: read() arrayList count 1
10-10 13:07:45.160  1662 31971 D QolsysProvider: BaseProvider:: query() uri : content://com.qolsys.qolsysprovider.StateContentProvider/state Selection: name=? and partition_id =?
10-10 13:07:45.160  1662 31971 D QolsysProvider: BaseProvider:: query() completed
10-10 13:07:45.163  1095  1373 D QolsysPss: CPBaseDAOImpl:: read() arrayList count 1
10-10 13:07:45.163  1095  1373 D QolsysPss: SensorAPI:: constructSensorNameForHistory() deviceName : Key Fob 38(38)translatable_false
10-10 13:07:45.163  1095  1373 D QolsysPss: SensorFrameProcessor:: processFrame() deviceName = Key Fob 38(38)translatable_false
10-10 13:07:45.163  1095  1373 I QolsysPss: SensorFrameProcessor:: FrameCount:  4
10-10 13:07:45.163  1095  1373 D QolsysPss: SfpUtil:: checkBatteryAndUpdateHistory() called battery val: 0
10-10 13:07:45.163  1095  1373 D QolsysPss: SensorAPI:: constructSensorNameForHistory() deviceName : Key Fob 38(38)translatable_false
10-10 13:07:45.164  1095  1373 I QolsysPss: SfpUtil:: isFireDoubleTripEvent() Called
10-10 13:07:45.164  1095  1373 D QolsysPss: SensorFrameProcessor:: processFrame() curSensorStatus :  KeyfobAction sensor db status : Arm-Stay zone id: 38
10-10 13:07:45.164  1095  1373 I QolsysPss: SfpUtil:: isRestoralEvent() Called
10-10 13:07:45.164  1095  1373 D QolsysPss: SfpUtil:: isRestoralEvent() curSensorStatus : KeyfobAction
10-10 13:07:45.164  1095  1373 I QolsysPss: SfpUtil:: isSensorBypassed() Called
10-10 13:07:45.165  1662  2180 D QolsysProvider: BaseProvider:: query() uri : content://com.qolsys.qolsysprovider.StateContentProvider/state Selection: name=? and partition_id =?
10-10 13:07:45.165  1662  2180 D QolsysProvider: BaseProvider:: query() completed
10-10 13:07:45.167  1095  1373 D QolsysPss: CPBaseDAOImpl:: read() arrayList count 1
10-10 13:07:45.167  1095  1373 D QolsysPss: SfpUtil:: isSensorBypassed() return false
10-10 13:07:45.167  1095  1373 D QolsysPss: SensorFrameProcessor:: 6500A,KeyfobAction
10-10 13:07:45.169  1662  1694 D QolsysProvider: BaseProvider:: query() uri : content://com.qolsys.qolsysprovider.StateContentProvider/state Selection: name=? and partition_id =?
10-10 13:07:45.169  1662  1694 D QolsysProvider: BaseProvider:: query() completed
10-10 13:07:45.171  1095  1373 D QolsysPss: CPBaseDAOImpl:: read() arrayList count 1
10-10 13:07:45.171  1662  2202 D QolsysProvider: BaseProvider:: query() uri : content://com.qolsys.qolsysprovider.QolsysSettingsProvider/qolsyssettings Selection: name=?
10-10 13:07:45.171  1662  2202 D QolsysProvider: BaseProvider:: query() completed
10-10 13:07:45.174  1095  1373 D QolsysPss: CPBaseDAOImpl:: read() arrayList count 1
10-10 13:07:45.175  1095  1373 D QolsysPss: QolsysSettingsAPI:: isSecurityPageEnabled()? true
10-10 13:07:45.175  1095  1373 D QolsysPss: KeyfobAPI::  input2  frameCount : 4
10-10 13:07:45.175  1095  1373 D QolsysPss: KeyfobAPI:: armAwayThePanel() called curPanelStatus : ARM-STAY
10-10 13:07:45.176  1662  2180 D QolsysProvider: BaseProvider:: query() uri : content://com.qolsys.qolsysprovider.StateContentProvider/state Selection: name=? and partition_id =?
10-10 13:07:45.176  1662  2180 D QolsysProvider: BaseProvider:: query() completed
10-10 13:07:45.178  1095  1373 D QolsysPss: CPBaseDAOImpl:: read() arrayList count 1
10-10 13:07:45.178  1095  1373 D QolsysPss: KeyfobAPI:: armAwayThePanel() keyfodDelayAction: none
10-10 13:07:45.179  1662 26983 D QolsysProvider: BaseProvider:: query() uri : content://com.qolsys.qolsysprovider.SensorContentProvider/sensor Selection: sensorstatus in (?,?,?) and sensorstate = '0'  and sensorgroup not in(select GROUPNAME from sensor_group where ACTIVEARMINGMODE=?) and partition_id = ? and sensortype not in (?,?)
10-10 13:07:45.180  1662 26983 D QolsysProvider: BaseProvider:: query() completed
10-10 13:07:45.183  1095  1373 D QolsysPss: CPBaseDAOImpl:: read() arrayList count 0
10-10 13:07:45.183  1095  1373 D QolsysPss: ChimePlayer:: playSensorChime() started
10-10 13:07:45.183  1095  1373 I QolsysPss: QolsysSettingsAPI:: getSystemStatus() Called
10-10 13:07:45.183  1662  1690 D QolsysProvider: BaseProvider:: query() uri : content://com.qolsys.qolsysprovider.QolsysSettingsProvider/qolsyssettings Selection: name=? and partition_id =?
10-10 13:07:45.184  1662  1690 D QolsysProvider: BaseProvider:: query() completed
10-10 13:07:45.186  1095  1373 D QolsysPss: CPBaseDAOImpl:: read() arrayList count 1
10-10 13:07:45.186  1095  1373 D QolsysPss: ChimePlayer:: playSensorChime() sensorPartitionId: 0 systemStatus: ARM-STAY
10-10 13:07:45.186  1662 31971 D QolsysProvider: BaseProvider:: query() uri : content://com.qolsys.qolsysprovider.QolsysSettingsProvider/qolsyssettings Selection: name=?
10-10 13:07:45.186  1662 31971 D QolsysProvider: BaseProvider:: query() completed
10-10 13:07:45.189  1095  1373 D QolsysPss: CPBaseDAOImpl:: read() arrayList count 1
10-10 13:07:45.189  1095  1373 D QolsysPss: ChimePlayer:: playChime() chimeFile == null previousChimeFile == /system/media/audio/notifications/Highwire.ogg
10-10 13:07:45.189  1095  1373 D QolsysPss: ChimePlayer:: playSensorChime() calling SystemServerMqttClient.sendMsgToRemote()
10-10 13:07:45.190  1095  1373 I QolsysPss: SystemServerMqttClient:: sendMsgToRemote() called
10-10 13:07:45.190  1095  2286 I QolsysPss: SystemServerMqttClient:: publish() reqStr: {"eventName":"chime","partitionID":0,"ttsMsg":"None"}
10-10 13:07:45.190  1095  2286 I QolsysPss: SystemServerMqttClient:: getQueueName() called
10-10 13:07:45.190  1095  2286 I QolsysPss: SystemServerMqttClient:: publish() successfully published msg
10-10 13:07:45.190  1095  2286 D QolsysPss: SystemServerMqttClient:: TtsChimePublishingRunnable run() waiting for msg
10-10 13:07:45.191  1662 11360 D QolsysProvider: BaseProvider:: query() uri : content://com.qolsys.qolsysprovider.QolsysSettingsProvider/qolsyssettings Selection: name=?
10-10 13:07:45.191  1662 11360 D QolsysProvider: BaseProvider:: query() completed
10-10 13:07:45.192  1095  4119 D QolsysPss: SystemServerMqttClient:: deliveryComplete()
10-10 13:07:45.196  1095  1373 D QolsysPss: CPBaseDAOImpl:: read() arrayList count 1
10-10 13:07:45.197  1095  1373 D QolsysPss: TtsUtil:: speakSystemServerText() called speaking text Away mode selected
10-10 13:07:45.197  1662  2374 D QolsysProvider: BaseProvider:: query() uri : content://com.qolsys.qolsysprovider.QolsysSettingsProvider/qolsyssettings Selection: name=?
10-10 13:07:45.198  1662  2374 D QolsysProvider: BaseProvider:: query() completed
10-10 13:07:45.200  1095  1373 D QolsysPss: CPBaseDAOImpl:: read() arrayList count 1
10-10 13:07:45.201  1095  1373 I QolsysPss: TtsUtil:: speakTextAddtoQueue() textToSpeak : Away mode selected
10-10 13:07:45.201  1095  1373 D QolsysPss: TtsMediaPlayer:: ttsMediaPlayer() playText: Away mode selected
10-10 13:07:45.202  1095  1373 D QolsysPss: TtsMediaPlayer:: ttsMediaPlayer() return since media file doesn't exit
10-10 13:07:45.202  1095  1373 I QolsysPss: TtsUtil:: TTS engine is already created
10-10 13:07:45.202  1095  1373 I QolsysPss: TtsUtil:: TTS service received Away mode selected
10-10 13:07:45.202  1095  1373 I QolsysPss: TtsUtil:: TTS processing:Away mode selected
10-10 13:07:45.203  2920  5693 I TTS     : Synthesis request for locale eng- and name en-US-language
10-10 13:07:45.204  1095  1373 I QolsysPss: SystemServerMqttClient:: sendMsgToRemote() called
10-10 13:07:45.204  1095  2286 I QolsysPss: SystemServerMqttClient:: publish() reqStr: {"eventName":"tts","partitionID":0,"ttsMsg":"Away mode selected"}
10-10 13:07:45.204  1095  2286 I QolsysPss: SystemServerMqttClient:: getQueueName() called
10-10 13:07:45.204  1095  2286 I QolsysPss: SystemServerMqttClient:: publish() successfully published msg
10-10 13:07:45.205  1662  2049 D QolsysProvider: BaseProvider:: update() uri : content://com.qolsys.qolsysprovider.StateContentProvider/state Selection: name=? and partition_id =?
10-10 13:07:45.205  2920  5693 I TTS     : TTS dispatch: en-us-x-sfg-lstm-embedded
10-10 13:07:45.206  1095  2286 D QolsysPss: SystemServerMqttClient:: TtsChimePublishingRunnable run() waiting for msg
10-10 13:07:45.206  1095  4119 D QolsysPss: SystemServerMqttClient:: deliveryComplete()
10-10 13:07:45.207  1095  5645 D QolsysPss: TtsUtil:: onStart() called with utteranceId: 104acb2e-3679-48b7-b55a-9b2f318eebc5
10-10 13:07:45.207  1095  5645 D QolsysPss: PanelGlassBreakServiceCommunicator:: setListenMode() modeVal : 1
10-10 13:07:45.207  1095  5645 D QolsysPss: BaseCommunicator:: talkToServiceOneWay() serviceName: glassbreakservice
10-10 13:07:45.207  1095  5645 D QolsysPss: BaseCommunicator:: talkToService() serviceName: glassbreakservice
10-10 13:07:45.207  1095  5645 D QolsysPss: BaseCommunicator:: fillDataParcel()
10-10 13:07:45.210  1095  5645 D QolsysPss: BaseCommunicator:: recycleParcelObjects() called
10-10 13:07:45.210   255   516 D glassbreak: OnTransact(9)
10-10 13:07:45.210   255   516 D glassbreak: Pause Detection: 1
10-10 13:07:45.211  2920  5694 D AudioTrack: TrackOffload: AudioTrack Offload disabled by property, returning false
10-10 13:07:45.224  1662  2049 D QolsysProvider: BaseProvider:: update() changedUri : content://com.qolsys.qolsysprovider.StateContentProvider/state/update/:{"eventName":"dbChanged","dbOperation":"update","uri":"content:\/\/com.qolsys.qolsysprovider.StateContentProvider\/state","tcc":1249,"selection":"name=? and partition_id =?","selectionArgs":"[KEYFOB_DELAY_ACTION, 0]","contentValues":{"extraparams":"{\"zoneID\":38,\"prevPanelStatus\":\"ARM-STAY\"}","name":"KEYFOB_DELAY_ACTION","partition_id":"0","value":"armaway"}}
10-10 13:07:45.224  1662  2049 D QolsysProvider: MasterSlaveAPI:: informDBUpdateEvent() started
10-10 13:07:45.224  1662  2049 D QolsysProvider: IQMasterClient:: sendMessage() called
10-10 13:07:45.224  1662  2049 D QolsysProvider: IQMasterClient:: sendMessage() reqObj length: 7
10-10 13:07:45.224  1662  2049 I QolsysProvider: IQMasterClient:: messageHandlingTask() **********received message: {"eventName":"dbChanged","dbOperation":"update","uri":"content:\/\/com.qolsys.qolsysprovider.StateContentProvider\/state","changedUri":"content:\/\/com.qolsys.qolsysprovider.StateContentProvider\/state\/update\/:{\"eventName\":\"dbChanged\",\"dbOperation\":\"update\",\"uri\":\"content:\\\/\\\/com.qolsys.qolsysprovider.StateContentProvider\\\/state\",\"tcc\":1249,\"selection\":\"name=? and partition_id =?\",\"selectionArgs\":\"[KEYFOB_DELAY_ACTION, 0]\",\"contentValues\":{\"extraparams\":\"{\\\"zoneID\\\":38,\\\"prevPanelStatus\\\":\\\"ARM-STAY\\\"}\",\"name\":\"KEYFOB_DELAY_ACTION\",\"partition_id\":\"0\",\"value\":\"armaway\"}}","selection":"name=? and partition_id =?","selectionArgs":"[KEYFOB_DELAY_ACTION, 0]","contentValues":{"extraparams":"{\"zoneID\":38,\"prevPanelStatus\":\"ARM-STAY\"}","name":"KEYFOB_DELAY_ACTION","partition_id":"0","value":"armaway"}}
10-10 13:07:45.224  1662  2049 I QolsysProvider: IQMasterClient:: publish() reqObj len: 871
10-10 13:07:45.224  1662  2049 I QolsysProvider: IQMasterClient:: publish() Publishing to topic "iq2meid" qos 0
10-10 13:07:45.225  1662  2049 I QolsysProvider: IQMasterClient:: publish() requestString is: {"eventName":"dbChanged","dbOperation":"update","uri":"content:\/\/com.qolsys.qolsysprovider.StateContentProvider\/state","changedUri":"content:\/\/com.qolsys.qolsysprovider.StateContentProvider\/state\/update\/:{\"eventName\":\"dbChanged\",\"dbOperation\":\"update\",\"uri\":\"content:\\\/\\\/com.qolsys.qolsysprovider.StateContentProvider\\\/state\",\"tcc\":1249,\"selection\":\"name=? and partition_id =?\",\"selectionArgs\":\"[KEYFOB_DELAY_ACTION, 0]\",\"contentValues\":{\"extraparams\":\"{\\\"zoneID\\\":38,\\\"prevPanelStatus\\\":\\\"ARM-STAY\\\"}\",\"name\":\"KEYFOB_DELAY_ACTION\",\"partition_id\":\"0\",\"value\":\"armaway\"}}","selection":"name=? and partition_id =?","selectionArgs":"[KEYFOB_DELAY_ACTION, 0]","contentValues":{"extraparams":"{\"zoneID\":38,\"prevPanelStatus\":\"ARM-STAY\"}","name":"KEYFOB_DELAY_ACTION","partition_id":"0","value":"armaway"}}
10-10 13:07:45.225  1662  2049 D QolsysProvider: IQMasterClient:: sendMessage() message sent to broker with topic: iq2meid
10-10 13:07:45.225  1662  2049 D QolsysProvider: BaseProvider:: update() completed rowsUpdated: 1
10-10 13:07:45.226  1095  1976 D QolsysPss: CCObserver:: onChange() Received Uri: content://com.qolsys.qolsysprovider.StateContentProvider/state/update/:{"eventName":"dbChanged","dbOperation":"update","uri":"content:\/\/com.qolsys.qolsysprovider.StateContentProvider\/state","tcc":1249,"selection":"name=? and partition_id =?","selectionArgs":"[KEYFOB_DELAY_ACTION, 0]","contentValues":{"extraparams":"{\"zoneID\":38,\"prevPanelStatus\":\"ARM-STAY\"}","name":"KEYFOB_DELAY_ACTION","partition_id":"0","value":"armaway"}}
10-10 13:07:45.226  1095  1976 D QolsysPss: CCObserver:: contentValues: {"extraparams":"{\"zoneID\":38,\"prevPanelStatus\":\"ARM-STAY\"}","name":"KEYFOB_DELAY_ACTION","partition_id":"0","value":"armaway"}
10-10 13:07:45.226  1095  1976 D QolsysPss: CCObserver:: notifyUpdate()  ccOberserHandlerList.size() : 10
10-10 13:07:45.226  1095  1976 D QolsysPss: CCObserver:: notifyUpdate(): CCObserverHandler:qolib.hardware.qolsys.api.PowerGCameraAPI$StateTableChangeHandler@f15de22, registeredByandroid.app.ContextImpl@38676816
10-10 13:07:45.226  1095  1976 D QolsysPss: PowerGCameraAPI:: handleUpdate() return as not alarm
10-10 13:07:45.226  1095  1976 D QolsysPss: CCObserver:: notifyUpdate(): CCObserverHandler:qolib.hardware.qolsys.util.PowerGUtils$StateTableChangeHandler@13804bb7, registeredByqolib.hardware.qolsys.util.PowerGUtils$PowerGSupervisory@cd582b6
10-10 13:07:45.227  1095  1976 D QolsysPss: PowerGUtils:: State Table Key: KEYFOB_DELAY_ACTION Val: armaway param: {"zoneID":38,"prevPanelStatus":"ARM-STAY"}
10-10 13:07:45.227  1095  1976 D QolsysPss: CCObserver:: notifyUpdate(): CCObserverHandler:qolib.hardware.qolsys.input.InputEventHandler$StateTableChangeHandler@250ebc4d, registeredByInputEventHandler
10-10 13:07:45.227  1662  3796 I QolsysProvider: IQMasterClient:: delivery complete
10-10 13:07:45.227  1095  1976 D QolsysPss: CCObserver:: notifyUpdate(): CCObserverHandler:qolib.hardware.qolsys.group.SensorFrameProcessor$StateTableChangeHandler@298e8826, registeredByclass qolib.hardware.qolsys.group.SensorFrameProcessor
10-10 13:07:45.227  1095  1976 D QolsysPss: SensorFrameProcessor:: StateTableChangeHandler update() called
10-10 13:07:45.227  2397  2441 D Qolsys  : CCObserver:: onChange() Received Uri: content://com.qolsys.qolsysprovider.StateContentProvider/state/update/:{"eventName":"dbChanged","dbOperation":"update","uri":"content:\/\/com.qolsys.qolsysprovider.StateContentProvider\/state","tcc":1249,"selection":"name=? and partition_id =?","selectionArgs":"[KEYFOB_DELAY_ACTION, 0]","contentValues":{"extraparams":"{\"zoneID\":38,\"prevPanelStatus\":\"ARM-STAY\"}","name":"KEYFOB_DELAY_ACTION","partition_id":"0","value":"armaway"}}
10-10 13:07:45.227  7065  7093 D QolsysApp: CCObserver:: onChange() Received Uri: content://com.qolsys.qolsysprovider.StateContentProvider/state/update/:{"eventName":"dbChanged","dbOperation":"update","uri":"content:\/\/com.qolsys.qolsysprovider.StateContentProvider\/state","tcc":1249,"selection":"name=? and partition_id =?","selectionArgs":"[KEYFOB_DELAY_ACTION, 0]","contentValues":{"extraparams":"{\"zoneID\":38,\"prevPanelStatus\":\"ARM-STAY\"}","name":"KEYFOB_DELAY_ACTION","partition_id":"0","value":"armaway"}}
10-10 13:07:45.227  2397  2441 D Qolsys  : CCObserver:: contentValues: {"extraparams":"{\"zoneID\":38,\"prevPanelStatus\":\"ARM-STAY\"}","name":"KEYFOB_DELAY_ACTION","partition_id":"0","value":"armaway"}
10-10 13:07:45.227  7065  7093 D QolsysApp: CCObserver:: contentValues: {"extraparams":"{\"zoneID\":38,\"prevPanelStatus\":\"ARM-STAY\"}","name":"KEYFOB_DELAY_ACTION","partition_id":"0","value":"armaway"}
10-10 13:07:45.228  7065  7065 I QolsysApp: CCObserver:: isHandlerExistInList() handler exist for URIcontent://com.qolsys.qolsysprovider.StateContentProvider/state, CCObserverHandler:com.qolsys.activites.Theme3HomeActivity$StateTableChangeHandler@23a0a951, registeredBycom.qolsys.activites.Theme3HomeActivity@329f493a
10-10 13:07:45.228  7065  7065 D QolsysApp: CCObserver:: handler exists in the list
10-10 13:07:45.228  7065  7065 D QolsysApp: Theme3HomeActivity:: handleForInsertOrUpdate() key : KEYFOB_DELAY_ACTION value: armaway partitionID: 0
10-10 13:07:45.228  2397  2397 I Qolsys  : CCObserver:: isHandlerExistInList() handler exist for URIcontent://com.qolsys.qolsysprovider.StateContentProvider/state, CCObserverHandler:qolsys.msglib.services.IQJService$StateTableChangeHandler@1be5c0fc, registeredBycom.qolsys.iqj.app.ApplicationClass@20882385
10-10 13:07:45.228  2397  2397 D Qolsys  : CCObserver:: handler exists in the list
10-10 13:07:45.228  1095  1373 I QolsysPss: QolsysSettingsAPI:: setSystemStatus() Called
10-10 13:07:45.229  1662 26983 D QolsysProvider: BaseProvider:: update() uri : content://com.qolsys.qolsysprovider.QolsysSettingsProvider/qolsyssettings Selection: name=? and partition_id =?
10-10 13:07:45.240  1662 26983 D QolsysProvider: BaseProvider:: update() changedUri : content://com.qolsys.qolsysprovider.QolsysSettingsProvider/qolsyssettings/update/:{"eventName":"dbChanged","dbOperation":"update","uri":"content:\/\/com.qolsys.qolsysprovider.QolsysSettingsProvider\/qolsyssettings","tcc":1025,"selection":"name=? and partition_id =?","selectionArgs":"[SYSTEM_STATUS, 0]","contentValues":{"name":"SYSTEM_STATUS","partition_id":"0","value":"ARM-AWAY-EXIT-DELAY"}}
10-10 13:07:45.240  1662 26983 D QolsysProvider: MasterSlaveAPI:: informDBUpdateEvent() started
10-10 13:07:45.240  1662 26983 D QolsysProvider: IQMasterClient:: sendMessage() called
10-10 13:07:45.240  1662 26983 D QolsysProvider: IQMasterClient:: sendMessage() reqObj length: 7
10-10 13:07:45.241  1662 26983 I QolsysProvider: IQMasterClient:: messageHandlingTask() **********received message: {"eventName":"dbChanged","dbOperation":"update","uri":"content:\/\/com.qolsys.qolsysprovider.QolsysSettingsProvider\/qolsyssettings","changedUri":"content:\/\/com.qolsys.qolsysprovider.QolsysSettingsProvider\/qolsyssettings\/update\/:{\"eventName\":\"dbChanged\",\"dbOperation\":\"update\",\"uri\":\"content:\\\/\\\/com.qolsys.qolsysprovider.QolsysSettingsProvider\\\/qolsyssettings\",\"tcc\":1025,\"selection\":\"name=? and partition_id =?\",\"selectionArgs\":\"[SYSTEM_STATUS, 0]\",\"contentValues\":{\"name\":\"SYSTEM_STATUS\",\"partition_id\":\"0\",\"value\":\"ARM-AWAY-EXIT-DELAY\"}}","selection":"name=? and partition_id =?","selectionArgs":"[SYSTEM_STATUS, 0]","contentValues":{"name":"SYSTEM_STATUS","partition_id":"0","value":"ARM-AWAY-EXIT-DELAY"}}
10-10 13:07:45.241  1662 26983 I QolsysProvider: IQMasterClient:: publish() reqObj len: 758
10-10 13:07:45.241  1662 26983 I QolsysProvider: IQMasterClient:: publish() Publishing to topic "iq2meid" qos 0
10-10 13:07:45.242  1662 26983 I QolsysProvider: IQMasterClient:: publish() requestString is: {"eventName":"dbChanged","dbOperation":"update","uri":"content:\/\/com.qolsys.qolsysprovider.QolsysSettingsProvider\/qolsyssettings","changedUri":"content:\/\/com.qolsys.qolsysprovider.QolsysSettingsProvider\/qolsyssettings\/update\/:{\"eventName\":\"dbChanged\",\"dbOperation\":\"update\",\"uri\":\"content:\\\/\\\/com.qolsys.qolsysprovider.QolsysSettingsProvider\\\/qolsyssettings\",\"tcc\":1025,\"selection\":\"name=? and partition_id =?\",\"selectionArgs\":\"[SYSTEM_STATUS, 0]\",\"contentValues\":{\"name\":\"SYSTEM_STATUS\",\"partition_id\":\"0\",\"value\":\"ARM-AWAY-EXIT-DELAY\"}}","selection":"name=? and partition_id =?","selectionArgs":"[SYSTEM_STATUS, 0]","contentValues":{"name":"SYSTEM_STATUS","partition_id":"0","value":"ARM-AWAY-EXIT-DELAY"}}
10-10 13:07:45.242  1662 26983 D QolsysProvider: IQMasterClient:: sendMessage() message sent to broker with topic: iq2meid
10-10 13:07:45.242  1662 26983 D QolsysProvider: BaseProvider:: update() completed rowsUpdated: 1
10-10 13:07:45.243  7065  7093 D QolsysApp: CCObserver:: onChange() Received Uri: content://com.qolsys.qolsysprovider.QolsysSettingsProvider/qolsyssettings/update/:{"eventName":"dbChanged","dbOperation":"update","uri":"content:\/\/com.qolsys.qolsysprovider.QolsysSettingsProvider\/qolsyssettings","tcc":1025,"selection":"name=? and partition_id =?","selectionArgs":"[SYSTEM_STATUS, 0]","contentValues":{"name":"SYSTEM_STATUS","partition_id":"0","value":"ARM-AWAY-EXIT-DELAY"}}
10-10 13:07:45.244  1662  3796 I QolsysProvider: IQMasterClient:: delivery complete
10-10 13:07:45.244  1095  1373 I QolsysPss: QolsysSettingsAPI:: setSystemStatusChangedTime() Called
10-10 13:07:45.244  7065  7093 D QolsysApp: CCObserver:: contentValues: {"name":"SYSTEM_STATUS","partition_id":"0","value":"ARM-AWAY-EXIT-DELAY"}
10-10 13:07:45.244  2397  2441 D Qolsys  : CCObserver:: onChange() Received Uri: content://com.qolsys.qolsysprovider.QolsysSettingsProvider/qolsyssettings/update/:{"eventName":"dbChanged","dbOperation":"update","uri":"content:\/\/com.qolsys.qolsysprovider.QolsysSettingsProvider\/qolsyssettings","tcc":1025,"selection":"name=? and partition_id =?","selectionArgs":"[SYSTEM_STATUS, 0]","contentValues":{"name":"SYSTEM_STATUS","partition_id":"0","value":"ARM-AWAY-EXIT-DELAY"}}
10-10 13:07:45.244  7065  7065 I QolsysApp: CCObserver:: isHandlerExistInList() handler exist for URIcontent://com.qolsys.qolsysprovider.QolsysSettingsProvider/qolsyssettings, CCObserverHandler:com.qolsys.activites.Theme3HomeActivity$SettingsTableChangeHandler@2fd0ce78, registeredBycom.qolsys.activites.Theme3HomeActivity@329f493a
10-10 13:07:45.244  7065  7065 D QolsysApp: CCObserver:: handler exists in the list
10-10 13:07:45.244  1662 24679 D QolsysProvider: BaseProvider:: update() uri : content://com.qolsys.qolsysprovider.QolsysSettingsProvider/qolsyssettings Selection: name=? and partition_id =?
10-10 13:07:45.244  7065  7065 D QolsysApp: Theme3HomeActivity:: handleUpdate() curVisibleFrag=DoublePagerFragment{2d261019 #2 id=0x7f0c005e}key : SYSTEM_STATUS value : ARM-AWAY-EXIT-DELAY
10-10 13:07:45.244  7065  7065 I QolsysApp: CCObserver:: isHandlerExistInList() handler exist for URIcontent://com.qolsys.qolsysprovider.QolsysSettingsProvider/qolsyssettings, CCObserverHandler:com.qolsys.ipcamera.DoorbellPressReceiver$SettingsTableChangeHandler@3b74f2, registeredBycom.qolsys.ipcamera.DoorbellPressReceiver@1c1eb743
10-10 13:07:45.244  7065  7065 D QolsysApp: CCObserver:: handler exists in the list
10-10 13:07:45.245  7065  7065 I QolsysApp: CCObserver:: isHandlerExistInList() handler exist for URIcontent://com.qolsys.qolsysprovider.QolsysSettingsProvider/qolsyssettings, CCObserverHandler:com.qolsys.theme3.T3HeaderFragment$SettingsTableChangeHandler@2db21b5, registeredByT3HeaderFragment{290b04a #0 id=0x7f0c005d}
10-10 13:07:45.245  7065  7065 D QolsysApp: CCObserver:: handler exists in the list
10-10 13:07:45.245  7065  7065 I QolsysApp: CCObserver:: isHandlerExistInList() handler exist for URIcontent://com.qolsys.qolsysprovider.QolsysSettingsProvider/qolsyssettings, CCObserverHandler:com.qolsys.theme3.T3FooterFragment$SettingsTableChangeHandler@37318716, registeredByclass com.qolsys.theme3.T3FooterFragment
10-10 13:07:45.245  7065  7065 D QolsysApp: CCObserver:: handler exists in the list
10-10 13:07:45.245  7065  7065 D QolsysApp: FooterFragment:: handleUpdate() key : SYSTEM_STATUS value : ARM-AWAY-EXIT-DELAY
10-10 13:07:45.245  7065  7065 I QolsysApp: CCObserver:: isHandlerExistInList() handler exist for URIcontent://com.qolsys.qolsysprovider.QolsysSettingsProvider/qolsyssettings, CCObserverHandler:com.qolsys.systemsettings.wifi.MyHomeWifiHandler$SettingsTableChangeHandler@2d49d368, registeredBycom.qolsys.systemsettings.wifi.MyHomeWifiHandler@3148e381
10-10 13:07:45.245  7065  7065 D QolsysApp: CCObserver:: handler exists in the list
10-10 13:07:45.245  7065  7065 I QolsysApp: CCObserver:: isHandlerExistInList() handler exist for URIcontent://com.qolsys.qolsysprovider.QolsysSettingsProvider/qolsyssettings, CCObserverHandler:com.qolsys.stateadapter.FSPAHealthTestFragment$SettingsTableChangeHandler@1d3f0067, registeredByFSPAHealthTestFragment{1c9cbe14 #0 id=0x7f0c059a android:switcher:2131494298:0}
10-10 13:07:45.245  7065  7065 D QolsysApp: CCObserver:: handler exists in the list
10-10 13:07:45.245  7065  7065 D QolsysApp: FSPAHealthTestFragment:: key : SYSTEM_STATUS value : ARM-AWAY-EXIT-DELAY
10-10 13:07:45.245  7065  7065 I QolsysApp: CCObserver:: isHandlerExistInList() handler exist for URIcontent://com.qolsys.qolsysprovider.QolsysSettingsProvider/qolsyssettings, CCObserverHandler:com.qolsys.theme3.T3HomeFragment$QolsysSettingsChangeHandler@1f54287b, registeredByT3HomeFragment{34b7880a #0 id=0x7f0c059a android:switcher:2131494298:0}
10-10 13:07:45.245  7065  7065 D QolsysApp: CCObserver:: handler exists in the list
10-10 13:07:45.245  7065  7065 D QolsysApp: T3HomeFragment:: T3Home handleUpdate() called
