11-16 15:05:10.450 11637 11637 I QolsysApp: CCObserver:: isHandlerExistInList() handler exist for URIcontent://com.qolsys.qolsysprovider.QolsysSettingsProvider/qolsyssettings, CCObserverHandler:com.qolsys.stateadapter.FSPAHealthTestFragment$SettingsTableChangeHandler@12a34d40, registeredByFSPAHealthTestFragment{30919479 #1 id=0x7f0c04e0}
11-16 15:05:10.450 11637 11637 D QolsysApp: CCObserver:: handler exists in the list
11-16 15:05:10.450 11637 11637 D QolsysApp: FSPAHealthTestFragment:: key : SYSTEM_STATUS_CHANGED_TIME value : ARM-AWAY,1510844710363
11-16 15:05:10.451 11637 11637 I QolsysApp: CCObserver:: isHandlerExistInList() handler exist for URIcontent://com.qolsys.qolsysprovider.QolsysSettingsProvider/qolsyssettings, CCObserverHandler:com.qolsys.activites.Theme3HomeActivity$SettingsTableChangeHandler@ab6f903, registeredBycom.qolsys.activites.Theme3HomeActivity@f07f6f
11-16 15:05:10.451 11637 11637 D QolsysApp: CCObserver:: handler exists in the list
11-16 15:05:10.451 11637 11637 D QolsysApp: Theme3HomeActivity:: handleUpdate() curVisibleFrag=FSPAViewPagerFragment{66ea714 #2 id=0x7f0c005d}key : EXIT_BEEPS value : ON
11-16 15:05:10.451 11637 11637 I QolsysApp: CCObserver:: isHandlerExistInList() handler exist for URIcontent://com.qolsys.qolsysprovider.QolsysSettingsProvider/qolsyssettings, CCObserverHandler:com.qolsys.theme3.T3HeaderFragment$SettingsTableChangeHandler@1203b0dc, registeredByT3HeaderFragment{319d85e5 #0 id=0x7f0c005c}
11-16 15:05:10.451 11637 11637 D QolsysApp: CCObserver:: handler exists in the list
11-16 15:05:10.451 11637 11637 I QolsysApp: CCObserver:: isHandlerExistInList() handler exist for URIcontent://com.qolsys.qolsysprovider.QolsysSettingsProvider/qolsyssettings, CCObserverHandler:com.qolsys.gallery.UserInactivityService$SettingsTableChangeHandler@1bd4e512, registeredBycom.qolsys.gallery.UserInactivityService@1ca32b47
11-16 15:05:10.451 11637 11637 D QolsysApp: CCObserver:: handler exists in the list
11-16 15:05:10.451 11637 11637 D QolsysApp: UserInactivityService:: handleUpdate() key:EXIT_BEEPS val:ON
11-16 15:05:10.451 11637 11637 I QolsysApp: CCObserver:: isHandlerExistInList() handler exist for URIcontent://com.qolsys.qolsysprovider.QolsysSettingsProvider/qolsyssettings, CCObserverHandler:com.qolsys.systemsettings.wifi.MyHomeWifiHandler$SettingsTableChangeHandler@29e39d7d, registeredBycom.qolsys.systemsettings.wifi.MyHomeWifiHandler@3b945472
11-16 15:05:10.451 11637 11637 D QolsysApp: CCObserver:: handler exists in the list
11-16 15:05:10.451 11637 11637 I QolsysApp: CCObserver:: isHandlerExistInList() handler exist for URIcontent://com.qolsys.qolsysprovider.QolsysSettingsProvider/qolsyssettings, CCObserverHandler:com.qolsys.stateadapter.FSPAHealthTestFragment$SettingsTableChangeHandler@12a34d40, registeredByFSPAHealthTestFragment{30919479 #1 id=0x7f0c04e0}
11-16 15:05:10.451 11637 11637 D QolsysApp: CCObserver:: handler exists in the list
11-16 15:05:10.451 11637 11637 D QolsysApp: FSPAHealthTestFragment:: key : EXIT_BEEPS value : ON
11-16 15:05:10.457 11637 11637 I QolsysApp: CCObserver:: isHandlerExistInList() handler exist for URIcontent://com.qolsys.qolsysprovider.HistoryContentProvider/history, CCObserverHandler:com.qolsys.theme3.T3HeaderFragment$PanelMessagesAndAlertsUpdateHandler@34edc36b, registeredByT3HeaderFragment{319d85e5 #0 id=0x7f0c005c}
11-16 15:05:10.457 11637 11637 D QolsysApp: CCObserver:: handler exists in the list
11-16 15:05:10.458  1702  1730 D QolsysProvider: BaseProvider:: query() uri : content://com.qolsys.qolsysprovider.HistoryContentProvider/history Selection: ( device in (?, ?, ?) OR type in(?,?) )and ack=?
11-16 15:05:10.461  1702 27747 D QolsysProvider: BaseProvider:: update() changedUri : content://com.qolsys.qolsysprovider.SensorContentProvider/sensor/update/:{"eventName":"dbChanged","dbOperation":"update","uri":"content:\/\/com.qolsys.qolsysprovider.SensorContentProvider\/sensor","tcc":1710,"selection":"zoneid=?","selectionArgs":"[26]","contentValues":{"sub_type":" ","zone_rf_sensor":"Y","updated_date":"1510842151461","sensorid":"6500FA","sensorgroup":"mobileintrusion","battery_status":"Normal","zone_feature1":" ","updated_by":"","sensorstate":"0","frame_count":"0","shortID":"0","sensortts":"On","zone_feature2":"","_id":"147","zone_two_way_voice_enabled":"Y","zone_equipment_code":"1","created_by":"","time":"197258470","partition_id":"0","current_capability":"SecurityRF","zone_alarm_type":"0","allowdisarming":"1","created_date":"1510842151461","sensorname":"Key Fob 26","device_capability":"SecurityRF","sensorstatus":"Arm-Away","zoneid":"26","frame_id":"6500A","zone_type":"102","zone_reporting_enabled":"Y","signal_source":"G","chimetype":"None","frame_type":"2","powerg_manufacture_id":"0","sensortype":"KeyFob","diag_24hr":"3","zone_physical_type":"3","zone_supervised":"N"}}
11-16 15:05:10.462  1702  1730 D QolsysProvider: BaseProvider:: query() completed
11-16 15:05:10.462 11637 11668 D QolsysApp: CCObserver:: onChange() Received Uri: content://com.qolsys.qolsysprovider.SensorContentProvider/sensor/update/:{"eventName":"dbChanged","dbOperation":"update","uri":"content:\/\/com.qolsys.qolsysprovider.SensorContentProvider\/sensor","tcc":1710,"selection":"zoneid=?","selectionArgs":"[26]","contentValues":{"sub_type":" ","zone_rf_sensor":"Y","updated_date":"1510842151461","sensorid":"6500FA","sensorgroup":"mobileintrusion","battery_status":"Normal","zone_feature1":" ","updated_by":"","sensorstate":"0","frame_count":"0","shortID":"0","sensortts":"On","zone_feature2":"","_id":"147","zone_two_way_voice_enabled":"Y","zone_equipment_code":"1","created_by":"","time":"197258470","partition_id":"0","current_capability":"SecurityRF","zone_alarm_type":"0","allowdisarming":"1","created_date":"1510842151461","sensorname":"Key Fob 26","device_capability":"SecurityRF","sensorstatus":"Arm-Away","zoneid":"26","frame_id":"6500A","zone_type":"102","zone_reporting_enabled":"Y","signal_source":"G","chimetype":"None","frame_type":"2","powerg_manufacture_id":"0","sensortype":"KeyFob","diag_24hr":"3","zone_physical_type":"3","zone_supervised":"N"}}
11-16 15:05:10.462  1702 27747 D QolsysProvider: MasterSlaveAPI:: informDBUpdateEvent() started
11-16 15:05:10.463  1702 27747 D QolsysProvider: IQMasterClient:: sendMessage() called
11-16 15:05:10.463  1702 27747 D QolsysProvider: IQMasterClient:: isRemoteDeviceListEmpty() result value is:false, remoteDevices:{34:c3:d2:65:df:a9=remoteClient_paho18899228074676, 34:c3:d2:63:d9:27=remoteClient_paho5750471039074}
11-16 15:05:10.463 11637 11668 D QolsysApp: CCObserver:: contentValues: {"sub_type":" ","zone_rf_sensor":"Y","updated_date":"1510842151461","sensorid":"6500FA","sensorgroup":"mobileintrusion","battery_status":"Normal","zone_feature1":" ","updated_by":"","sensorstate":"0","frame_count":"0","shortID":"0","sensortts":"On","zone_feature2":"","_id":"147","zone_two_way_voice_enabled":"Y","zone_equipment_code":"1","created_by":"","time":"197258470","partition_id":"0","current_capability":"SecurityRF","zone_alarm_type":"0","allowdisarming":"1","created_date":"1510842151461","sensorname":"Key Fob 26","device_capability":"SecurityRF","sensorstatus":"Arm-Away","zoneid":"26","frame_id":"6500A","zone_type":"102","zone_reporting_enabled":"Y","signal_source":"G","chimetype":"None","frame_type":"2","powerg_manufacture_id":"0","sensortype":"KeyFob","diag_24hr":"3","zone_physical_type":"3","zone_supervised":"N"}
11-16 15:05:10.464  1702 27747 I QolsysProvider: IQMasterClient:: publish() Publishing to topic "iq2meid" qos 0and reqStr:{"eventName":"dbChanged","dbOperation":"update","uri":"content:\/\/com.qolsys.qolsysprovider.SensorContentProvider\/sensor","changedUri":"content:\/\/com.qolsys.qolsysprovider.SensorContentProvider\/sensor\/update\/:{\"eventName\":\"dbChanged\",\"dbOperation\":\"update\",\"uri\":\"content:\\\/\\\/com.qolsys.qolsysprovider.SensorContentProvider\\\/sensor\",\"tcc\":1710,\"selection\":\"zoneid=?\",\"selectionArgs\":\"[26]\",\"contentValues\":{\"sub_type\":\" \",\"zone_rf_sensor\":\"Y\",\"updated_date\":\"1510842151461\",\"sensorid\":\"6500FA\",\"sensorgroup\":\"mobileintrusion\",\"battery_status\":\"Normal\",\"zone_feature1\":\" \",\"updated_by\":\"\",\"sensorstate\":\"0\",\"frame_count\":\"0\",\"shortID\":\"0\",\"sensortts\":\"On\",\"zone_feature2\":\"\",\"_id\":\"147\",\"zone_two_way_voice_enabled\":\"Y\",\"zone_equipment_code\":\"1\",\"created_by\":\"\",\"time\":\"197258470\",\"partition_id\":\"0\",\"current_capability\":\"SecurityRF\",\"zone_alarm_type\":\"0\",\"allowdisarming\":\"1\",\"created_date\":\"1510842151461\",\"sensorname\":\"Key Fob 26\",\"device_capability\":\"SecurityRF\",\"sensorstatus\":\"Arm-Away\",\"zoneid\":\"26\",\"frame_id\":\"6500A\",\"zone_type\":\"102\",\"zone_reporting_enabled\":\"Y\",\"signal_source\":\"G\",\"chimetype\":\"None\",\"frame_type\":\"2\",\"powerg_manufacture_id\":\"0\",\"sensortype\":\"KeyFob\",\"diag_24hr\":\"3\",\"zone_physical_type\":\"3\",\"zone_supervised\":\"N\"}}","selection":"zoneid=?","selectionArgs":"[26]","contentValues":{"sub_type":" ","zone_rf_sensor":"Y","updated_date":"1510842151461","sensorid":"6500FA","sensorgroup":"mobileintrusion","battery_status":"Normal","zone_feature1":" ","updated_by":"","sensorstate":"0","frame_count":"0","shortID":"0","sensortts":"On","zone_feature2":"","_id":"147","zone_two_way_voice_enabled":"Y","zone_equipment_code":"1","created_by":"","time":"197258470","partition_id":"0","current_capability":"SecurityRF","zone_alarm_type":"0","allowdisarming":"1","created_date":"1510842151461","sensorname":"Key Fob 26","device_capability":"SecurityRF","sensorstatus":"Arm-Away","zoneid":"26","frame_id":"6500A","zone_type":"102","zone_reporting_enabled":"Y","signal_source":"G","chimetype":"None","frame_type":"2","powerg_manufacture_id":"0","sensortype":"KeyFob","diag_24hr":"3","zone_physical_type":"3","zone_supervised":"N"}}
11-16 15:05:10.464 11687 11706 D DTMF    : CCObserver:: onChange() Received Uri: content://com.qolsys.qolsysprovider.SensorContentProvider/sensor/update/:{"eventName":"dbChanged","dbOperation":"update","uri":"content:\/\/com.qolsys.qolsysprovider.SensorContentProvider\/sensor","tcc":1710,"selection":"zoneid=?","selectionArgs":"[26]","contentValues":{"sub_type":" ","zone_rf_sensor":"Y","updated_date":"1510842151461","sensorid":"6500FA","sensorgroup":"mobileintrusion","battery_status":"Normal","zone_feature1":" ","updated_by":"","sensorstate":"0","frame_count":"0","shortID":"0","sensortts":"On","zone_feature2":"","_id":"147","zone_two_way_voice_enabled":"Y","zone_equipment_code":"1","created_by":"","time":"197258470","partition_id":"0","current_capability":"SecurityRF","zone_alarm_type":"0","allowdisarming":"1","created_date":"1510842151461","sensorname":"Key Fob 26","device_capability":"SecurityRF","sensorstatus":"Arm-Away","zoneid":"26","frame_id":"6500A","zone_type":"102","zone_reporting_enabled":"Y","signal_source":"G","chimetype":"None","frame_type":"2","powerg_manufacture_id":"0","sensortype":"KeyFob","diag_24hr":"3","zone_physical_type":"3","zone_supervised":"N"}}
11-16 15:05:10.465  1702  3634 I QolsysProvider: IQMasterClient:: delivery complete
11-16 15:05:10.466  1702 27747 D QolsysProvider: IQMasterClient:: sendMessage() message sent to broker with topic: iq2meid
11-16 15:05:10.466  1702 27747 D QolsysProvider: BaseProvider:: update() completed rowsUpdated: 1
11-16 15:05:10.467  1147  1712 D QolsysBackend: SensorFrameProcessor:: handleKeyfobCase()    isKeyfobDelayFrame():false
11-16 15:05:10.467  1147  1712 D QolsysBackend: SensorFrameProcessor:: Time Taken to process the frame: 335ms
11-16 15:05:10.467  1147  1712 D QolsysBackend: SensorFrameProcessor:: doAction() sensorType=KeyFob curSensorStatus=KeyfobAction
11-16 15:05:10.467  1147  1798 D QolsysBackend: CCObserver:: notifyUpdate(): CCObserverHandler:qolib.hardware.qolsys.periodicjobs.HistoryRecordsLimitationJob$SettingsTableChangeHandler@3f3b0e91, registeredByHistoryRecordsLimitationJob
11-16 15:05:10.467  1147  1712 D QolsysBackend: SensorFrameProcessor:: doAction() shockSensorType =
11-16 15:05:10.467  1147  1798 D QolsysBackend: CCObserver:: notifyUpdate(): CCObserverHandler:qolib.hardware.qolsys.periodicjobs.TroubleBeepsJob$SettingsTableChangeHandler@3797fec9, registeredByqolib.hardware.qolsys.periodicjobs.TroubleBeepsJob$ScheduleTroubleBeepsRunnable@13cee9ce
11-16 15:05:10.467  1147  1798 D QolsysBackend: CCObserver:: notifyUpdate(): CCObserverHandler:qolib.hardware.qolsys.periodicjobs.IQMSJob$SettingsTableChangeHandler@2c513d66, registeredByclass qolib.hardware.qolsys.periodicjobs.IQMSJob
11-16 15:05:10.467  1147  1798 D QolsysBackend: CCObserver:: notifyUpdate(): CCObserverHandler:qolib.hardware.qolsys.jobs.FireSafetyTroubleBeepsJob$SettingsTableChangeHandler@19a3c9f2, registeredByclass qolib.hardware.qolsys.jobs.FireSafetyTroubleBeepsJob
11-16 15:05:10.467  1147  1798 D QolsysBackend: FireSafetyTroubleBeepsJob:: SettingsTable handleUpdate() called
11-16 15:05:10.467  1147  1798 D QolsysBackend: FireSafetyTroubleBeepsJob:: SettingsTable handleUpdate() key : SYSTEM_STATUS
11-16 15:05:10.467  1147  1798 D QolsysBackend: CCObserver:: notifyUpdate(): CCObserverHandler:qolib.hardware.qolsys.periodicjobs.SupervisoryCheckJob$SettingsTableChangeHandler@2e73cab5, registeredByqolib.hardware.qolsys.periodicjobs.SupervisoryCheckJob$ScheduleSupervisoryCheckRunnable@c0ea54a
11-16 15:05:10.467  1147  1798 D QolsysBackend: CCObserver:: notifyUpdate(): CCObserverHandler:qolib.hardware.qolsys.periodicjobs.BluetoothDisarm$SettingsTableChangeHandler@1f7a17f0, registeredByBluetoothDisarm
11-16 15:05:10.467  1147  1798 D QolsysBackend: CCObserver:: notifyUpdate(): CCObserverHandler:qolib.hardware.qolsys.util.HomeControlAutomation$SettingsTableChangeHandler@1313f29, registeredByqolib.hardware.qolsys.util.HomeControlAutomation@19fefff3
11-16 15:05:10.467  1147  1798 D QolsysBackend: CCObserver:: notifyUpdate(): CCObserverHandler:qolib.hardware.qolsys.util.HomeControlAutomation$SettingsTableChangeHandler@7e0aa61, registeredByqolib.hardware.qolsys.util.HomeControlAutomation@39b87a6b
11-16 15:05:10.467  1147  1798 D QolsysBackend: CCObserver:: notifyUpdate(): CCObserverHandler:qolib.hardware.qolsys.periodicjobs.WifiAPJob$SettingsTableChangeHandler@1adfd41b, registeredByWifiAPJob
11-16 15:05:10.467  1147  1798 D QolsysBackend: CCObserver:: onChange() Received Uri: content://com.qolsys.qolsysprovider.QolsysSettingsProvider/qolsyssettings/update/:{"eventName":"dbChanged","dbOperation":"update","uri":"content:\/\/com.qolsys.qolsysprovider.QolsysSettingsProvider\/qolsyssettings","tcc":13509,"selection":"name=?","selectionArgs":"[SYSTEM_STATUS_CHANGED_TIME]","contentValues":{"name":"SYSTEM_STATUS_CHANGED_TIME","value":"ARM-AWAY,1510844710363"}}
11-16 15:05:10.468 11637 11637 D QolsysApp: T3HeaderFragment:: updatePanelMessages() panelMsgsAndAlertsAndAlarmsCount:0
11-16 15:05:10.468  1147  1798 D QolsysBackend: CCObserver:: contentValues: {"name":"SYSTEM_STATUS_CHANGED_TIME","value":"ARM-AWAY,1510844710363"}
11-16 15:05:10.468  1147  1798 D QolsysBackend: CCObserver:: notifyUpdate()  ccOberserHandlerList.size() : 11
11-16 15:05:10.468  1147  1798 D QolsysBackend: CCObserver:: notifyUpdate(): CCObserverHandler:qolib.hardware.qolsys.jobs.SecureSensorsSyncJob$SettingsTableChangeHandler@1beb3ef0, registeredByclass qolib.hardware.qolsys.jobs.SecureSensorsSyncJob
11-16 15:05:10.468  1147  1798 D QolsysBackend: SecureSensorsSynJob :: handleUpdate() called
11-16 15:05:10.468  1147  1798 D QolsysBackend: SecureSensorsSynJob :: handleUpdate() key:SYSTEM_STATUS_CHANGED_TIME
11-16 15:05:10.468 11637 11637 D QolsysApp: T3CDialogFragment:: onCreateDialog() started : 1510844710468
11-16 15:05:10.468  1147  1798 D QolsysBackend: CCObserver:: notifyUpdate(): CCObserverHandler:qolib.hardware.qolsys.group.SensorFrameProcessor$QolsysSettingsTableChangeHandler@1176117a, registeredByclass qolib.hardware.qolsys.group.SensorFrameProcessor
11-16 15:05:10.468  1147  1798 D QolsysBackend: SensorFrameProcessor:: QolsysSettingsTableChangeHandler update() called
11-16 15:05:10.468  1147  1798 D QolsysBackend: CCObserver:: notifyUpdate(): CCObserverHandler:qolib.hardware.qolsys.periodicjobs.HistoryRecordsLimitationJob$SettingsTableChangeHandler@3f3b0e91, registeredByHistoryRecordsLimitationJob
11-16 15:05:10.468  1147  1798 D QolsysBackend: CCObserver:: notifyUpdate(): CCObserverHandler:qolib.hardware.qolsys.periodicjobs.TroubleBeepsJob$SettingsTableChangeHandler@3797fec9, registeredByqolib.hardware.qolsys.periodicjobs.TroubleBeepsJob$ScheduleTroubleBeepsRunnable@13cee9ce
11-16 15:05:10.468  1147  1798 D QolsysBackend: CCObserver:: notifyUpdate(): CCObserverHandler:qolib.hardware.qolsys.periodicjobs.IQMSJob$SettingsTableChangeHandler@2c513d66, registeredByclass qolib.hardware.qolsys.periodicjobs.IQMSJob
11-16 15:05:10.468  1147  1798 D QolsysBackend: CCObserver:: notifyUpdate(): CCObserverHandler:qolib.hardware.qolsys.jobs.FireSafetyTroubleBeepsJob$SettingsTableChangeHandler@19a3c9f2, registeredByclass qolib.hardware.qolsys.jobs.FireSafetyTroubleBeepsJob
11-16 15:05:10.468  1147  1798 D QolsysBackend: FireSafetyTroubleBeepsJob:: SettingsTable handleUpdate() called
11-16 15:05:10.468  1147  1798 D QolsysBackend: FireSafetyTroubleBeepsJob:: SettingsTable handleUpdate() key : SYSTEM_STATUS_CHANGED_TIME
11-16 15:05:10.468  1147  1798 D QolsysBackend: CCObserver:: notifyUpdate(): CCObserverHandler:qolib.hardware.qolsys.periodicjobs.SupervisoryCheckJob$SettingsTableChangeHandler@2e73cab5, registeredByqolib.hardware.qolsys.periodicjobs.SupervisoryCheckJob$ScheduleSupervisoryCheckRunnable@c0ea54a
11-16 15:05:10.468  1147  1798 D QolsysBackend: CCObserver:: notifyUpdate(): CCObserverHandler:qolib.hardware.qolsys.periodicjobs.BluetoothDisarm$SettingsTableChangeHandler@1f7a17f0, registeredByBluetoothDisarm
11-16 15:05:10.468  1147  1798 D QolsysBackend: CCObserver:: notifyUpdate(): CCObserverHandler:qolib.hardware.qolsys.util.HomeControlAutomation$SettingsTableChangeHandler@1313f29, registeredByqolib.hardware.qolsys.util.HomeControlAutomation@19fefff3
11-16 15:05:10.468  1147  1798 D QolsysBackend: CCObserver:: notifyUpdate(): CCObserverHandler:qolib.hardware.qolsys.util.HomeControlAutomation$SettingsTableChangeHandler@7e0aa61, registeredByqolib.hardware.qolsys.util.HomeControlAutomation@39b87a6b
11-16 15:05:10.468  1147  1798 D QolsysBackend: CCObserver:: notifyUpdate(): CCObserverHandler:qolib.hardware.qolsys.periodicjobs.WifiAPJob$SettingsTableChangeHandler@1adfd41b, registeredByWifiAPJob
11-16 15:05:10.469  1147  1798 D QolsysBackend: CCObserver:: onChange() Received Uri: content://com.qolsys.qolsysprovider.QolsysSettingsProvider/qolsyssettings/update/:{"eventName":"dbChanged","dbOperation":"update","uri":"content:\/\/com.qolsys.qolsysprovider.QolsysSettingsProvider\/qolsyssettings","tcc":13510,"selection":"name=?","selectionArgs":"[EXIT_BEEPS]","contentValues":{"name":"EXIT_BEEPS","value":"ON"}}
11-16 15:05:10.469  1147  1798 D QolsysBackend: CCObserver:: contentValues: {"name":"EXIT_BEEPS","value":"ON"}
11-16 15:05:10.469  1147  1798 D QolsysBackend: CCObserver:: notifyUpdate()  ccOberserHandlerList.size() : 11
11-16 15:05:10.469  1147  1798 D QolsysBackend: CCObserver:: notifyUpdate(): CCObserverHandler:qolib.hardware.qolsys.jobs.SecureSensorsSyncJob$SettingsTableChangeHandler@1beb3ef0, registeredByclass qolib.hardware.qolsys.jobs.SecureSensorsSyncJob
11-16 15:05:10.469  1147  1798 D QolsysBackend: SecureSensorsSynJob :: handleUpdate() called
11-16 15:05:10.469  1147  1798 D QolsysBackend: SecureSensorsSynJob :: handleUpdate() key:EXIT_BEEPS
11-16 15:05:10.469  1147  1798 D QolsysBackend: CCObserver:: notifyUpdate(): CCObserverHandler:qolib.hardware.qolsys.group.SensorFrameProcessor$QolsysSettingsTableChangeHandler@1176117a, registeredByclass qolib.hardware.qolsys.group.SensorFrameProcessor
11-16 15:05:10.469  1147  1798 D QolsysBackend: SensorFrameProcessor:: QolsysSettingsTableChangeHandler update() called
11-16 15:05:10.469  1147  1798 D QolsysBackend: CCObserver:: notifyUpdate(): CCObserverHandler:qolib.hardware.qolsys.periodicjobs.HistoryRecordsLimitationJob$SettingsTableChangeHandler@3f3b0e91, registeredByHistoryRecordsLimitationJob
11-16 15:05:10.469  1147  1798 D QolsysBackend: CCObserver:: notifyUpdate(): CCObserverHandler:qolib.hardware.qolsys.periodicjobs.TroubleBeepsJob$SettingsTableChangeHandler@3797fec9, registeredByqolib.hardware.qolsys.periodicjobs.TroubleBeepsJob$ScheduleTroubleBeepsRunnable@13cee9ce
11-16 15:05:10.469  1147  1798 D QolsysBackend: CCObserver:: notifyUpdate(): CCObserverHandler:qolib.hardware.qolsys.periodicjobs.IQMSJob$SettingsTableChangeHandler@2c513d66, registeredByclass qolib.hardware.qolsys.periodicjobs.IQMSJob
11-16 15:05:10.469  1147  1798 D QolsysBackend: CCObserver:: notifyUpdate(): CCObserverHandler:qolib.hardware.qolsys.jobs.FireSafetyTroubleBeepsJob$SettingsTableChangeHandler@19a3c9f2, registeredByclass qolib.hardware.qolsys.jobs.FireSafetyTroubleBeepsJob
11-16 15:05:10.469  1147  1798 D QolsysBackend: FireSafetyTroubleBeepsJob:: SettingsTable handleUpdate() called
11-16 15:05:10.469 11687 11706 D DTMF    : CCObserver:: contentValues: {"sub_type":" ","zone_rf_sensor":"Y","updated_date":"1510842151461","sensorid":"6500FA","sensorgroup":"mobileintrusion","battery_status":"Normal","zone_feature1":" ","updated_by":"","sensorstate":"0","frame_count":"0","shortID":"0","sensortts":"On","zone_feature2":"","_id":"147","zone_two_way_voice_enabled":"Y","zone_equipment_code":"1","created_by":"","time":"197258470","partition_id":"0","current_capability":"SecurityRF","zone_alarm_type":"0","allowdisarming":"1","created_date":"1510842151461","sensorname":"Key Fob 26","device_capability":"SecurityRF","sensorstatus":"Arm-Away","zoneid":"26","frame_id":"6500A","zone_type":"102","zone_reporting_enabled":"Y","signal_source":"G","chimetype":"None","frame_type":"2","powerg_manufacture_id":"0","sensortype":"KeyFob","diag_24hr":"3","zone_physical_type":"3","zone_supervised":"N"}
11-16 15:05:10.469  1147  1798 D QolsysBackend: FireSafetyTroubleBeepsJob:: SettingsTable handleUpdate() key : EXIT_BEEPS
11-16 15:05:10.470  1147  1798 D QolsysBackend: CCObserver:: notifyUpdate(): CCObserverHandler:qolib.hardware.qolsys.periodicjobs.SupervisoryCheckJob$SettingsTableChangeHandler@2e73cab5, registeredByqolib.hardware.qolsys.periodicjobs.SupervisoryCheckJob$ScheduleSupervisoryCheckRunnable@c0ea54a
11-16 15:05:10.470  1147  1798 D QolsysBackend: CCObserver:: notifyUpdate(): CCObserverHandler:qolib.hardware.qolsys.periodicjobs.BluetoothDisarm$SettingsTableChangeHandler@1f7a17f0, registeredByBluetoothDisarm
11-16 15:05:10.470  1147  1798 D QolsysBackend: CCObserver:: notifyUpdate(): CCObserverHandler:qolib.hardware.qolsys.util.HomeControlAutomation$SettingsTableChangeHandler@1313f29, registeredByqolib.hardware.qolsys.util.HomeControlAutomation@19fefff3
11-16 15:05:10.470  1147  1798 D QolsysBackend: CCObserver:: notifyUpdate(): CCObserverHandler:qolib.hardware.qolsys.util.HomeControlAutomation$SettingsTableChangeHandler@7e0aa61, registeredByqolib.hardware.qolsys.util.HomeControlAutomation@39b87a6b
11-16 15:05:10.470  1147  1798 D QolsysBackend: CCObserver:: notifyUpdate(): CCObserverHandler:qolib.hardware.qolsys.periodicjobs.WifiAPJob$SettingsTableChangeHandler@1adfd41b, registeredByWifiAPJob
11-16 15:05:10.470  1147  1798 D QolsysBackend: CCObserver:: onChange() Received Uri: content://com.qolsys.qolsysprovider.HistoryContentProvider/history/insert/:{"eventName":"dbChanged","dbOperation":"insert","uri":"content:\/\/com.qolsys.qolsysprovider.HistoryContentProvider\/history","tcc":757,"contentValues":{"device":"${Key Fob 26} (26)","events":"Arm-Away","ack":"","time":"1510844710401","type":""}}
11-16 15:05:10.470  1147  1167 V WindowManager: not Base app: Adding window Window{297759c u0 com.qolsys/com.qolsys.activites.Theme3HomeActivity} at 3 of 4
11-16 15:05:10.470  1147  1798 I QolsysBackend: JsonUtil:: getString() no value found corresponding to key: selection Exception : No value for selection
11-16 15:05:10.470  1147  1798 I QolsysBackend: JsonUtil:: getString() no value found corresponding to key: selectionArgs Exception : No value for selectionArgs
11-16 15:05:10.470  1147  1798 D QolsysBackend: CCObserver:: contentValues: {"device":"${Key Fob 26} (26)","events":"Arm-Away","ack":"","time":"1510844710401","type":""}
11-16 15:05:10.470  1147  1798 D QolsysBackend: CCObserver:: notifyInsert(): CCObserverHandler:qolib.hardware.qolsys.jobs.FireSafetyTroubleBeepsJob$HistoryTableChangeHandler@6a9a154, registeredByclass qolib.hardware.qolsys.jobs.FireSafetyTroubleBeepsJob
11-16 15:05:10.470  1147  1798 D QolsysBackend: FireSafetyTroubleBeepsJob:: HistoryTable handleInsert() called
11-16 15:05:10.471  1147  1798 V QolsysBackend: FireSafetyTroubleBeepsJob:: HistoryTable handleInsert() returning it is not a required event
11-16 15:05:10.471  1147  1798 D QolsysBackend: CCObserver:: onChange() Received Uri: content://com.qolsys.qolsysprovider.StateContentProvider/state/update/:{"eventName":"dbChanged","dbOperation":"update","uri":"content:\/\/com.qolsys.qolsysprovider.StateContentProvider\/state","tcc":1962,"selection":"name=?","selectionArgs":"[TO_BE_BYPASSABLE_SENSORS]","contentValues":{"extraparams":"{}","name":"TO_BE_BYPASSABLE_SENSORS","value":"{}"}}
11-16 15:05:10.471  1147  1798 D QolsysBackend: CCObserver:: contentValues: {"extraparams":"{}","name":"TO_BE_BYPASSABLE_SENSORS","value":"{}"}
11-16 15:05:10.471  1147  1798 D QolsysBackend: CCObserver:: notifyUpdate()  ccOberserHandlerList.size() : 6
11-16 15:05:10.471  1147  1798 D QolsysBackend: CCObserver:: notifyUpdate(): CCObserverHandler:qolib.hardware.qolsys.group.SensorFrameProcessor$StateTableChangeHandler@f4189a5, registeredByclass qolib.hardware.qolsys.group.SensorFrameProcessor
11-16 15:05:10.471  1147  1798 D QolsysBackend: SensorFrameProcessor:: StateTableChangeHandler update() called
11-16 15:05:10.471  1147  1798 D QolsysBackend: SensorFrameProcessor::  StateTableChangeHandler handleForInsertOrUpdate() key=TO_BE_BYPASSABLE_SENSORS
11-16 15:05:10.471  1147  1798 D QolsysBackend: CCObserver:: notifyUpdate(): CCObserverHandler:qolib.hardware.qolsys.jobs.PanelGlassBreakAlarmTestJob$StateTableChangeHandler@ea97ec0, registeredByandroid.app.ContextImpl@87034a
11-16 15:05:10.471  1147  1798 D QolsysBackend: PanelGlassBreakAlarmTestJob:: StateTableChangeHandler handleUpdate() called
11-16 15:05:10.471  1147  1798 D QolsysBackend: CCObserver:: notifyUpdate(): CCObserverHandler:qolib.hardware.qolsys.jobs.RemoteAutoLearn$StateTableChangesHandler@21afc59f, registeredByclass qolib.hardware.qolsys.jobs.RemoteAutoLearn
11-16 15:05:10.471  1147  1798 D QolsysBackend: RemoteAutoLearn:: StateTableChangesHandler handleUpdate() key : TO_BE_BYPASSABLE_SENSORS val : {}
11-16 15:05:10.471  1147  1798 D QolsysBackend: RemoteAutoLearn:: StateTableChangesHandler handleUpdate() return as key is not Add Sensor Flag.
11-16 15:05:10.471  1147  1798 D QolsysBackend: CCObserver:: notifyUpdate(): CCObserverHandler:qolib.hardware.qolsys.DataRecycler$StateTableChangesHandler@1e07c6ec, registeredByclass qolib.hardware.qolsys.DataRecycler
11-16 15:05:10.471  1147  1798 D QolsysBackend: DataRecycler:: StateTableChangesHandler handleUpdate() called
11-16 15:05:10.471  1147  1798 D QolsysBackend: DataRecycler:: handleUpdate() key : TO_BE_BYPASSABLE_SENSORS
11-16 15:05:10.471  1147  1798 D QolsysBackend: CCObserver:: notifyUpdate(): CCObserverHandler:qolib.hardware.qolsys.util.HomeControlAutomation$StateTableChangeHandler@3cebdc, registeredByqolib.hardware.qolsys.util.HomeControlAutomation@19fefff3
11-16 15:05:10.472  1147  1798 D QolsysBackend: CCObserver:: notifyUpdate(): CCObserverHandler:qolib.hardware.qolsys.util.HomeControlAutomation$StateTableChangeHandler@2758da74, registeredByqolib.hardware.qolsys.util.HomeControlAutomation@39b87a6b
11-16 15:05:10.472  1147  1798 D QolsysBackend: CCObserver:: onChange() Received Uri: content://com.qolsys.qolsysprovider.SensorContentProvider/sensor/update/:{"eventName":"dbChanged","dbOperation":"update","uri":"content:\/\/com.qolsys.qolsysprovider.SensorContentProvider\/sensor","tcc":1710,"selection":"zoneid=?","selectionArgs":"[26]","contentValues":{"sub_type":" ","zone_rf_sensor":"Y","updated_date":"1510842151461","sensorid":"6500FA","sensorgroup":"mobileintrusion","battery_status":"Normal","zone_feature1":" ","updated_by":"","sensorstate":"0","frame_count":"0","shortID":"0","sensortts":"On","zone_feature2":"","_id":"147","zone_two_way_voice_enabled":"Y","zone_equipment_code":"1","created_by":"","time":"197258470","partition_id":"0","current_capability":"SecurityRF","zone_alarm_type":"0","allowdisarming":"1","created_date":"1510842151461","sensorname":"Key Fob 26","device_capability":"SecurityRF","sensorstatus":"Arm-Away","zoneid":"26","frame_id":"6500A","zone_type":"102","zone_reporting_enabled":"Y","signal_source":"G","chimetype":"None","frame_type":"2","powerg_manufacture_id":"0","sensortype":"KeyFob","diag_24hr":"3","zone_physical_type":"3","zone_supervised":"N"}}
11-16 15:05:10.472  1147  1798 D QolsysBackend: CCObserver:: contentValues: {"sub_type":" ","zone_rf_sensor":"Y","updated_date":"1510842151461","sensorid":"6500FA","sensorgroup":"mobileintrusion","battery_status":"Normal","zone_feature1":" ","updated_by":"","sensorstate":"0","frame_count":"0","shortID":"0","sensortts":"On","zone_feature2":"","_id":"147","zone_two_way_voice_enabled":"Y","zone_equipment_code":"1","created_by":"","time":"197258470","partition_id":"0","current_capability":"SecurityRF","zone_alarm_type":"0","allowdisarming":"1","created_date":"1510842151461","sensorname":"Key Fob 26","device_capability":"SecurityRF","sensorstatus":"Arm-Away","zoneid":"26","frame_id":"6500A","zone_type":"102","zone_reporting_enabled":"Y","signal_source":"G","chimetype":"None","frame_type":"2","powerg_manufacture_id":"0","sensortype":"KeyFob","diag_24hr":"3","zone_physical_type":"3","zone_supervised":"N"}
11-16 15:05:10.473 11637 11637 D QolsysApp: T3CDialogFragment:: onCreateDialog() onResume : true
11-16 15:05:10.473  1147  1798 D QolsysBackend: CCObserver:: notifyUpdate()  ccOberserHandlerList.size() : 3
11-16 15:05:10.473  1147  1798 D QolsysBackend: CCObserver:: notifyUpdate(): CCObserverHandler:qolib.hardware.qolsys.jobs.FireSafetyTroubleBeepsJob$SensorChangeTableChangeHandler@205978fd, registeredByclass qolib.hardware.qolsys.jobs.FireSafetyTroubleBeepsJob
11-16 15:05:10.473  1147  1798 D QolsysBackend: FireSafetyTroubleBeepsJob:: SensorTable handleUpdate() called
11-16 15:05:10.473 11637 11637 I QolsysApp: CCObserver:: isHandlerExistInList() handler exist for URIcontent://com.qolsys.qolsysprovider.StateContentProvider/state, CCObserverHandler:com.qolsys.activites.Theme3HomeActivity$StateTableChangeHandler@2b192080, registeredBycom.qolsys.activites.Theme3HomeActivity@f07f6f
11-16 15:05:10.473 11637 11637 D QolsysApp: CCObserver:: handler exists in the list
11-16 15:05:10.473 11637 11637 I QolsysApp: CCObserver:: isHandlerExistInList() handler exist for URIcontent://com.qolsys.qolsysprovider.StateContentProvider/state, CCObserverHandler:com.qolsys.gallery.UserInactivityService$StateTableChangeHandler@355d34e3, registeredBycom.qolsys.gallery.UserInactivityService@1ca32b47
11-16 15:05:10.473 11637 11637 D QolsysApp: CCObserver:: handler exists in the list
11-16 15:05:10.473 11637 11637 I QolsysApp: CCObserver:: isHandlerExistInList() handler exist for URIcontent://com.qolsys.qolsysprovider.SensorContentProvider/sensor, CCObserverHandler:com.qolsys.activites.Theme3HomeActivity$SensorTableChangeHandler@2fb76afe, registeredBycom.qolsys.activites.Theme3HomeActivity@f07f6f
11-16 15:05:10.473 11637 11637 D QolsysApp: CCObserver:: handler exists in the list
11-16 15:05:10.473 11637 11637 D QolsysApp: Theme3HomeActivity::  handleUpdate() : called
11-16 15:05:10.473  1702  7794 D QolsysProvider: BaseProvider:: query() uri : content://com.qolsys.qolsysprovider.SensorContentProvider/sensor Selection: sensortype in (?, ?, ?)
11-16 15:05:10.473 11637 11637 I QolsysApp: CCObserver:: isHandlerExistInList() handler exist for URIcontent://com.qolsys.qolsysprovider.SensorContentProvider/sensor, CCObserverHandler:com.qolsys.theme3.T3HomeFragment$SensorTableChangeHandler@10037d0e, registeredByT3HomeFragment{ddda9f8 #0 id=0x7f0c04e0}
11-16 15:05:10.473 11637 11637 D QolsysApp: CCObserver:: handler exists in the list
11-16 15:05:10.473 11637 11637 D QolsysApp: T3HomeFragment:: SensorTableChangeHandler handleUpdate() is called
11-16 15:05:10.474  1702  7794 D QolsysProvider: BaseProvider:: query() completed
11-16 15:05:10.474  1702  2544 D QolsysProvider: BaseProvider:: query() uri : content://com.qolsys.qolsysprovider.SensorContentProvider/sensor Selection: sensorstatus in (?, ?, ?, ?) OR sensorstate!=?
11-16 15:05:10.474  1702  2544 D QolsysProvider: BaseProvider:: query() completed
11-16 15:05:10.480 11637 11637 D QolsysApp: CPBaseDAOImpl:: read() arrayList count 0
11-16 15:05:10.482  1147  1798 D QolsysBackend: BaseDAO:: populateData Called
11-16 15:05:10.483  1147  1798 D QolsysBackend: BaseDAO:: populateData Called
11-16 15:05:10.486  1147  1798 D QolsysBackend: CPBaseDAOImpl:: read() arrayList count 2
11-16 15:05:10.486  1147  1798 D QolsysBackend: FireSafetyTroubleBeepsJob:: SensorTable handleUpdate() zoneId :  14 sensorStatus : Normal batteryStatus : Normal
11-16 15:05:10.486  1147  1798 D QolsysBackend: FireSafetyTroubleBeepsJob:: SensorTable handleUpdate() remove zoneId from set zoneId :  14
11-16 15:05:10.488  1147  1798 D QolsysBackend: FireSafetyTroubleBeepsJob:: SensorTable handleUpdate() zoneId :  24 sensorStatus : Normal batteryStatus : Normal
11-16 15:05:10.488  1147  1798 D QolsysBackend: FireSafetyTroubleBeepsJob:: SensorTable handleUpdate() remove zoneId from set zoneId :  24
11-16 15:05:10.488  1147  1798 D QolsysBackend: FireSafetyTroubleBeepsJob:: SensorTable handleUpdate() Stoping the Job isfireSafetyTroubleBeepsEnabled: false eventList Size:0 allalertsCount:0
11-16 15:05:10.488  1147  1798 D QolsysBackend: FireSafetyTroubleBeepsJob:: stopJob() called
11-16 15:05:10.488  1147  1798 D QolsysBackend: FireSafetyTroubleBeepsJob:: isFireSafetyJobStarted() called isFireSafetyTroubleBeepsJobStarted? false
11-16 15:05:10.488  1147  1798 D QolsysBackend: FireSafetyTroubleBeepsJob:: stopJob() return as Job is not started
11-16 15:05:10.488  1147  1798 D QolsysBackend: CCObserver:: notifyUpdate(): CCObserverHandler:qolib.hardware.qolsys.util.HomeControlAutomation$SensorTableChangeHandler@33a1b262, registeredByqolib.hardware.qolsys.util.HomeControlAutomation@19fefff3
11-16 15:05:10.488  1147  1798 D QolsysBackend: HomeControlAutomation:: Sensor Handle Update sub_type=  zone_rf_sensor=Y updated_date=1510842151461 sensorid=6500FA sensorgroup=mobileintrusion battery_status=Normal zone_feature1=  updated_by= sensorstate=0 shortID=0 frame_count=0 zone_feature2= sensortts=On _id=147 zone_two_way_voice_enabled=Y zone_equipment_code=1 created_by= time=197258470 partition_id=0 current_capability=SecurityRF zone_alarm_type=0 allowdisarming=1 created_date=1510842151461 sensorname=Key Fob 26 device_capability=SecurityRF sensorstatus=Arm-Away frame_id=6500A zoneid=26 signal_source=G zone_reporting_enabled=Y zone_type=102 powerg_manufacture_id=0 frame_type=2 chimetype=None diag_24hr=3 sensortype=KeyFob zone_physical_type=3 zone_supervised=N
11-16 15:05:10.489  1702  5157 D QolsysProvider: BaseProvider:: query() uri : content://com.qolsys.qolsysprovider.HomeAutomationEventsContentProvider/home_automation_event Selection: event_id = ?
11-16 15:05:10.489  1702  5157 D QolsysProvider: BaseProvider:: query() completed
11-16 15:05:10.493  1147  1798 D QolsysBackend: CCObserver:: notifyUpdate(): CCObserverHandler:qolib.hardware.qolsys.util.HomeControlAutomation$SensorTableChangeHandler@bf32bba, registeredByqolib.hardware.qolsys.util.HomeControlAutomation@39b87a6b
11-16 15:05:10.493  1147  1798 D QolsysBackend: HomeControlAutomation:: Sensor Handle Update sub_type=  zone_rf_sensor=Y updated_date=1510842151461 sensorid=6500FA sensorgroup=mobileintrusion battery_status=Normal zone_feature1=  updated_by= sensorstate=0 shortID=0 frame_count=0 zone_feature2= sensortts=On _id=147 zone_two_way_voice_enabled=Y zone_equipment_code=1 created_by= time=197258470 partition_id=0 current_capability=SecurityRF zone_alarm_type=0 allowdisarming=1 created_date=1510842151461 sensorname=Key Fob 26 device_capability=SecurityRF sensorstatus=Arm-Away frame_id=6500A zoneid=26 signal_source=G zone_reporting_enabled=Y zone_type=102 powerg_manufacture_id=0 frame_type=2 chimetype=None diag_24hr=3 sensortype=KeyFob zone_physical_type=3 zone_supervised=N
11-16 15:05:10.494  1702  4679 D QolsysProvider: BaseProvider:: query() uri : content://com.qolsys.qolsysprovider.HomeAutomationEventsContentProvider/home_automation_event Selection: event_id = ?
11-16 15:05:10.494  1702  4679 D QolsysProvider: BaseProvider:: query() completed
11-16 15:05:10.505 11637 11637 D QolsysApp: CPAdapter:: startUpdate() called.
11-16 15:05:10.505 11637 11637 D QolsysApp: CPAdapter:: finishUpdate() called
11-16 15:05:10.505 11637 11637 D QolsysApp: CPAdapter:: startUpdate() called.
11-16 15:05:10.505 11637 11637 D QolsysApp: CPAdapter:: finishUpdate() called
11-16 15:05:10.535  1961  1961 D ADCService: Calling QolSysServiceManager::getZoneType, zoneID = 26
11-16 15:05:10.535  1961  1961 D ADCService: Calling QOLSYS_TRANSACTION_getZoneType, zoneID = 26
11-16 15:05:10.536  1147  2441 D QolsysBackend: AdcServiceCall:: getZoneType() zoneID=26
11-16 15:05:10.536  1147  2441 D QolsysBackend: SensorAPI:: isRFSensorZoneIdValid() zoneID: 26
11-16 15:05:10.536  1702 26792 D QolsysProvider: BaseProvider:: query() uri : content://com.qolsys.qolsysprovider.SensorContentProvider/sensor Selection: zoneid=?
11-16 15:05:10.537  1702 26792 D QolsysProvider: BaseProvider:: query() completed
11-16 15:05:10.539  1147  2441 D QolsysBackend: BaseDAO:: populateData Called
11-16 15:05:10.539  1147  2441 D QolsysBackend: CPBaseDAOImpl:: read() arrayList count 1
11-16 15:05:10.540  1961  1961 D ADCService: getZoneType returned 102
11-16 15:05:10.540  1961  1961 I ADCService: **********************************************************************
11-16 15:05:10.540  1961  1961 I ADCService: *******  ArmingLevelChange: Level: 3, adc_device_class: 2, User: 26, normal_closing_ack: 1
11-16 15:05:10.540  1961  1961 I ADCService: *** SendKeyfobPadArmingChange 3, 2, 26, 0, 2, 0
11-16 15:05:10.540  1961  1961 I ADCService: DC: 2, DI: 26, par: 0, Ev: 4 subEv: 0. AT: 2, code: 0, repId: 26
11-16 15:05:10.540  1961  1961 D ADCService: SendEncodedMessageEx(): count = 15, priority = 11, type = 0
11-16 15:05:10.540  1961  1961 D ADCService: PriorityAttributes returned pipe (0x12, SEND) for type/priority(0, 11)
11-16 15:05:10.540  1961  1961 D ADCService:  rule  try execute type 10, subtype 11, value 16, extra 6905a665a0211a030004001a00000085
11-16 15:05:10.540  1961  1961 D ADCService: PushLongMessageEx: Calling send next text message.
11-16 15:05:10.540  1961  1961 D ADCService: (SendNextPendingTextMsg) start
11-16 15:05:10.540  1961  1961 D ADCService: (c_tcp_record_available) start: type = 1, pipe = 0
11-16 15:05:10.540  1961  1961 D ADCService: (c_tcp_record_available) start: type = 2, pipe = 3
11-16 15:05:10.540  1961  1961 D ADCService: Calling ISubServiceManager::getDefaultSubId
11-16 15:05:10.540  1961  1961 D ADCService: Calling ISubServiceManager::getSimStateForSubscriber
11-16 15:05:10.541  1961  1961 D ADCService: (SendNextPendingTextMsg) Not packaging up alohas.
11-16 15:05:10.541  1961  1961 I ADCService: (CLP_TransmitMessageEx) msgLen = 16, ack_it = 1, pipe = 0x12, stack_ack = 0, tryNumber = 0
11-16 15:05:10.541  1961  1961 D ADCService: (c_tcp_record_available) start: type = 2, pipe = 3
11-16 15:05:10.541  1961  1961 D ADCService: (c_tcp_new_record) Writing new record: pipe = 0x12
11-16 15:05:10.541  1961  1961 D ADCService: set ack 5 (0)
11-16 15:05:10.541  1961  1961 D ADCService: SendEncodedMessageEx(): push function returned 1
11-16 15:05:10.541  1961  1961 D ADCService:  rule  try execute type 6, subtype 1, value 3, extra 1a000201
11-16 15:05:10.541  1961  1961 D ADCService:  rule  try execute type 11, subtype 1, value 2, extra 1a00000001000000
11-16 15:05:10.604   228  1413 D audio_hw_primary: out_set_parameters: enter: usecase(0: deep-buffer-playback) kvpairs: routing=2
11-16 15:05:10.604   228  1413 D audio_hw_extn: audio_extn_set_anc_parameters: anc_enabled:0
11-16 15:05:10.641  1961  1961 D ADCService: (ip_check_outgoing_queue) Pending outgoing message found: size = 16, flags = 6, ack = 5, pipe = 18, try_pipe = 2
11-16 15:05:10.641  1961  1961 I ADCService: Cell channel available
11-16 15:05:10.641  1961  1961 I ADCService: Ethernet channel available
11-16 15:05:10.641  1961  1961 D ADCService: (c_encrypt_and_send_message) start
11-16 15:05:10.642  1961  1961 D ADCService: ETH HEX (OUT): 0x25 bytes
11-16 15:05:10.642  1961  1961 D ADCService: (ip_check_outgoing_queue) wait for ack
11-16 15:05:10.854  1961  1961 D ADCService: (ip_check_outgoing_queue) Waiting for ack.
11-16 15:05:10.868   244   419 I ThermalEngine: Sensor:pa_therm0:37000 mC
11-16 15:05:10.965  1961  1961 D ADCService: (SendNextPendingTextMsg) start
11-16 15:05:10.965  1961  1961 D ADCService: (c_tcp_record_available) start: type = 1, pipe = 0
11-16 15:05:10.965  1961  1961 D ADCService: (c_tcp_record_available) start: type = 2, pipe = 3
11-16 15:05:10.965  1961  1961 D ADCService: Calling ISubServiceManager::getDefaultSubId
11-16 15:05:10.967  1961  1961 D ADCService: Calling ISubServiceManager::getSimStateForSubscriber
11-16 15:05:10.968  1961  1961 D ADCService: (SendNextPendingTextMsg) Message in progress.  Not looking for something new.
11-16 15:05:10.982  1961  1961 D ADCService: Calling QolSysServiceManager::getArmingLevel(partitionID), partitionID = 0
11-16 15:05:10.982  1961  1961 D ADCService: Calling QOLSYS_TRANSACTION_getArmingLevel, partitionID=0
11-16 15:05:10.983  1147  1432 D QolsysBackend: AdcServiceCall:: getArmingLevel() partitionID=0
11-16 15:05:10.983  1702  5399 D QolsysProvider: BaseProvider:: query() uri : content://com.qolsys.qolsysprovider.QolsysSettingsProvider/qolsyssettings Selection: name=?
11-16 15:05:10.984  1702  5399 D QolsysProvider: BaseProvider:: query() completed
11-16 15:05:10.985  1147  1432 D QolsysBackend: BaseDAO:: populateData Called
11-16 15:05:10.986  1147  1432 D QolsysBackend: CPBaseDAOImpl:: read() arrayList count 1
11-16 15:05:10.986  1961  1961 I ADCService: Status:  ARMEDAWAY
11-16 15:05:11.086  1961  1961 D ADCService: (ip_check_outgoing_queue) Waiting for ack.
