10-10 13:07:45.427  1095  1976 D QolsysPss: FireSafetyTroubleBeepsJob:: SettingsTable handleUpdate() called
10-10 13:07:45.427  1095  1976 D QolsysPss: FireSafetyTroubleBeepsJob:: SettingsTable handleUpdate() key : SYSTEM_LOGGED_IN_USER
10-10 13:07:45.427  1095  1976 D QolsysPss: CCObserver:: notifyUpdate(): CCObserverHandler:qolib.hardware.qolsys.periodicjobs.UploadRemoteLogsJob$SettingsTableChangeHandler@1f75f300, registeredByUploadRemoteLogsJob
10-10 13:07:45.427  1095  1976 D QolsysPss: UploadRemoteLogsJob:: key is SYSTEM_LOGGED_IN_USER value is
10-10 13:07:45.427  1095  1976 D QolsysPss: CCObserver:: notifyUpdate(): CCObserverHandler:qolib.hardware.qolsys.periodicjobs.SupervisoryCheckJob$SettingsTableChangeHandler@2adcf6df, registeredByqolib.hardware.qolsys.periodicjobs.SupervisoryCheckJob$ScheduleSupervisoryCheckRunnable@22c73f2c
10-10 13:07:45.427  1095  1976 D QolsysPss: CCObserver:: notifyUpdate(): CCObserverHandler:qolib.hardware.qolsys.periodicjobs.GoogleAuthInitJob$SettingsTableChangeListener@c1d7df5, registeredByGoogleAuthInitJob
10-10 13:07:45.427  1095  1976 D QolsysPss: GoogleAuthInitJob:: settingsKey : SYSTEM_LOGGED_IN_USER settingsVal :
10-10 13:07:45.428  1095  1976 D QolsysPss: CCObserver:: notifyUpdate(): CCObserverHandler:qolib.hardware.qolsys.periodicjobs.BluetoothDisarm$SettingsTableChangeHandler@3122fc7, registeredByBluetoothDisarm
10-10 13:07:45.428  1095  1976 D QolsysPss: CCObserver:: notifyUpdate(): CCObserverHandler:qolib.hardware.qolsys.util.HomeControlAutomation$SettingsTableChangeHandler@13211ad1, registeredByqolib.hardware.qolsys.util.HomeControlAutomation@3408f95b
10-10 13:07:45.428  1095  1976 D QolsysPss: CCObserver:: notifyUpdate(): CCObserverHandler:qolib.hardware.qolsys.proxyapi.ProxyDeviceEventListener$SettingsContentChangeHandler@58bbee, registeredBynull
10-10 13:07:45.428  1095  1976 D QolsysPss: ProxyDeviceEventListener:: name=SYSTEM_LOGGED_IN_USER value= partition_id=0
10-10 13:07:45.428  2058  2058 D ADCService: (ip_check_outgoing_queue) Waiting for ack.
10-10 13:07:45.428  2058  2058 D ADCService: ETH HEX (IN): 0x7 bytes
10-10 13:07:45.433  7065  7065 D QolsysApp: T3CDialog:: resizeDialog() actual device width:1280 height:736
10-10 13:07:45.433  7065  7065 D QolsysApp: T3CDialog:: resizeDialog() required childView width:1000 height:550
10-10 13:07:45.433  7065  7065 D QolsysApp: T3CDialog:: resizeDialog() calculated childView width:1000 height:550
10-10 13:07:45.433  7065  7065 D QolsysApp: T3CDialog:: resizeDialog() actual device width:1280 height:736
10-10 13:07:45.433  7065  7065 D QolsysApp: T3CDialog:: resizeDialog() required childView width:500 height:610
10-10 13:07:45.433  7065  7065 D QolsysApp: T3CDialog:: resizeDialog() calculated childView width:500 height:610
10-10 13:07:45.433  7065  7065 D QolsysApp: T3DialogManager:: showDialogWithLevel() started with DialogLevel: L1 ordinal : 0 stack.size() : 0
10-10 13:07:45.433  7065  7065 I QolsysApp: TraySlidingMenu:: closeForceFully() called
10-10 13:07:45.433  7065  7065 D QolsysApp: UiRedBannerManager:: handleAlarmAndDelays() returning as delay is showing
10-10 13:07:45.434  7065  7065 I QolsysApp: CCObserver:: isHandlerExistInList() handler exist for URIcontent://com.qolsys.qolsysprovider.StateContentProvider/state, CCObserverHandler:com.qolsys.activites.Theme3HomeActivity$StateTableChangeHandler@23a0a951, registeredBycom.qolsys.activites.Theme3HomeActivity@329f493a
10-10 13:07:45.434  7065  7065 D QolsysApp: CCObserver:: handler exists in the list
10-10 13:07:45.434  7065  7065 D QolsysApp: Theme3HomeActivity:: handleForInsertOrUpdate() key : PRIMARY_PANEL_LOGIN_PARTITIONS value: None partitionID: 0
10-10 13:07:45.434  7065  7065 I QolsysApp: CCObserver:: isHandlerExistInList() handler exist for URIcontent://com.qolsys.qolsysprovider.QolsysSettingsProvider/qolsyssettings, CCObserverHandler:com.qolsys.activites.Theme3HomeActivity$SettingsTableChangeHandler@2fd0ce78, registeredBycom.qolsys.activites.Theme3HomeActivity@329f493a
10-10 13:07:45.435  7065  7065 D QolsysApp: CCObserver:: handler exists in the list
10-10 13:07:45.435  7065  7065 D QolsysApp: Theme3HomeActivity:: handleUpdate() curVisibleFrag=DoublePagerFragment{2d261019 #2 id=0x7f0c005e}key : SYSTEM_LOGGED_IN_USER value :
10-10 13:07:45.435  7065  7065 I QolsysApp: CCObserver:: isHandlerExistInList() handler exist for URIcontent://com.qolsys.qolsysprovider.QolsysSettingsProvider/qolsyssettings, CCObserverHandler:com.qolsys.ipcamera.DoorbellPressReceiver$SettingsTableChangeHandler@3b74f2, registeredBycom.qolsys.ipcamera.DoorbellPressReceiver@1c1eb743
10-10 13:07:45.435  7065  7065 D QolsysApp: CCObserver:: handler exists in the list
10-10 13:07:45.435  7065  7065 I QolsysApp: CCObserver:: isHandlerExistInList() handler exist for URIcontent://com.qolsys.qolsysprovider.QolsysSettingsProvider/qolsyssettings, CCObserverHandler:com.qolsys.theme3.T3HeaderFragment$SettingsTableChangeHandler@2db21b5, registeredByT3HeaderFragment{290b04a #0 id=0x7f0c005d}
10-10 13:07:45.435  7065  7065 D QolsysApp: CCObserver:: handler exists in the list
10-10 13:07:45.435  7065  7065 I QolsysApp: CCObserver:: isHandlerExistInList() handler exist for URIcontent://com.qolsys.qolsysprovider.QolsysSettingsProvider/qolsyssettings, CCObserverHandler:com.qolsys.theme3.T3FooterFragment$SettingsTableChangeHandler@37318716, registeredByclass com.qolsys.theme3.T3FooterFragment
10-10 13:07:45.435  7065  7065 D QolsysApp: CCObserver:: handler exists in the list
10-10 13:07:45.435  7065  7065 D QolsysApp: FooterFragment:: handleUpdate() key : SYSTEM_LOGGED_IN_USER value :
10-10 13:07:45.435  7065  7065 I QolsysApp: CCObserver:: isHandlerExistInList() handler exist for URIcontent://com.qolsys.qolsysprovider.QolsysSettingsProvider/qolsyssettings, CCObserverHandler:com.qolsys.systemsettings.wifi.MyHomeWifiHandler$SettingsTableChangeHandler@2d49d368, registeredBycom.qolsys.systemsettings.wifi.MyHomeWifiHandler@3148e381
10-10 13:07:45.435  7065  7065 D QolsysApp: CCObserver:: handler exists in the list
10-10 13:07:45.436  7065  7065 I QolsysApp: CCObserver:: isHandlerExistInList() handler exist for URIcontent://com.qolsys.qolsysprovider.QolsysSettingsProvider/qolsyssettings, CCObserverHandler:com.qolsys.stateadapter.FSPAHealthTestFragment$SettingsTableChangeHandler@1d3f0067, registeredByFSPAHealthTestFragment{1c9cbe14 #0 id=0x7f0c059a android:switcher:2131494298:0}
10-10 13:07:45.436  7065  7065 D QolsysApp: CCObserver:: handler exists in the list
10-10 13:07:45.436  7065  7065 D QolsysApp: FSPAHealthTestFragment:: key : SYSTEM_LOGGED_IN_USER value :
10-10 13:07:45.436  7065  7065 I QolsysApp: CCObserver:: isHandlerExistInList() handler exist for URIcontent://com.qolsys.qolsysprovider.QolsysSettingsProvider/qolsyssettings, CCObserverHandler:com.qolsys.theme3.T3HomeFragment$QolsysSettingsChangeHandler@1f54287b, registeredByT3HomeFragment{34b7880a #0 id=0x7f0c059a android:switcher:2131494298:0}
10-10 13:07:45.436  7065  7065 D QolsysApp: CCObserver:: handler exists in the list
10-10 13:07:45.436  7065  7065 D QolsysApp: T3HomeFragment:: T3Home handleUpdate() called
10-10 13:07:45.436  7065  7065 D QolsysApp: T3HomeFragment:: T3Home handleForInsertOrUpdate() called
10-10 13:07:45.436  7065  7065 I QolsysApp: CCObserver:: isHandlerExistInList() handler exist for URIcontent://com.qolsys.qolsysprovider.QolsysSettingsProvider/qolsyssettings, CCObserverHandler:com.qolsys.theme3.T3HomeFragment$QolsysSettingsChangeHandler@87feb1a, registeredByT3HomeFragment{158a45c5 #0 id=0x7f0c059a android:switcher:2131494298:0}
10-10 13:07:45.436  7065  7065 D QolsysApp: CCObserver:: handler exists in the list
10-10 13:07:45.436  7065  7065 D QolsysApp: T3HomeFragment:: T3Home handleUpdate() called
10-10 13:07:45.436  7065  7065 D QolsysApp: T3HomeFragment:: T3Home handleForInsertOrUpdate() called
10-10 13:07:45.437  7065  7065 I QolsysApp: CCObserver:: isHandlerExistInList() handler exist for URIcontent://com.qolsys.qolsysprovider.QolsysSettingsProvider/qolsyssettings, CCObserverHandler:com.qolsys.systemsettings.wifi.MyHomeWifiHandler$SettingsTableChangeHandler@30b94eca, registeredBycom.qolsys.systemsettings.wifi.MyHomeWifiHandler@2f24483b
10-10 13:07:45.437  7065  7065 D QolsysApp: CCObserver:: handler exists in the list
10-10 13:07:45.437  7065  7065 I QolsysApp: CCObserver:: isHandlerExistInList() handler exist for URIcontent://com.qolsys.qolsysprovider.QolsysSettingsProvider/qolsyssettings, CCObserverHandler:com.qolsys.stateadapter.FSPAHealthTestFragment$SettingsTableChangeHandler@288734b1, registeredByFSPAHealthTestFragment{25858d96 #0 id=0x7f0c059a android:switcher:2131494298:0}
10-10 13:07:45.437  7065  7065 D QolsysApp: CCObserver:: handler exists in the list
10-10 13:07:45.437  7065  7065 D QolsysApp: FSPAHealthTestFragment:: key : SYSTEM_LOGGED_IN_USER value :
10-10 13:07:45.437  7065  7065 D QolsysApp: T3CDialogFragment:: onCreateDialog() started : 1570738065437
10-10 13:07:45.441  1095  5645 V WindowManager: not Base app: Adding window Window{24cd553f u0 com.qolsys/com.qolsys.activites.Theme3HomeActivity} at 2 of 2
10-10 13:07:45.445  7065  7065 D QolsysApp: T3CDialogFragment:: onCreateDialog() onResume : true
10-10 13:07:45.449  7065  7065 D QolsysApp: Utils:: takeWakeLock() called
10-10 13:07:45.449  1662 31971 D QolsysProvider: BaseProvider:: query() uri : content://com.qolsys.qolsysprovider.QolsysSettingsProvider/qolsyssettings Selection: name=?
10-10 13:07:45.450  1662 31971 D QolsysProvider: BaseProvider:: query() completed
10-10 13:07:45.454  7065  7065 D QolsysApp: CPBaseDAOImpl:: read() arrayList count 1
10-10 13:07:45.454  1662  1694 D QolsysProvider: BaseProvider:: update() uri : content://com.qolsys.qolsysprovider.QolsysSettingsProvider/qolsyssettings Selection: name=?
10-10 13:07:45.459  2058  2058 D ADCService: (c_tcp_new_record) Writing new record: pipe = 0x02
10-10 13:07:45.460  2058  2058 D ADCService: (c_tcp_record_available) start: type = 1, pipe = 0
10-10 13:07:45.460  2058  2058 D ADCService: (c_tcp_record_available) start: type = 2, pipe = 3
10-10 13:07:45.461  2058  2058 I ADCService: Message in progress.
10-10 13:07:45.461  2058  2058 D ADCService: ProcessIPCmd ack command type: msgSource = 2
10-10 13:07:45.461  2058  2058 D ADCService: Got eth ack! (104)
10-10 13:07:45.461  2058  2058 D ADCService: (c_tcp_record_available) start: type = 1, pipe = 0
10-10 13:07:45.461  2058  2058 D ADCService: (SendNextPendingTextMsg) start
10-10 13:07:45.461  2058  2058 I ADCService: (SendNextPendingTextMsg) No more pending messages
10-10 13:07:45.461  2058  2058 D ADCService:  rule  try execute type 7, subtype 80, value 4, extra 500668c2
10-10 13:07:45.466  1662  1694 D QolsysProvider: BaseProvider:: update() changedUri : content://com.qolsys.qolsysprovider.QolsysSettingsProvider/qolsyssettings/update/:{"eventName":"dbChanged","dbOperation":"update","uri":"content:\/\/com.qolsys.qolsysprovider.QolsysSettingsProvider\/qolsyssettings","tcc":1028,"selection":"name=?","selectionArgs":"[WAKE_LOCK_STATE]","contentValues":{"name":"WAKE_LOCK_STATE","partition_id":"0","value":"1"}}
10-10 13:07:45.466  1662  1694 D QolsysProvider: MasterSlaveAPI:: informDBUpdateEvent() started
10-10 13:07:45.466  1662  1694 D QolsysProvider: IQMasterClient:: sendMessage() called
10-10 13:07:45.466  1662  1694 D QolsysProvider: IQMasterClient:: sendMessage() reqObj length: 7
10-10 13:07:45.467  1662  1694 I QolsysProvider: IQMasterClient:: messageHandlingTask() **********received message: {"eventName":"dbChanged","dbOperation":"update","uri":"content:\/\/com.qolsys.qolsysprovider.QolsysSettingsProvider\/qolsyssettings","changedUri":"content:\/\/com.qolsys.qolsysprovider.QolsysSettingsProvider\/qolsyssettings\/update\/:{\"eventName\":\"dbChanged\",\"dbOperation\":\"update\",\"uri\":\"content:\\\/\\\/com.qolsys.qolsysprovider.QolsysSettingsProvider\\\/qolsyssettings\",\"tcc\":1028,\"selection\":\"name=?\",\"selectionArgs\":\"[WAKE_LOCK_STATE]\",\"contentValues\":{\"name\":\"WAKE_LOCK_STATE\",\"partition_id\":\"0\",\"value\":\"1\"}}","selection":"name=?","selectionArgs":"[WAKE_LOCK_STATE]","contentValues":{"name":"WAKE_LOCK_STATE","partition_id":"0","value":"1"}}
10-10 13:07:45.467  1662  1694 I QolsysProvider: IQMasterClient:: publish() reqObj len: 684
10-10 13:07:45.467  1662  1694 I QolsysProvider: IQMasterClient:: publish() Publishing to topic "iq2meid" qos 0
10-10 13:07:45.467  1662  1694 I QolsysProvider: IQMasterClient:: publish() requestString is: {"eventName":"dbChanged","dbOperation":"update","uri":"content:\/\/com.qolsys.qolsysprovider.QolsysSettingsProvider\/qolsyssettings","changedUri":"content:\/\/com.qolsys.qolsysprovider.QolsysSettingsProvider\/qolsyssettings\/update\/:{\"eventName\":\"dbChanged\",\"dbOperation\":\"update\",\"uri\":\"content:\\\/\\\/com.qolsys.qolsysprovider.QolsysSettingsProvider\\\/qolsyssettings\",\"tcc\":1028,\"selection\":\"name=?\",\"selectionArgs\":\"[WAKE_LOCK_STATE]\",\"contentValues\":{\"name\":\"WAKE_LOCK_STATE\",\"partition_id\":\"0\",\"value\":\"1\"}}","selection":"name=?","selectionArgs":"[WAKE_LOCK_STATE]","contentValues":{"name":"WAKE_LOCK_STATE","partition_id":"0","value":"1"}}
10-10 13:07:45.468  1662  1694 D QolsysProvider: IQMasterClient:: sendMessage() message sent to broker with topic: iq2meid
10-10 13:07:45.468  1662  1694 D QolsysProvider: BaseProvider:: update() completed rowsUpdated: 1
10-10 13:07:45.468  1662  3796 I QolsysProvider: IQMasterClient:: delivery complete
10-10 13:07:45.468  2397  2441 D Qolsys  : CCObserver:: onChange() Received Uri: content://com.qolsys.qolsysprovider.QolsysSettingsProvider/qolsyssettings/update/:{"eventName":"dbChanged","dbOperation":"update","uri":"content:\/\/com.qolsys.qolsysprovider.QolsysSettingsProvider\/qolsyssettings","tcc":1028,"selection":"name=?","selectionArgs":"[WAKE_LOCK_STATE]","contentValues":{"name":"WAKE_LOCK_STATE","partition_id":"0","value":"1"}}
10-10 13:07:45.469  1095  1976 D QolsysPss: CCObserver:: onChange() Received Uri: content://com.qolsys.qolsysprovider.QolsysSettingsProvider/qolsyssettings/update/:{"eventName":"dbChanged","dbOperation":"update","uri":"content:\/\/com.qolsys.qolsysprovider.QolsysSettingsProvider\/qolsyssettings","tcc":1028,"selection":"name=?","selectionArgs":"[WAKE_LOCK_STATE]","contentValues":{"name":"WAKE_LOCK_STATE","partition_id":"0","value":"1"}}
10-10 13:07:45.469  2397  2441 D Qolsys  : CCObserver:: contentValues: {"name":"WAKE_LOCK_STATE","partition_id":"0","value":"1"}
10-10 13:07:45.469  1095  1976 D QolsysPss: CCObserver:: contentValues: {"name":"WAKE_LOCK_STATE","partition_id":"0","value":"1"}
10-10 13:07:45.469  1095  1976 D QolsysPss: CCObserver:: notifyUpdate()  ccOberserHandlerList.size() : 21
10-10 13:07:45.469  1095  1976 D QolsysPss: CCObserver:: notifyUpdate(): CCObserverHandler:qolib.hardware.qolsys.jobs.SecureSensorsSyncJob$SettingsTableChangeHandler@3e5cae04, registeredByclass qolib.hardware.qolsys.jobs.SecureSensorsSyncJob
10-10 13:07:45.469  1095  1976 D QolsysPss: SecureSensorsSynJob :: handleUpdate() called
10-10 13:07:45.469  1095  1976 D QolsysPss: SecureSensorsSynJob :: handleUpdate() key:WAKE_LOCK_STATE
10-10 13:07:45.469  1095  1976 D QolsysPss: CCObserver:: notifyUpdate(): CCObserverHandler:qolib.hardware.qolsys.api.PowerGCameraAPI$SettingsTableChangeHandler@25937fed, registeredByandroid.app.ContextImpl@38676816
10-10 13:07:45.469  1095  1976 D QolsysPss: PowerGCameraAPI:: handleUpdate() Settings Table Key: WAKE_LOCK_STATE Val: 1
10-10 13:07:45.469  1095  1976 D QolsysPss: CCObserver:: notifyUpdate(): CCObserverHandler:qolib.hardware.qolsys.upgrade.UpgradeManager$SettingsTableChangeHandler@64a20b3, registeredByclass qolib.hardware.qolsys.upgrade.UpgradeManager
10-10 13:07:45.469  1095  1976 D QolsysPss: UpgradeManager:: key :WAKE_LOCK_STATEvalue: 1
10-10 13:07:45.469  1095  1976 D QolsysPss: CCObserver:: notifyUpdate(): CCObserverHandler:qolib.hardware.qolsys.util.PowerGUtils$SettingsTableChangeHandler@35374a51, registeredByqolib.hardware.qolsys.util.PowerGUtils$PowerGSupervisory@cd582b6
10-10 13:07:45.469  1095  1976 D QolsysPss: PowerGUtils:: Settings Table Key: WAKE_LOCK_STATE Val: 1
10-10 13:07:45.469  1095  1976 D QolsysPss: CCObserver:: notifyUpdate(): CCObserverHandler:qolib.hardware.qolsys.network.NetworkManager$SettingsTableChangeHandler@2c84ed4a, registeredByNetworkManager
10-10 13:07:45.469  1095  1976 D QolsysPss: NetworkManager:: settingsKey WAKE_LOCK_STATE settingsValue 1
10-10 13:07:45.469  1095  1976 D QolsysPss: CCObserver:: notifyUpdate(): CCObserverHandler:qolib.hardware.qolsys.periodicjobs.EthernetJob$SettingsTableChangeHandler@2ffdcb1c, registeredByEthernetJob
10-10 13:07:45.470  1095  1976 D QolsysPss: EthernetJob:: key is WAKE_LOCK_STATE value is 1
10-10 13:07:45.470  1095  1976 D QolsysPss: CCObserver:: notifyUpdate(): CCObserverHandler:qolib.hardware.qolsys.periodicjobs.WifiAPJob$SettingsTableChangeHandler@37f72f95, registeredByWifiAPJob
10-10 13:07:45.470  1095  1976 D QolsysPss: CCObserver:: notifyUpdate(): CCObserverHandler:qolib.hardware.qolsys.input.InputEventHandler$SettingsTableChangeHandler@bc79fe4, registeredByInputEventHandler
10-10 13:07:45.470  1095  1976 D QolsysPss: CCObserver:: notifyUpdate(): CCObserverHandler:qolib.hardware.qolsys.group.SensorFrameProcessor$QolsysSettingsTableChangeHandler@1144ca14, registeredByclass qolib.hardware.qolsys.group.SensorFrameProcessor
10-10 13:07:45.470  1095  1976 D QolsysPss: SensorFrameProcessor:: QolsysSettingsTableChangeHandler update() called
10-10 13:07:45.470  1095  2182 D QolsysPss: InputEventHandler:: msg is { when=0 what=202 obj=qolib.hardware.qolsys.db.beanstore.QolsysSettingsEntityBean@2920ae0c target=qolib.hardware.qolsys.input.InputEventHandler$IQEventProcessor }
10-10 13:07:45.470  1095  1976 D QolsysPss: SystemServerMqttClient:: connectToBroker() called
10-10 13:07:45.470  1095  2182 D QolsysPss: InputEventHandler:: SETTING_CHANGES :: key:WAKE_LOCK_STATE val:1
10-10 13:07:45.470  1095  1976 D QolsysPss: SystemServerMqttClient:: connectToBroker() is returning as client is already connected
10-10 13:07:45.470  1095  2182 D QolsysPss: InputEventHandler:: handlePrimaryWakeLockChange :: called with value 1
10-10 13:07:45.470  1095  1976 D QolsysPss: SensorFrameProcessor:: QolsysSettingsTableChangeHandler update() key :WAKE_LOCK_STATE value : 1
10-10 13:07:45.470  1095  1976 D QolsysPss: CCObserver:: notifyUpdate(): CCObserverHandler:qolib.hardware.qolsys.periodicjobs.QolsysBatteryHandler$SettingsTableChangeHandler@2f2871c8, registeredByQolsysBatteryHandler
10-10 13:07:45.470  1095  1976 D QolsysPss: CCObserver:: notifyUpdate(): CCObserverHandler:qolib.hardware.qolsys.api.WellnessAlarmApi$SettingsTableChangeHandler@30980c0c, registeredByclass qolib.hardware.qolsys.api.WellnessAlarmApi
10-10 13:07:45.470  1095  1976 I QolsysPss: WellnessAlarmApi:: handleUpdate() Called.
10-10 13:07:45.470  1095  1976 D QolsysPss: CCObserver:: notifyUpdate(): CCObserverHandler:qolib.hardware.qolsys.periodicjobs.HistoryRecordsLimitationJob$SettingsTableChangeHandler@3cd4d5d1, registeredByHistoryRecordsLimitationJob
10-10 13:07:45.470  1095  1976 D QolsysPss: CCObserver:: notifyUpdate(): CCObserverHandler:qolib.hardware.qolsys.periodicjobs.TroubleBeepsJob$SettingsTableChangeHandler@1f3b6e09, registeredByqolib.hardware.qolsys.periodicjobs.TroubleBeepsJob$ScheduleTroubleBeepsRunnable@bcac80e
10-10 13:07:45.470  1095  1976 D QolsysPss: TroubleBeepsJob:: handleUpdate() key: WAKE_LOCK_STATE val :1
10-10 13:07:45.470  1095  1976 D QolsysPss: CCObserver:: notifyUpdate(): CCObserverHandler:qolib.hardware.qolsys.periodicjobs.IQMSJob$SettingsTableChangeHandler@3899cf7, registeredByclass qolib.hardware.qolsys.periodicjobs.IQMSJob
10-10 13:07:45.470  1095  1976 D QolsysPss: IQMSJob:: PanelReadyToUpgradeJob : scheduleUpgrade -- key :WAKE_LOCK_STATE value :1
10-10 13:07:45.470  1095  1976 D QolsysPss: CCObserver:: notifyUpdate(): CCObserverHandler:qolib.hardware.qolsys.jobs.FireSafetyTroubleBeepsJob$SettingsTableChangeHandler@fc463da, registeredByclass qolib.hardware.qolsys.jobs.FireSafetyTroubleBeepsJob
10-10 13:07:45.470  1095  1976 D QolsysPss: FireSafetyTroubleBeepsJob:: SettingsTable handleUpdate() called
10-10 13:07:45.470  1095  1976 D QolsysPss: FireSafetyTroubleBeepsJob:: SettingsTable handleUpdate() key : WAKE_LOCK_STATE
10-10 13:07:45.470  1095  1976 D QolsysPss: CCObserver:: notifyUpdate(): CCObserverHandler:qolib.hardware.qolsys.periodicjobs.UploadRemoteLogsJob$SettingsTableChangeHandler@1f75f300, registeredByUploadRemoteLogsJob
10-10 13:07:45.470  1095  1976 D QolsysPss: UploadRemoteLogsJob:: key is WAKE_LOCK_STATE value is 1
10-10 13:07:45.470  1095  1976 D QolsysPss: CCObserver:: notifyUpdate(): CCObserverHandler:qolib.hardware.qolsys.periodicjobs.SupervisoryCheckJob$SettingsTableChangeHandler@2adcf6df, registeredByqolib.hardware.qolsys.periodicjobs.SupervisoryCheckJob$ScheduleSupervisoryCheckRunnable@22c73f2c
10-10 13:07:45.471  1095  1976 D QolsysPss: CCObserver:: notifyUpdate(): CCObserverHandler:qolib.hardware.qolsys.periodicjobs.GoogleAuthInitJob$SettingsTableChangeListener@c1d7df5, registeredByGoogleAuthInitJob
10-10 13:07:45.471  1095  1976 D QolsysPss: GoogleAuthInitJob:: settingsKey : WAKE_LOCK_STATE settingsVal : 1
10-10 13:07:45.471  1095  1976 D QolsysPss: CCObserver:: notifyUpdate(): CCObserverHandler:qolib.hardware.qolsys.periodicjobs.BluetoothDisarm$SettingsTableChangeHandler@3122fc7, registeredByBluetoothDisarm
10-10 13:07:45.471  1095  1976 D QolsysPss: CCObserver:: notifyUpdate(): CCObserverHandler:qolib.hardware.qolsys.util.HomeControlAutomation$SettingsTableChangeHandler@13211ad1, registeredByqolib.hardware.qolsys.util.HomeControlAutomation@3408f95b
10-10 13:07:45.471  1095  1976 D QolsysPss: CCObserver:: notifyUpdate(): CCObserverHandler:qolib.hardware.qolsys.proxyapi.ProxyDeviceEventListener$SettingsContentChangeHandler@58bbee, registeredBynull
10-10 13:07:45.471  1095  1976 D QolsysPss: ProxyDeviceEventListener:: name=WAKE_LOCK_STATE value=1 partition_id=0
10-10 13:07:45.471  7065  7093 D QolsysApp: CCObserver:: onChange() Received Uri: content://com.qolsys.qolsysprovider.QolsysSettingsProvider/qolsyssettings/update/:{"eventName":"dbChanged","dbOperation":"update","uri":"content:\/\/com.qolsys.qolsysprovider.QolsysSettingsProvider\/qolsyssettings","tcc":1028,"selection":"name=?","selectionArgs":"[WAKE_LOCK_STATE]","contentValues":{"name":"WAKE_LOCK_STATE","partition_id":"0","value":"1"}}
10-10 13:07:45.471  7065  7093 D QolsysApp: CCObserver:: contentValues: {"name":"WAKE_LOCK_STATE","partition_id":"0","value":"1"}
10-10 13:07:45.473  7065  7065 D QolsysApp: T3KeyfobArmAwayExitDelayTimerDialog:: onAttachedToWindow() called
10-10 13:07:45.503  1662  2180 D QolsysProvider: BaseProvider:: query() uri : content://com.qolsys.qolsysprovider.QolsysSettingsProvider/qolsyssettings Selection: name=? and partition_id =?
10-10 13:07:45.503  1662  2180 D QolsysProvider: BaseProvider:: query() completed
10-10 13:07:45.507  7065  7065 D QolsysApp: CPBaseDAOImpl:: read() arrayList count 1
10-10 13:07:45.507  7065  7065 D QolsysApp: T3SecondsTimer:: run() delayTime:11 startTime:1570738065502 endTime:1570738065507 diffTime:5 diffTimeSum:5
10-10 13:07:45.508  7065  7065 I QolsysApp: CCObserver:: isHandlerExistInList() handler exist for URIcontent://com.qolsys.qolsysprovider.QolsysSettingsProvider/qolsyssettings, CCObserverHandler:com.qolsys.activites.Theme3HomeActivity$SettingsTableChangeHandler@2fd0ce78, registeredBycom.qolsys.activites.Theme3HomeActivity@329f493a
10-10 13:07:45.508  7065  7065 D QolsysApp: CCObserver:: handler exists in the list
10-10 13:07:45.508  7065  7065 D QolsysApp: Theme3HomeActivity:: handleUpdate() curVisibleFrag=DoublePagerFragment{2d261019 #2 id=0x7f0c005e}key : WAKE_LOCK_STATE value : 1
10-10 13:07:45.508  7065  7065 I QolsysApp: CCObserver:: isHandlerExistInList() handler exist for URIcontent://com.qolsys.qolsysprovider.QolsysSettingsProvider/qolsyssettings, CCObserverHandler:com.qolsys.ipcamera.DoorbellPressReceiver$SettingsTableChangeHandler@3b74f2, registeredBycom.qolsys.ipcamera.DoorbellPressReceiver@1c1eb743
10-10 13:07:45.508  7065  7065 D QolsysApp: CCObserver:: handler exists in the list
10-10 13:07:45.509  7065  7065 I QolsysApp: CCObserver:: isHandlerExistInList() handler exist for URIcontent://com.qolsys.qolsysprovider.QolsysSettingsProvider/qolsyssettings, CCObserverHandler:com.qolsys.theme3.T3HeaderFragment$SettingsTableChangeHandler@2db21b5, registeredByT3HeaderFragment{290b04a #0 id=0x7f0c005d}
10-10 13:07:45.509  7065  7065 D QolsysApp: CCObserver:: handler exists in the list
10-10 13:07:45.509  7065  7065 I QolsysApp: CCObserver:: isHandlerExistInList() handler exist for URIcontent://com.qolsys.qolsysprovider.QolsysSettingsProvider/qolsyssettings, CCObserverHandler:com.qolsys.theme3.T3FooterFragment$SettingsTableChangeHandler@37318716, registeredByclass com.qolsys.theme3.T3FooterFragment
10-10 13:07:45.509  7065  7065 D QolsysApp: CCObserver:: handler exists in the list
10-10 13:07:45.509  7065  7065 D QolsysApp: FooterFragment:: handleUpdate() key : WAKE_LOCK_STATE value : 1
10-10 13:07:45.509  7065  7065 I QolsysApp: CCObserver:: isHandlerExistInList() handler exist for URIcontent://com.qolsys.qolsysprovider.QolsysSettingsProvider/qolsyssettings, CCObserverHandler:com.qolsys.systemsettings.wifi.MyHomeWifiHandler$SettingsTableChangeHandler@2d49d368, registeredBycom.qolsys.systemsettings.wifi.MyHomeWifiHandler@3148e381
10-10 13:07:45.509  7065  7065 D QolsysApp: CCObserver:: handler exists in the list
10-10 13:07:45.509  7065  7065 I QolsysApp: CCObserver:: isHandlerExistInList() handler exist for URIcontent://com.qolsys.qolsysprovider.QolsysSettingsProvider/qolsyssettings, CCObserverHandler:com.qolsys.stateadapter.FSPAHealthTestFragment$SettingsTableChangeHandler@1d3f0067, registeredByFSPAHealthTestFragment{1c9cbe14 #0 id=0x7f0c059a android:switcher:2131494298:0}
10-10 13:07:45.509  7065  7065 D QolsysApp: CCObserver:: handler exists in the list
10-10 13:07:45.509  7065  7065 D QolsysApp: FSPAHealthTestFragment:: key : WAKE_LOCK_STATE value : 1
10-10 13:07:45.509  7065  7065 I QolsysApp: CCObserver:: isHandlerExistInList() handler exist for URIcontent://com.qolsys.qolsysprovider.QolsysSettingsProvider/qolsyssettings, CCObserverHandler:com.qolsys.theme3.T3HomeFragment$QolsysSettingsChangeHandler@1f54287b, registeredByT3HomeFragment{34b7880a #0 id=0x7f0c059a android:switcher:2131494298:0}
10-10 13:07:45.509  7065  7065 D QolsysApp: CCObserver:: handler exists in the list
10-10 13:07:45.510  7065  7065 D QolsysApp: T3HomeFragment:: T3Home handleUpdate() called
10-10 13:07:45.510  7065  7065 D QolsysApp: T3HomeFragment:: T3Home handleForInsertOrUpdate() called
10-10 13:07:45.510  7065  7065 I QolsysApp: CCObserver:: isHandlerExistInList() handler exist for URIcontent://com.qolsys.qolsysprovider.QolsysSettingsProvider/qolsyssettings, CCObserverHandler:com.qolsys.theme3.T3HomeFragment$QolsysSettingsChangeHandler@87feb1a, registeredByT3HomeFragment{158a45c5 #0 id=0x7f0c059a android:switcher:2131494298:0}
10-10 13:07:45.510  7065  7065 D QolsysApp: CCObserver:: handler exists in the list
10-10 13:07:45.510  7065  7065 D QolsysApp: T3HomeFragment:: T3Home handleUpdate() called
10-10 13:07:45.510  7065  7065 D QolsysApp: T3HomeFragment:: T3Home handleForInsertOrUpdate() called
10-10 13:07:45.510  7065  7065 I QolsysApp: CCObserver:: isHandlerExistInList() handler exist for URIcontent://com.qolsys.qolsysprovider.QolsysSettingsProvider/qolsyssettings, CCObserverHandler:com.qolsys.systemsettings.wifi.MyHomeWifiHandler$SettingsTableChangeHandler@30b94eca, registeredBycom.qolsys.systemsettings.wifi.MyHomeWifiHandler@2f24483b
10-10 13:07:45.510  7065  7065 D QolsysApp: CCObserver:: handler exists in the list
10-10 13:07:45.510  7065  7065 I QolsysApp: CCObserver:: isHandlerExistInList() handler exist for URIcontent://com.qolsys.qolsysprovider.QolsysSettingsProvider/qolsyssettings, CCObserverHandler:com.qolsys.stateadapter.FSPAHealthTestFragment$SettingsTableChangeHandler@288734b1, registeredByFSPAHealthTestFragment{25858d96 #0 id=0x7f0c059a android:switcher:2131494298:0}
10-10 13:07:45.510  7065  7065 D QolsysApp: CCObserver:: handler exists in the list
10-10 13:07:45.510  7065  7065 D QolsysApp: FSPAHealthTestFragment:: key : WAKE_LOCK_STATE value : 1
10-10 13:07:45.514  7065  7065 D QolsysApp: T3CircularProgressBar:: onDraw() called
