11-16 15:05:08.402  1961  1961 D ADCService: (ip_check_outgoing_queue) Waiting for ack.
11-16 15:05:08.613  1961  1961 D ADCService: (ip_check_outgoing_queue) Waiting for ack.
11-16 15:05:08.688  1147 10139 D QolsysBackend: TtsUtil:: onDone() called with utteranceId: a4b68e13-526d-4720-bc49-c9ee5b2eb51f
11-16 15:05:08.688  1147 10139 D QolsysBackend: PanelGlassBreakServiceCommunicator:: setListenMode() modeVal : 0
11-16 15:05:08.688  1147 10139 D QolsysBackend: BaseCommunicator:: talkToServiceOneWay() serviceName: glassbreakservice
11-16 15:05:08.688  1147 10139 D QolsysBackend: BaseCommunicator:: talkToService() serviceName: glassbreakservice
11-16 15:05:08.688  1147 10139 D QolsysBackend: BaseCommunicator:: fillDataParcel()
11-16 15:05:08.693  1147 10139 D QolsysBackend: BaseCommunicator:: recycleParcelObjects() called
11-16 15:05:08.693   252   538 D glassbreak: OnTransact(9)
11-16 15:05:08.824  1961  1961 D ADCService: (ip_check_outgoing_queue) Waiting for ack.
11-16 15:05:08.825  1961  1961 D ADCService: ETH HEX (IN): 0x7 bytes
11-16 15:05:08.836  1961  1961 D ADCService: (SendNextPendingTextMsg) start
11-16 15:05:08.836  1961  1961 D ADCService: (c_tcp_record_available) start: type = 1, pipe = 0
11-16 15:05:08.836  1961  1961 D ADCService: (c_tcp_record_available) start: type = 2, pipe = 3
11-16 15:05:08.836  1961  1961 D ADCService: Calling ISubServiceManager::getDefaultSubId
11-16 15:05:08.836  1961  1961 D ADCService: Calling ISubServiceManager::getSimStateForSubscriber
11-16 15:05:08.837  1961  1961 D ADCService: (SendNextPendingTextMsg) Message in progress.  Not looking for something new.
11-16 15:05:08.837  1961  1961 I ADCService: EVENT_ADC_HEARTBEAT
11-16 15:05:08.837  1961  1961 D ADCService: panel_event_send: event=1559   0   0
11-16 15:05:08.837  1961  1961 D ADCService: Calling QolSysServiceManager::sendCommand, eventID = 1559
11-16 15:05:08.837  1961  1961 D ADCService: Calling QOLSYS_TRANSACTION_sendCommand, eventID = 1559
11-16 15:05:08.838  1147  2239 D QolsysBackend: AdcServiceCall:: sendCommand() apiVer=0  commandID=1559  source=6  partition=0  sequence=0  payload0=0  payload1=0   payload2=0  payload3=0
11-16 15:05:08.838  1147  2239 D QolsysBackend: AdcServiceAPI:: ADC Service call received==== apiVer==0 commandID==1559 source==6 partition==0 sequence==0  payload0==0  payload1==0  payload2==0  payload3==0
11-16 15:05:08.838  1961  1961 E ADCService: qolsys_event_send(1559, 0x00000000, 0x00000000) failed -1
11-16 15:05:08.859   244   419 I ThermalEngine: Sensor:pa_therm0:37000 mC
11-16 15:05:08.938  1961  1961 D ADCService: (c_tcp_new_record) Writing new record: pipe = 0x02
11-16 15:05:08.938  1961  1961 D ADCService: (c_tcp_record_available) start: type = 1, pipe = 0
11-16 15:05:08.938  1961  1961 D ADCService: (c_tcp_record_available) start: type = 2, pipe = 3
11-16 15:05:08.938  1961  1961 D ADCService: Calling ISubServiceManager::getDefaultSubId
11-16 15:05:08.939  1961  1961 D ADCService: Calling ISubServiceManager::getSimStateForSubscriber
11-16 15:05:08.940  1961  1961 I ADCService: Message in progress.
11-16 15:05:08.940  1961  1961 D ADCService: ProcessIPCmd ack command type: msgSource = 2
11-16 15:05:08.940  1961  1961 D ADCService: Got eth ack! (3)
11-16 15:05:08.940  1961  1961 D ADCService: (c_tcp_record_available) start: type = 1, pipe = 0
11-16 15:05:08.940  1961  1961 D ADCService: Calling ISubServiceManager::getDefaultSubId
11-16 15:05:08.940  1961  1961 D ADCService: Calling ISubServiceManager::getSimStateForSubscriber
11-16 15:05:08.941  1961  1961 D ADCService: (SendNextPendingTextMsg) start
11-16 15:05:08.941  1961  1961 I ADCService: (SendNextPendingTextMsg) No more pending messages
11-16 15:05:08.941  1961  1961 D ADCService:  rule  try execute type 7, subtype 80, value 4, extra 5006035d
11-16 15:05:09.863   244   419 I ThermalEngine: Sensor:pa_therm0:37000 mC
11-16 15:05:10.027 11571 11571 I QueryController: Matched selector: UiSelector[INSTANCE=0, RESOURCE_ID=com.qolsys:id/t3_tv_disarm] <<==>> [android.view.accessibility.AccessibilityNodeInfo@8000a2ed; boundsInParent: Rect(0, 0 - 196, 42); boundsInScreen: Rect(428, 460 - 624, 502); packageName: com.qolsys; className: android.widget.TextView; text: ARMED STAY; error: null; maxTextLength: -1; contentDescription: null; viewIdResName: com.qolsys:id/t3_tv_disarm; checkable: false; checked: false; focusable: false; focused: false; selected: false; clickable: false; longClickable: false; enabled: true; password: false; scrollable: false; actions: [AccessibilityAction: ACTION_SELECT - null, AccessibilityAction: ACTION_CLEAR_SELECTION - null, AccessibilityAction: ACTION_ACCESSIBILITY_FOCUS - null, AccessibilityAction: ACTION_NEXT_AT_MOVEMENT_GRANULARITY - null, AccessibilityAction: ACTION_PREVIOUS_AT_MOVEMENT_GRANULARITY - null, AccessibilityAction: ACTION_SET_SELECTION - null]]
11-16 15:05:10.077 11571 11571 I QueryController: Matched selector: UiSelector[INSTANCE=0, RESOURCE_ID=com.qolsys:id/t3_tv_disarm] <<==>> [android.view.accessibility.AccessibilityNodeInfo@8000a2ed; boundsInParent: Rect(0, 0 - 196, 42); boundsInScreen: Rect(428, 460 - 624, 502); packageName: com.qolsys; className: android.widget.TextView; text: ARMED STAY; error: null; maxTextLength: -1; contentDescription: null; viewIdResName: com.qolsys:id/t3_tv_disarm; checkable: false; checked: false; focusable: false; focused: false; selected: false; clickable: false; longClickable: false; enabled: true; password: false; scrollable: false; actions: [AccessibilityAction: ACTION_SELECT - null, AccessibilityAction: ACTION_CLEAR_SELECTION - null, AccessibilityAction: ACTION_ACCESSIBILITY_FOCUS - null, AccessibilityAction: ACTION_NEXT_AT_MOVEMENT_GRANULARITY - null, AccessibilityAction: ACTION_PREVIOUS_AT_MOVEMENT_GRANULARITY - null, AccessibilityAction: ACTION_SET_SELECTION - null]]
11-16 15:05:10.077 11571 11571 D UiObject: getText() = ARMED STAY
11-16 15:05:10.132   526  1943 D srfservice_ttyHSL2: len 6, frametype: 02, mId1 101, mId2 0, mRsv_4 15, mId_4 10, mState 4, mTamper_1 0, mSensorInput1_1 0, mSensorInput2_1 1, mSensorInput3_1 0, mSensorInput4_1 0, mSensorInput5_1 0, mSensorBattery_1 0, chkSum 4, mSigStr 0
11-16 15:05:10.132  1147  1712 I QolsysBackend: QolSysService:: Received a Sensor Frame
11-16 15:05:10.132  1147  1712 D QolsysBackend: QolSysService:: processFrame() frame type 2 id1=101  id2=0  id4=10  input1=0  input2=1  input3=0  input4=0  input5=0  tamper=0  battery=0  frameCount=4  rsvTypeChar=15
11-16 15:05:10.132  1147  1712 I QolsysBackend: SensorFrameProcessor:: Received Sensor Frame: id1:65, id2:0, id4:a, input1:0,i input2:1, input3:0, input4:0, input5:0, tamper:0, battery:0, frameCount:4, rsvTypeChar:f, frameType:2
11-16 15:05:10.132  1147  1712 D QolsysBackend: SensorFrameProcessor:: doAction() autoLearnSensorID : 6500FA sensorFrameType in Hex:2
11-16 15:05:10.134  1702  2543 D QolsysProvider: BaseProvider:: query() uri : content://com.qolsys.qolsysprovider.SensorContentProvider/sensor Selection: sensorid=? and current_capability!=?
11-16 15:05:10.134  1702  2543 D QolsysProvider: BaseProvider:: query() completed
11-16 15:05:10.136  1147  1712 D QolsysBackend: BaseDAO:: populateData Called
11-16 15:05:10.139  1147  1712 D QolsysBackend: CPBaseDAOImpl:: read() arrayList count 1
11-16 15:05:10.140  1147  1712 D QolsysBackend: SensorFrameProcessor:: synchronized frameType:2
11-16 15:05:10.140  1147  1712 D QolsysBackend: SensorFrameProcessor:: synchronized bean:qolib.hardware.qolsys.db.beanstore.SensorEntityBean@1a  value:18
11-16 15:05:10.140  1147  1712 D QolsysBackend: SensorFrameProcessor:: processFrame() current time : 1510844710140
11-16 15:05:10.140  1147  1712 D QolsysBackend: SensorFrameProcessor:: doAction() SensorDbStatus:Arm-Stay
11-16 15:05:10.140  1147  1712 D QolsysBackend: SensorStatusUtil:: findSensorStatus() frameType : 2
11-16 15:05:10.140  1147  1712 D QolsysBackend: BaseSensorStatusUtil:: findSensorStatus() called
11-16 15:05:10.140  1147  1712 D QolsysBackend: BaseSensorStatusUtil:: capability : SecurityRF input1 : 0 input2 : 1 input3 : 0 input4 : 0
11-16 15:05:10.141  1147  1712 D QolsysBackend: SensorFrameProcessor:: processFrame() curSensorStatus =KeyfobAction
11-16 15:05:10.141  1147  1712 I QolsysBackend: StaticTablesInMemoryDB:: query() started
11-16 15:05:10.141  1147  1712 I QolsysBackend: StaticTablesInMemoryDB:: query() reading data from inmemory table: sensor_group
11-16 15:05:10.142  1147  1712 D QolsysBackend: BaseDAO:: populateData Called
11-16 15:05:10.142  1147  1712 D QolsysBackend: BaseDAO:: populateData Called
11-16 15:05:10.145  1147  1712 D QolsysBackend: BaseDAO:: populateData Called
11-16 15:05:10.145  1147  1712 D QolsysBackend: CPBaseDAOImpl:: read() arrayList count 3
11-16 15:05:10.145  1147  1712 D QolsysBackend: SensorFrameProcessor:: processFrame() sensorGroup = mobileintrusion
11-16 15:05:10.146  1702  1729 D QolsysProvider: BaseProvider:: query() uri : content://com.qolsys.qolsysprovider.QolsysSettingsProvider/qolsyssettings Selection: name=?
11-16 15:05:10.146  1702  1729 D QolsysProvider: BaseProvider:: query() completed
11-16 15:05:10.280  1147  1712 I art     : Explicit concurrent mark sweep GC freed 57475(3MB) AllocSpace objects, 3(60KB) LOS objects, 33% free, 16MB/25MB, paused 2.256ms total 129.523ms
11-16 15:05:10.287  1147  1712 D QolsysBackend: BaseDAO:: populateData Called
11-16 15:05:10.292  1147  1712 D QolsysBackend: CPBaseDAOImpl:: read() arrayList count 1
11-16 15:05:10.293  1702  5209 D QolsysProvider: BaseProvider:: query() uri : content://com.qolsys.qolsysprovider.StateContentProvider/state Selection: name=?
11-16 15:05:10.293  1702  5209 D QolsysProvider: BaseProvider:: query() completed
11-16 15:05:10.294  1147  1712 D QolsysBackend: BaseDAO:: populateData Called
11-16 15:05:10.296  1147  1712 D QolsysBackend: CPBaseDAOImpl:: read() arrayList count 1
11-16 15:05:10.296  1702  5399 D QolsysProvider: BaseProvider:: query() uri : content://com.qolsys.qolsysprovider.StateContentProvider/state Selection: name=?
11-16 15:05:10.297  1702  5399 D QolsysProvider: BaseProvider:: query() completed
11-16 15:05:10.302  1147  1712 D QolsysBackend: BaseDAO:: populateData Called
11-16 15:05:10.302  1147  1712 D QolsysBackend: CPBaseDAOImpl:: read() arrayList count 1
11-16 15:05:10.303  1147  1712 D QolsysBackend: SensorFrameProcessor:: processFrame() deviceName = ${Key Fob 26} (26)
11-16 15:05:10.303  1147  1712 I QolsysBackend: SensorFrameProcessor:: FrameCount:  4
11-16 15:05:10.303  1147  1712 D QolsysBackend: SensorFrameProcessor:: checkBatteryAndUpdateHistory() called battery val: 0
11-16 15:05:10.303  1147  1712 D QolsysBackend: SensorFrameProcessor:: processFrame() curSensorStatus :  KeyfobAction sensor db status : Arm-Stay
11-16 15:05:10.303  1147  1712 D QolsysBackend: SensorFrameProcessor:: isRestoralEvent() return false
11-16 15:05:10.303  1702  2543 D QolsysProvider: BaseProvider:: query() uri : content://com.qolsys.qolsysprovider.StateContentProvider/state Selection: name=?
11-16 15:05:10.304  1702  2543 D QolsysProvider: BaseProvider:: query() completed
11-16 15:05:10.305  1147  1712 D QolsysBackend: BaseDAO:: populateData Called
11-16 15:05:10.306  1147  1712 D QolsysBackend: CPBaseDAOImpl:: read() arrayList count 1
11-16 15:05:10.306  1147  1712 D QolsysBackend: SensorFrameProcessor:: isSensorBypassed() return false
11-16 15:05:10.306  1147  1712 D QolsysBackend: SensorFrameProcessor:: 6500A,KeyfobAction
11-16 15:05:10.307  1702  1729 D QolsysProvider: BaseProvider:: query() uri : content://com.qolsys.qolsysprovider.StateContentProvider/state Selection: name=?
11-16 15:05:10.307  1702  1729 D QolsysProvider: BaseProvider:: query() completed
11-16 15:05:10.309  1147  1712 D QolsysBackend: BaseDAO:: populateData Called
11-16 15:05:10.311  1147  1712 D QolsysBackend: CPBaseDAOImpl:: read() arrayList count 1
11-16 15:05:10.311  1147  1712 D QolsysBackend: KeyfobAPI::  input2  frameCount : 4
11-16 15:05:10.311  1147  1712 D QolsysBackend: KeyfobAPI:: armAwayThePanel() called
11-16 15:05:10.312  1702 30969 D QolsysProvider: BaseProvider:: update() uri : content://com.qolsys.qolsysprovider.SensorContentProvider/sensor Selection:  ( sensorstate = ? OR sensorstate= ? ) and sensorgroup not in(select GROUPNAME from sensor_group where ACTIVEARMINGMODE=?)
11-16 15:05:10.315  1702 30969 D QolsysProvider: BaseProvider:: query() uri : content://com.qolsys.qolsysprovider.SensorContentProvider/sensor Selection: sensorstatus in (?,?,?) and sensorstate = '0'  and sensorgroup not in(select GROUPNAME from sensor_group where ACTIVEARMINGMODE=?)
11-16 15:05:10.316  1702 30969 D QolsysProvider: BaseProvider:: query() completed
11-16 15:05:10.319  1147  1712 D QolsysBackend: CPBaseDAOImpl:: read() arrayList count 0
11-16 15:05:10.320  1147  1712 D QolsysBackend: ChimePlayer:: playSensorChime() started
11-16 15:05:10.320  1702  7084 D QolsysProvider: BaseProvider:: query() uri : content://com.qolsys.qolsysprovider.QolsysSettingsProvider/qolsyssettings Selection: name=?
11-16 15:05:10.320  1702  7084 D QolsysProvider: BaseProvider:: query() completed
11-16 15:05:10.321  1147  1712 D QolsysBackend: BaseDAO:: populateData Called
11-16 15:05:10.322  1147  1712 D QolsysBackend: CPBaseDAOImpl:: read() arrayList count 1
11-16 15:05:10.323  1702 26792 D QolsysProvider: BaseProvider:: query() uri : content://com.qolsys.qolsysprovider.QolsysSettingsProvider/qolsyssettings Selection: name=?
11-16 15:05:10.323  1702 26792 D QolsysProvider: BaseProvider:: query() completed
11-16 15:05:10.324  1147  1712 D QolsysBackend: BaseDAO:: populateData Called
11-16 15:05:10.324  1147  1712 D QolsysBackend: CPBaseDAOImpl:: read() arrayList count 1
11-16 15:05:10.325  1702  5399 D QolsysProvider: BaseProvider:: query() uri : content://com.qolsys.qolsysprovider.QolsysSettingsProvider/qolsyssettings Selection: name=?
11-16 15:05:10.325  1702  5399 D QolsysProvider: BaseProvider:: query() completed
11-16 15:05:10.326  1147  1712 D QolsysBackend: BaseDAO:: populateData Called
11-16 15:05:10.327  1147  1712 D QolsysBackend: CPBaseDAOImpl:: read() arrayList count 1
11-16 15:05:10.327  1702 25962 D QolsysProvider: BaseProvider:: query() uri : content://com.qolsys.qolsysprovider.QolsysSettingsProvider/qolsyssettings Selection: name=?
11-16 15:05:10.327  1702 25962 D QolsysProvider: BaseProvider:: query() completed
11-16 15:05:10.329  1147  1712 D QolsysBackend: BaseDAO:: populateData Called
11-16 15:05:10.330  1147  1712 D QolsysBackend: CPBaseDAOImpl:: read() arrayList count 1
11-16 15:05:10.331  1147  1712 I QolsysBackend: TtsUtil:: TTS engine is already created
11-16 15:05:10.331  1147  1712 I QolsysBackend: TtsUtil:: TTS service received Key Fob 26 Arm Away
11-16 15:05:10.331  1147  1712 I QolsysBackend: TtsUtil:: TTS processing:Key Fob 26 Arm Away
11-16 15:05:10.333  1147  1662 D QolsysBackend: TtsUtil:: onStart() called with utteranceId: ad83ce1f-b49e-46c3-9d72-8a5b838f5ad9
11-16 15:05:10.333  1147  1662 D QolsysBackend: PanelGlassBreakServiceCommunicator:: setListenMode() modeVal : 1
11-16 15:05:10.333  1147  1662 D QolsysBackend: BaseCommunicator:: talkToServiceOneWay() serviceName: glassbreakservice
11-16 15:05:10.333  1147  1662 D QolsysBackend: BaseCommunicator:: talkToService() serviceName: glassbreakservice
11-16 15:05:10.333  1147  1662 D QolsysBackend: BaseCommunicator:: fillDataParcel()
11-16 15:05:10.333  1147  1662 D QolsysBackend: BaseCommunicator:: recycleParcelObjects() called
11-16 15:05:10.333   252   252 D glassbreak: OnTransact(9)
11-16 15:05:10.335  2097  2253 D AudioTrack: TrackOffload: AudioTrack Offload disabled by property, returning false
11-16 15:05:10.340  1702  1730 D QolsysProvider: BaseProvider:: query() uri : content://com.qolsys.qolsysprovider.QolsysSettingsProvider/qolsyssettings Selection: name=?
11-16 15:05:10.340  1702  1730 D QolsysProvider: BaseProvider:: query() completed
11-16 15:05:10.342  1147  1712 D QolsysBackend: BaseDAO:: populateData Called
11-16 15:05:10.345  1147  1712 D QolsysBackend: CPBaseDAOImpl:: read() arrayList count 1
11-16 15:05:10.345  1702  7794 D QolsysProvider: BaseProvider:: update() uri : content://com.qolsys.qolsysprovider.QolsysSettingsProvider/qolsyssettings Selection: name=?
11-16 15:05:10.358  1702  7794 D QolsysProvider: BaseProvider:: update() changedUri : content://com.qolsys.qolsysprovider.QolsysSettingsProvider/qolsyssettings/update/:{"eventName":"dbChanged","dbOperation":"update","uri":"content:\/\/com.qolsys.qolsysprovider.QolsysSettingsProvider\/qolsyssettings","tcc":13508,"selection":"name=?","selectionArgs":"[SYSTEM_STATUS]","contentValues":{"name":"SYSTEM_STATUS","value":"ARM-AWAY"}}
11-16 15:05:10.359  1147  1798 D QolsysBackend: CCObserver:: onChange() Received Uri: content://com.qolsys.qolsysprovider.QolsysSettingsProvider/qolsyssettings/update/:{"eventName":"dbChanged","dbOperation":"update","uri":"content:\/\/com.qolsys.qolsysprovider.QolsysSettingsProvider\/qolsyssettings","tcc":13508,"selection":"name=?","selectionArgs":"[SYSTEM_STATUS]","contentValues":{"name":"SYSTEM_STATUS","value":"ARM-AWAY"}}
11-16 15:05:10.359 11637 11668 D QolsysApp: CCObserver:: onChange() Received Uri: content://com.qolsys.qolsysprovider.QolsysSettingsProvider/qolsyssettings/update/:{"eventName":"dbChanged","dbOperation":"update","uri":"content:\/\/com.qolsys.qolsysprovider.QolsysSettingsProvider\/qolsyssettings","tcc":13508,"selection":"name=?","selectionArgs":"[SYSTEM_STATUS]","contentValues":{"name":"SYSTEM_STATUS","value":"ARM-AWAY"}}
11-16 15:05:10.359  1147  1798 D QolsysBackend: CCObserver:: contentValues: {"name":"SYSTEM_STATUS","value":"ARM-AWAY"}
11-16 15:05:10.359  1147  1798 D QolsysBackend: CCObserver:: notifyUpdate()  ccOberserHandlerList.size() : 11
11-16 15:05:10.359  1147  1798 D QolsysBackend: CCObserver:: notifyUpdate(): CCObserverHandler:qolib.hardware.qolsys.jobs.SecureSensorsSyncJob$SettingsTableChangeHandler@1beb3ef0, registeredByclass qolib.hardware.qolsys.jobs.SecureSensorsSyncJob
11-16 15:05:10.359 11637 11668 D QolsysApp: CCObserver:: contentValues: {"name":"SYSTEM_STATUS","value":"ARM-AWAY"}
11-16 15:05:10.359  1147  1798 D QolsysBackend: SecureSensorsSynJob :: handleUpdate() called
11-16 15:05:10.359  1147  1798 D QolsysBackend: SecureSensorsSynJob :: handleUpdate() key:SYSTEM_STATUS
11-16 15:05:10.359  1147  1798 D QolsysBackend: CCObserver:: notifyUpdate(): CCObserverHandler:qolib.hardware.qolsys.group.SensorFrameProcessor$QolsysSettingsTableChangeHandler@1176117a, registeredByclass qolib.hardware.qolsys.group.SensorFrameProcessor
11-16 15:05:10.360  1147  1798 D QolsysBackend: SensorFrameProcessor:: QolsysSettingsTableChangeHandler update() called
11-16 15:05:10.360  1702  7794 D QolsysProvider: MasterSlaveAPI:: informDBUpdateEvent() started
11-16 15:05:10.360 11687 11706 D DTMF    : CCObserver:: onChange() Received Uri: content://com.qolsys.qolsysprovider.QolsysSettingsProvider/qolsyssettings/update/:{"eventName":"dbChanged","dbOperation":"update","uri":"content:\/\/com.qolsys.qolsysprovider.QolsysSettingsProvider\/qolsyssettings","tcc":13508,"selection":"name=?","selectionArgs":"[SYSTEM_STATUS]","contentValues":{"name":"SYSTEM_STATUS","value":"ARM-AWAY"}}
11-16 15:05:10.360  1702  7794 D QolsysProvider: IQMasterClient:: sendMessage() called
11-16 15:05:10.360 11687 11706 D DTMF    : CCObserver:: contentValues: {"name":"SYSTEM_STATUS","value":"ARM-AWAY"}
11-16 15:05:10.360  1702  7794 D QolsysProvider: IQMasterClient:: isRemoteDeviceListEmpty() result value is:false, remoteDevices:{34:c3:d2:65:df:a9=remoteClient_paho18899228074676, 34:c3:d2:63:d9:27=remoteClient_paho5750471039074}
11-16 15:05:10.360  1702  7794 I QolsysProvider: IQMasterClient:: publish() Publishing to topic "iq2meid" qos 0and reqStr:{"eventName":"dbChanged","dbOperation":"update","uri":"content:\/\/com.qolsys.qolsysprovider.QolsysSettingsProvider\/qolsyssettings","changedUri":"content:\/\/com.qolsys.qolsysprovider.QolsysSettingsProvider\/qolsyssettings\/update\/:{\"eventName\":\"dbChanged\",\"dbOperation\":\"update\",\"uri\":\"content:\\\/\\\/com.qolsys.qolsysprovider.QolsysSettingsProvider\\\/qolsyssettings\",\"tcc\":13508,\"selection\":\"name=?\",\"selectionArgs\":\"[SYSTEM_STATUS]\",\"contentValues\":{\"name\":\"SYSTEM_STATUS\",\"value\":\"ARM-AWAY\"}}","selection":"name=?","selectionArgs":"[SYSTEM_STATUS]","contentValues":{"name":"SYSTEM_STATUS","value":"ARM-AWAY"}}
11-16 15:05:10.361  1702  3634 I QolsysProvider: IQMasterClient:: delivery complete
11-16 15:05:10.362  1702  7794 D QolsysProvider: IQMasterClient:: sendMessage() message sent to broker with topic: iq2meid
11-16 15:05:10.362  1702  7794 D QolsysProvider: BaseProvider:: update() completed rowsUpdated: 1
11-16 15:05:10.363  1702  1729 D QolsysProvider: BaseProvider:: update() uri : content://com.qolsys.qolsysprovider.QolsysSettingsProvider/qolsyssettings Selection: name=?
11-16 15:05:10.366 11637 11637 I QolsysApp: CCObserver:: isHandlerExistInList() handler exist for URIcontent://com.qolsys.qolsysprovider.QolsysSettingsProvider/qolsyssettings, CCObserverHandler:com.qolsys.activites.Theme3HomeActivity$SettingsTableChangeHandler@ab6f903, registeredBycom.qolsys.activites.Theme3HomeActivity@f07f6f
11-16 15:05:10.366 11637 11637 D QolsysApp: CCObserver:: handler exists in the list
11-16 15:05:10.366 11637 11637 D QolsysApp: Theme3HomeActivity:: handleUpdate() curVisibleFrag=FSPAViewPagerFragment{66ea714 #2 id=0x7f0c005d}key : SYSTEM_STATUS value : ARM-AWAY
11-16 15:05:10.366 11637 11637 D QolsysApp: Theme3HomeActivity:: handleUpdate() curPanelStatus=ARM-AWAY
11-16 15:05:10.366 11637 11637 I QolsysApp: NavigationUtil:: goDirectlyToHomeFragment() : called
11-16 15:05:10.366 11637 11637 D QolsysApp: T3DialogManager:: closeAllDialogsForcefully() called
11-16 15:05:10.366 11637 11637 D QolsysApp: T3DialogManager:: closeAllDialogsForcefully() completed
11-16 15:05:10.366 11637 11637 D QolsysApp: NavigationUtil:: isHomeActivityResumed(): true
11-16 15:05:10.366 11637 11637 D QolsysApp: NavigationUtil:: goDirectlyToHomeFragment() currItem : 0
11-16 15:05:10.366 11637 11637 D QolsysApp: NavigationUtil::  goDirectlyToHomeFragment() isDoublePagerEnabled() : false
11-16 15:05:10.366 11637 11637 D QolsysApp: NavigationUtil:: setVisiblityForFooterFragment() curVisibleFrag : FSPAViewPagerFragment{66ea714 #2 id=0x7f0c005d}
11-16 15:05:10.367 11687 11687 I DTMF    : CCObserver:: isHandlerExistInList() handler exist for URIcontent://com.qolsys.qolsysprovider.QolsysSettingsProvider/qolsyssettings, CCObserverHandler:com.qolsys.dtmf.DTMFService$SettingsTableChangeHandler@ec5324a, registeredBycom.qolsys.dtmf.DTMFService@c413e9f
11-16 15:05:10.367 11687 11687 D DTMF    : CCObserver:: handler exists in the list
11-16 15:05:10.367 11637 11637 D QolsysApp: FSPAViewPagerFragment:: refreshStatePagerAdapter() called fragment : T3HomeFragment{ddda9f8 #0 id=0x7f0c04e0} isResumed : true
11-16 15:05:10.368 11637 11637 D QolsysApp: T3HomeFragment:: refreshUI() called: T3HomeFragment{ddda9f8 #0 id=0x7f0c04e0}
11-16 15:05:10.368  1702  2544 D QolsysProvider: BaseProvider:: query() uri : content://com.qolsys.qolsysprovider.QolsysSettingsProvider/qolsyssettings Selection: name=?
11-16 15:05:10.376  1702  2544 D QolsysProvider: BaseProvider:: query() completed
11-16 15:05:10.376  1702  1729 D QolsysProvider: BaseProvider:: update() changedUri : content://com.qolsys.qolsysprovider.QolsysSettingsProvider/qolsyssettings/update/:{"eventName":"dbChanged","dbOperation":"update","uri":"content:\/\/com.qolsys.qolsysprovider.QolsysSettingsProvider\/qolsyssettings","tcc":13509,"selection":"name=?","selectionArgs":"[SYSTEM_STATUS_CHANGED_TIME]","contentValues":{"name":"SYSTEM_STATUS_CHANGED_TIME","value":"ARM-AWAY,1510844710363"}}
11-16 15:05:10.377 11637 11668 D QolsysApp: CCObserver:: onChange() Received Uri: content://com.qolsys.qolsysprovider.QolsysSettingsProvider/qolsyssettings/update/:{"eventName":"dbChanged","dbOperation":"update","uri":"content:\/\/com.qolsys.qolsysprovider.QolsysSettingsProvider\/qolsyssettings","tcc":13509,"selection":"name=?","selectionArgs":"[SYSTEM_STATUS_CHANGED_TIME]","contentValues":{"name":"SYSTEM_STATUS_CHANGED_TIME","value":"ARM-AWAY,1510844710363"}}
11-16 15:05:10.378 11637 11668 D QolsysApp: CCObserver:: contentValues: {"name":"SYSTEM_STATUS_CHANGED_TIME","value":"ARM-AWAY,1510844710363"}
11-16 15:05:10.378  1702  1729 D QolsysProvider: MasterSlaveAPI:: informDBUpdateEvent() started
11-16 15:05:10.378  1702  1729 D QolsysProvider: IQMasterClient:: sendMessage() called
11-16 15:05:10.378 11687 11706 D DTMF    : CCObserver:: onChange() Received Uri: content://com.qolsys.qolsysprovider.QolsysSettingsProvider/qolsyssettings/update/:{"eventName":"dbChanged","dbOperation":"update","uri":"content:\/\/com.qolsys.qolsysprovider.QolsysSettingsProvider\/qolsyssettings","tcc":13509,"selection":"name=?","selectionArgs":"[SYSTEM_STATUS_CHANGED_TIME]","contentValues":{"name":"SYSTEM_STATUS_CHANGED_TIME","value":"ARM-AWAY,1510844710363"}}
11-16 15:05:10.378  1702  1729 D QolsysProvider: IQMasterClient:: isRemoteDeviceListEmpty() result value is:false, remoteDevices:{34:c3:d2:65:df:a9=remoteClient_paho18899228074676, 34:c3:d2:63:d9:27=remoteClient_paho5750471039074}
11-16 15:05:10.378 11687 11706 D DTMF    : CCObserver:: contentValues: {"name":"SYSTEM_STATUS_CHANGED_TIME","value":"ARM-AWAY,1510844710363"}
11-16 15:05:10.378  1702  1729 I QolsysProvider: IQMasterClient:: publish() Publishing to topic "iq2meid" qos 0and reqStr:{"eventName":"dbChanged","dbOperation":"update","uri":"content:\/\/com.qolsys.qolsysprovider.QolsysSettingsProvider\/qolsyssettings","changedUri":"content:\/\/com.qolsys.qolsysprovider.QolsysSettingsProvider\/qolsyssettings\/update\/:{\"eventName\":\"dbChanged\",\"dbOperation\":\"update\",\"uri\":\"content:\\\/\\\/com.qolsys.qolsysprovider.QolsysSettingsProvider\\\/qolsyssettings\",\"tcc\":13509,\"selection\":\"name=?\",\"selectionArgs\":\"[SYSTEM_STATUS_CHANGED_TIME]\",\"contentValues\":{\"name\":\"SYSTEM_STATUS_CHANGED_TIME\",\"value\":\"ARM-AWAY,1510844710363\"}}","selection":"name=?","selectionArgs":"[SYSTEM_STATUS_CHANGED_TIME]","contentValues":{"name":"SYSTEM_STATUS_CHANGED_TIME","value":"ARM-AWAY,1510844710363"}}
11-16 15:05:10.379  1702  3634 I QolsysProvider: IQMasterClient:: delivery complete
11-16 15:05:10.380  1702  1729 D QolsysProvider: IQMasterClient:: sendMessage() message sent to broker with topic: iq2meid
11-16 15:05:10.380  1702  1729 D QolsysProvider: BaseProvider:: update() completed rowsUpdated: 1
11-16 15:05:10.381  1702  5157 D QolsysProvider: BaseProvider:: update() uri : content://com.qolsys.qolsysprovider.QolsysSettingsProvider/qolsyssettings Selection: name=?
11-16 15:05:10.381 11637 11637 D QolsysApp: BaseDAO:: populateData Called
11-16 15:05:10.382 11637 11637 D QolsysApp: CPBaseDAOImpl:: read() arrayList count 1
11-16 15:05:10.382 11637 11637 D QolsysApp: T3HomeFragment:: setPanelStatusIcons() curPanelStatus : ARM-AWAY
11-16 15:05:10.390 11687 11687 I DTMF    : CCObserver:: isHandlerExistInList() handler exist for URIcontent://com.qolsys.qolsysprovider.QolsysSettingsProvider/qolsyssettings, CCObserverHandler:com.qolsys.dtmf.DTMFService$SettingsTableChangeHandler@ec5324a, registeredBycom.qolsys.dtmf.DTMFService@c413e9f
11-16 15:05:10.390 11687 11687 D DTMF    : CCObserver:: handler exists in the list
11-16 15:05:10.394  1702  5157 D QolsysProvider: BaseProvider:: update() changedUri : content://com.qolsys.qolsysprovider.QolsysSettingsProvider/qolsyssettings/update/:{"eventName":"dbChanged","dbOperation":"update","uri":"content:\/\/com.qolsys.qolsysprovider.QolsysSettingsProvider\/qolsyssettings","tcc":13510,"selection":"name=?","selectionArgs":"[EXIT_BEEPS]","contentValues":{"name":"EXIT_BEEPS","value":"ON"}}
11-16 15:05:10.395 11637 11668 D QolsysApp: CCObserver:: onChange() Received Uri: content://com.qolsys.qolsysprovider.QolsysSettingsProvider/qolsyssettings/update/:{"eventName":"dbChanged","dbOperation":"update","uri":"content:\/\/com.qolsys.qolsysprovider.QolsysSettingsProvider\/qolsyssettings","tcc":13510,"selection":"name=?","selectionArgs":"[EXIT_BEEPS]","contentValues":{"name":"EXIT_BEEPS","value":"ON"}}
11-16 15:05:10.396 11637 11668 D QolsysApp: CCObserver:: contentValues: {"name":"EXIT_BEEPS","value":"ON"}
11-16 15:05:10.396  1702  5157 D QolsysProvider: MasterSlaveAPI:: informDBUpdateEvent() started
11-16 15:05:10.396  1702  5157 D QolsysProvider: IQMasterClient:: sendMessage() called
11-16 15:05:10.396  1702  5157 D QolsysProvider: IQMasterClient:: isRemoteDeviceListEmpty() result value is:false, remoteDevices:{34:c3:d2:65:df:a9=remoteClient_paho18899228074676, 34:c3:d2:63:d9:27=remoteClient_paho5750471039074}
11-16 15:05:10.396  1702  5157 I QolsysProvider: IQMasterClient:: publish() Publishing to topic "iq2meid" qos 0and reqStr:{"eventName":"dbChanged","dbOperation":"update","uri":"content:\/\/com.qolsys.qolsysprovider.QolsysSettingsProvider\/qolsyssettings","changedUri":"content:\/\/com.qolsys.qolsysprovider.QolsysSettingsProvider\/qolsyssettings\/update\/:{\"eventName\":\"dbChanged\",\"dbOperation\":\"update\",\"uri\":\"content:\\\/\\\/com.qolsys.qolsysprovider.QolsysSettingsProvider\\\/qolsyssettings\",\"tcc\":13510,\"selection\":\"name=?\",\"selectionArgs\":\"[EXIT_BEEPS]\",\"contentValues\":{\"name\":\"EXIT_BEEPS\",\"value\":\"ON\"}}","selection":"name=?","selectionArgs":"[EXIT_BEEPS]","contentValues":{"name":"EXIT_BEEPS","value":"ON"}}
11-16 15:05:10.397  1702  3634 I QolsysProvider: IQMasterClient:: delivery complete
11-16 15:05:10.400  1702  5157 D QolsysProvider: IQMasterClient:: sendMessage() message sent to broker with topic: iq2meid
11-16 15:05:10.401  1702  5157 D QolsysProvider: BaseProvider:: update() completed rowsUpdated: 1
11-16 15:05:10.401  1702  5209 D QolsysProvider: HistoryContentProvider:: insert() bulkInsert : null
11-16 15:05:10.401  1702  5209 D QolsysProvider: BaseProvider:: insert() uri: content://com.qolsys.qolsysprovider.HistoryContentProvider/history
11-16 15:05:10.403  1702  7084 D QolsysProvider: BaseProvider:: query() uri : content://com.qolsys.qolsysprovider.StateContentProvider/state Selection: name=?
11-16 15:05:10.405 11687 11706 D DTMF    : CCObserver:: onChange() Received Uri: content://com.qolsys.qolsysprovider.QolsysSettingsProvider/qolsyssettings/update/:{"eventName":"dbChanged","dbOperation":"update","uri":"content:\/\/com.qolsys.qolsysprovider.QolsysSettingsProvider\/qolsyssettings","tcc":13510,"selection":"name=?","selectionArgs":"[EXIT_BEEPS]","contentValues":{"name":"EXIT_BEEPS","value":"ON"}}
11-16 15:05:10.405  2097  2252 I decoder : ERROR: Word six in model has only one variant
11-16 15:05:10.405 11687 11706 D DTMF    : CCObserver:: contentValues: {"name":"EXIT_BEEPS","value":"ON"}
11-16 15:05:10.406 11687 11687 I DTMF    : CCObserver:: isHandlerExistInList() handler exist for URIcontent://com.qolsys.qolsysprovider.QolsysSettingsProvider/qolsyssettings, CCObserverHandler:com.qolsys.dtmf.DTMFService$SettingsTableChangeHandler@ec5324a, registeredBycom.qolsys.dtmf.DTMFService@c413e9f
11-16 15:05:10.406 11687 11687 D DTMF    : CCObserver:: handler exists in the list
11-16 15:05:10.411  1702  7084 D QolsysProvider: BaseProvider:: query() completed
11-16 15:05:10.411  1702  5209 D QolsysProvider: BaseProvider:: insert() changedUri: content://com.qolsys.qolsysprovider.HistoryContentProvider/history/insert/:{"eventName":"dbChanged","dbOperation":"insert","uri":"content:\/\/com.qolsys.qolsysprovider.HistoryContentProvider\/history","tcc":757,"contentValues":{"device":"${Key Fob 26} (26)","events":"Arm-Away","ack":"","time":"1510844710401","type":""}}
11-16 15:05:10.412 11637 11668 D QolsysApp: CCObserver:: onChange() Received Uri: content://com.qolsys.qolsysprovider.HistoryContentProvider/history/insert/:{"eventName":"dbChanged","dbOperation":"insert","uri":"content:\/\/com.qolsys.qolsysprovider.HistoryContentProvider\/history","tcc":757,"contentValues":{"device":"${Key Fob 26} (26)","events":"Arm-Away","ack":"","time":"1510844710401","type":""}}
11-16 15:05:10.412 11637 11668 I QolsysApp: JsonUtil:: getString() no value found corresponding to key: selection Exception : No value for selection
11-16 15:05:10.412 11637 11668 I QolsysApp: JsonUtil:: getString() no value found corresponding to key: selectionArgs Exception : No value for selectionArgs
11-16 15:05:10.412 11637 11668 D QolsysApp: CCObserver:: contentValues: {"device":"${Key Fob 26} (26)","events":"Arm-Away","ack":"","time":"1510844710401","type":""}
11-16 15:05:10.412  1702  5209 D QolsysProvider: MasterSlaveAPI:: informDBInsertEvent() started
11-16 15:05:10.412  1702  5209 D QolsysProvider: IQMasterClient:: sendMessage() called
11-16 15:05:10.412  1702  5209 D QolsysProvider: IQMasterClient:: isRemoteDeviceListEmpty() result value is:false, remoteDevices:{34:c3:d2:65:df:a9=remoteClient_paho18899228074676, 34:c3:d2:63:d9:27=remoteClient_paho5750471039074}
11-16 15:05:10.413  1702  5209 I QolsysProvider: IQMasterClient:: publish() Publishing to topic "iq2meid" qos 0and reqStr:{"eventName":"dbChanged","dbOperation":"insert","uri":"content:\/\/com.qolsys.qolsysprovider.HistoryContentProvider\/history","changedUri":"content:\/\/com.qolsys.qolsysprovider.HistoryContentProvider\/history\/insert\/:{\"eventName\":\"dbChanged\",\"dbOperation\":\"insert\",\"uri\":\"content:\\\/\\\/com.qolsys.qolsysprovider.HistoryContentProvider\\\/history\",\"tcc\":757,\"contentValues\":{\"device\":\"${Key Fob 26} (26)\",\"events\":\"Arm-Away\",\"ack\":\"\",\"time\":\"1510844710401\",\"type\":\"\"}}","contentValues":{"device":"${Key Fob 26} (26)","events":"Arm-Away","ack":"","time":"1510844710401","type":""}}
11-16 15:05:10.413 11637 11637 D QolsysApp: BaseDAO:: populateData Called
11-16 15:05:10.414  1702  3634 I QolsysProvider: IQMasterClient:: delivery complete
11-16 15:05:10.414  1702  5209 D QolsysProvider: IQMasterClient:: sendMessage() message sent to broker with topic: iq2meid
11-16 15:05:10.414  1702  5209 D QolsysProvider: BaseProvider:: insert() Completed: content://com.qolsys.qolsysprovider.HistoryContentProvider/history/976
11-16 15:05:10.414 11637 11637 D QolsysApp: CPBaseDAOImpl:: read() arrayList count 1
11-16 15:05:10.414 11637 11637 D QolsysApp: T3HomeFragment:: setPanelStatusIcons() alarmState : None
11-16 15:05:10.414 11637 11637 D QolsysApp: T3HomeFragment:: isPanelTestArmDisarmStarted()  called
11-16 15:05:10.414 11637 11637 D QolsysApp: PanelTestManager:: isArmDisarmTestStarted() called
11-16 15:05:10.414 11637 11637 D QolsysApp: PanelTestManager:: isArmDisarmTestStarted() started return false case
11-16 15:05:10.414 11637 11637 D QolsysApp: PanelTestManager:: isArmDisarmTestCompleted() called
11-16 15:05:10.414 11637 11637 D QolsysApp: PanelTestManager:: isArmDisarmTestCompleted() return fasle
11-16 15:05:10.414 11637 11637 D QolsysApp: T3DialogManager:: showArmAwayDialog() called
11-16 15:05:10.414  1147  1712 D QolsysBackend: CPBaseDAOImpl:: create() returnUriStr: content://com.qolsys.qolsysprovider.HistoryContentProvider/history/976
11-16 15:05:10.414  1702 26792 D QolsysProvider: BaseProvider:: update() uri : content://com.qolsys.qolsysprovider.StateContentProvider/state Selection: name=?
11-16 15:05:10.417 11687 11706 D DTMF    : CCObserver:: onChange() Received Uri: content://com.qolsys.qolsysprovider.HistoryContentProvider/history/insert/:{"eventName":"dbChanged","dbOperation":"insert","uri":"content:\/\/com.qolsys.qolsysprovider.HistoryContentProvider\/history","tcc":757,"contentValues":{"device":"${Key Fob 26} (26)","events":"Arm-Away","ack":"","time":"1510844710401","type":""}}
11-16 15:05:10.417 11687 11706 I DTMF    : JsonUtil:: getString() no value found corresponding to key: selection Exception : No value for selection
11-16 15:05:10.417 11687 11706 I DTMF    : JsonUtil:: getString() no value found corresponding to key: selectionArgs Exception : No value for selectionArgs
11-16 15:05:10.417 11687 11706 D DTMF    : CCObserver:: contentValues: {"device":"${Key Fob 26} (26)","events":"Arm-Away","ack":"","time":"1510844710401","type":""}
11-16 15:05:10.419 11637 11637 D QolsysApp: T3CDialog:: resizeDialog() actual device width:1280 height:736
11-16 15:05:10.419 11637 11637 D QolsysApp: T3CDialog:: resizeDialog() required childView width:1000 height:550
11-16 15:05:10.419 11637 11637 D QolsysApp: T3CDialog:: resizeDialog() calculated childView width:1000 height:550
11-16 15:05:10.419 11637 11637 D QolsysApp: T3CDialog:: resizeDialog() actual device width:1280 height:736
11-16 15:05:10.419 11637 11637 D QolsysApp: T3CDialog:: resizeDialog() required childView width:1280 height:736
11-16 15:05:10.419 11637 11637 D QolsysApp: T3CDialog:: resizeDialog() calculated childView width:1280 height:736
11-16 15:05:10.419 11637 11637 D QolsysApp: T3DialogManager:: closeAllDialogsForcefully() called
11-16 15:05:10.419 11637 11637 D QolsysApp: T3DialogManager:: closeAllDialogsForcefully() completed
11-16 15:05:10.419 11637 11637 D QolsysApp: T3DialogManager:: showDialogWithLevel() started with DialogLevel: L1 ordinal : 0 stack.size() : 0
11-16 15:05:10.419 11637 11637 D QolsysApp: T3HomeFragment:: handleViewPagerScrollingForArmDisarmTest() called
11-16 15:05:10.419 11637 11637 D QolsysApp: T3HomeFragment:: isPanelTestArmDisarmStarted()  called
11-16 15:05:10.419 11637 11637 D QolsysApp: PanelTestManager:: isArmDisarmTestStarted() called
11-16 15:05:10.419 11637 11637 D QolsysApp: PanelTestManager:: isArmDisarmTestStarted() started return false case
11-16 15:05:10.419 11637 11637 D QolsysApp: PanelTestManager:: isArmDisarmTestCompleted() called
11-16 15:05:10.419 11637 11637 D QolsysApp: PanelTestManager:: isArmDisarmTestCompleted() return fasle
11-16 15:05:10.419 11637 11637 D QolsysApp: T3HomeFragment::  isShowEmergencyDialogOnDelayCanclled : false
11-16 15:05:10.420 11637 11637 I QolsysApp: CCObserver:: isHandlerExistInList() handler exist for URIcontent://com.qolsys.qolsysprovider.QolsysSettingsProvider/qolsyssettings, CCObserverHandler:com.qolsys.theme3.T3HeaderFragment$SettingsTableChangeHandler@1203b0dc, registeredByT3HeaderFragment{319d85e5 #0 id=0x7f0c005c}
11-16 15:05:10.420 11637 11637 D QolsysApp: CCObserver:: handler exists in the list
11-16 15:05:10.420 11637 11637 I QolsysApp: CCObserver:: isHandlerExistInList() handler exist for URIcontent://com.qolsys.qolsysprovider.QolsysSettingsProvider/qolsyssettings, CCObserverHandler:com.qolsys.gallery.UserInactivityService$SettingsTableChangeHandler@1bd4e512, registeredBycom.qolsys.gallery.UserInactivityService@1ca32b47
11-16 15:05:10.420 11637 11637 D QolsysApp: CCObserver:: handler exists in the list
11-16 15:05:10.420 11637 11637 D QolsysApp: UserInactivityService:: handleUpdate() key:SYSTEM_STATUS val:ARM-AWAY
11-16 15:05:10.422 11637 11637 I QolsysApp: CCObserver:: isHandlerExistInList() handler exist for URIcontent://com.qolsys.qolsysprovider.QolsysSettingsProvider/qolsyssettings, CCObserverHandler:com.qolsys.systemsettings.wifi.MyHomeWifiHandler$SettingsTableChangeHandler@29e39d7d, registeredBycom.qolsys.systemsettings.wifi.MyHomeWifiHandler@3b945472
11-16 15:05:10.423 11637 11637 D QolsysApp: CCObserver:: handler exists in the list
11-16 15:05:10.423 11637 11637 I QolsysApp: CCObserver:: isHandlerExistInList() handler exist for URIcontent://com.qolsys.qolsysprovider.QolsysSettingsProvider/qolsyssettings, CCObserverHandler:com.qolsys.stateadapter.FSPAHealthTestFragment$SettingsTableChangeHandler@12a34d40, registeredByFSPAHealthTestFragment{30919479 #1 id=0x7f0c04e0}
11-16 15:05:10.423 11637 11637 D QolsysApp: CCObserver:: handler exists in the list
11-16 15:05:10.423 11637 11637 D QolsysApp: FSPAHealthTestFragment:: key : SYSTEM_STATUS value : ARM-AWAY
11-16 15:05:10.423 11637 11637 D QolsysApp: CPAdapter:: startUpdate() called.
11-16 15:05:10.423 11637 11637 D QolsysApp: CPAdapter:: finishUpdate() called
11-16 15:05:10.424 11637 11637 D QolsysApp: CPAdapter:: startUpdate() called.
11-16 15:05:10.424 11637 11637 D QolsysApp: CPAdapter:: finishUpdate() called
11-16 15:05:10.425  1702 26792 D QolsysProvider: BaseProvider:: update() changedUri : content://com.qolsys.qolsysprovider.StateContentProvider/state/update/:{"eventName":"dbChanged","dbOperation":"update","uri":"content:\/\/com.qolsys.qolsysprovider.StateContentProvider\/state","tcc":1962,"selection":"name=?","selectionArgs":"[TO_BE_BYPASSABLE_SENSORS]","contentValues":{"extraparams":"{}","name":"TO_BE_BYPASSABLE_SENSORS","value":"{}"}}
11-16 15:05:10.426 11637 11668 D QolsysApp: CCObserver:: onChange() Received Uri: content://com.qolsys.qolsysprovider.StateContentProvider/state/update/:{"eventName":"dbChanged","dbOperation":"update","uri":"content:\/\/com.qolsys.qolsysprovider.StateContentProvider\/state","tcc":1962,"selection":"name=?","selectionArgs":"[TO_BE_BYPASSABLE_SENSORS]","contentValues":{"extraparams":"{}","name":"TO_BE_BYPASSABLE_SENSORS","value":"{}"}}
11-16 15:05:10.426 11637 11668 D QolsysApp: CCObserver:: contentValues: {"extraparams":"{}","name":"TO_BE_BYPASSABLE_SENSORS","value":"{}"}
11-16 15:05:10.426  1702 26792 D QolsysProvider: MasterSlaveAPI:: informDBUpdateEvent() started
11-16 15:05:10.426  1702 26792 D QolsysProvider: IQMasterClient:: sendMessage() called
11-16 15:05:10.427  1702 26792 D QolsysProvider: IQMasterClient:: isRemoteDeviceListEmpty() result value is:false, remoteDevices:{34:c3:d2:65:df:a9=remoteClient_paho18899228074676, 34:c3:d2:63:d9:27=remoteClient_paho5750471039074}
11-16 15:05:10.427 11687 11706 D DTMF    : CCObserver:: onChange() Received Uri: content://com.qolsys.qolsysprovider.StateContentProvider/state/update/:{"eventName":"dbChanged","dbOperation":"update","uri":"content:\/\/com.qolsys.qolsysprovider.StateContentProvider\/state","tcc":1962,"selection":"name=?","selectionArgs":"[TO_BE_BYPASSABLE_SENSORS]","contentValues":{"extraparams":"{}","name":"TO_BE_BYPASSABLE_SENSORS","value":"{}"}}
11-16 15:05:10.428  1702 26792 I QolsysProvider: IQMasterClient:: publish() Publishing to topic "iq2meid" qos 0and reqStr:{"eventName":"dbChanged","dbOperation":"update","uri":"content:\/\/com.qolsys.qolsysprovider.StateContentProvider\/state","changedUri":"content:\/\/com.qolsys.qolsysprovider.StateContentProvider\/state\/update\/:{\"eventName\":\"dbChanged\",\"dbOperation\":\"update\",\"uri\":\"content:\\\/\\\/com.qolsys.qolsysprovider.StateContentProvider\\\/state\",\"tcc\":1962,\"selection\":\"name=?\",\"selectionArgs\":\"[TO_BE_BYPASSABLE_SENSORS]\",\"contentValues\":{\"extraparams\":\"{}\",\"name\":\"TO_BE_BYPASSABLE_SENSORS\",\"value\":\"{}\"}}","selection":"name=?","selectionArgs":"[TO_BE_BYPASSABLE_SENSORS]","contentValues":{"extraparams":"{}","name":"TO_BE_BYPASSABLE_SENSORS","value":"{}"}}
11-16 15:05:10.428 11687 11706 D DTMF    : CCObserver:: contentValues: {"extraparams":"{}","name":"TO_BE_BYPASSABLE_SENSORS","value":"{}"}
11-16 15:05:10.430  1702  3634 I QolsysProvider: IQMasterClient:: delivery complete
11-16 15:05:10.430  1702 26792 D QolsysProvider: IQMasterClient:: sendMessage() message sent to broker with topic: iq2meid
11-16 15:05:10.430  1702 26792 D QolsysProvider: BaseProvider:: update() completed rowsUpdated: 1
11-16 15:05:10.431  1147  1712 D QolsysBackend: QUtilServiceCommunicator:: setLEDGreenLight() called status:0
11-16 15:05:10.431  1147  1712 D QolsysBackend: BaseCommunicator:: talkToServiceTwoWay() serviceName: qutilservice
11-16 15:05:10.431  1147  1712 D QolsysBackend: BaseCommunicator:: talkToService() serviceName: qutilservice
11-16 15:05:10.432  1147  1712 D QolsysBackend: BaseCommunicator:: fillDataParcel()
11-16 15:05:10.432   255  3184 D qutilservice: OnTransact(13,16)
11-16 15:05:10.433   255  3184 E qutilservice: Gled_status is GOF
11-16 15:05:10.433  1147  1712 D QolsysBackend: BaseCommunicator:: fillResponseWithReply()
11-16 15:05:10.433  1147  1712 D QolsysBackend: BaseCommunicator:: recycleParcelObjects() called
11-16 15:05:10.433  1147  1712 D QolsysBackend: QUtilServiceCommunicator:: setLEDRedLight() called status:1
11-16 15:05:10.433  1147  1712 D QolsysBackend: BaseCommunicator:: talkToServiceTwoWay() serviceName: qutilservice
11-16 15:05:10.433  1147  1712 D QolsysBackend: BaseCommunicator:: talkToService() serviceName: qutilservice
11-16 15:05:10.433  1147  1712 D QolsysBackend: BaseCommunicator:: fillDataParcel()
11-16 15:05:10.434   255   255 D qutilservice: OnTransact(12,16)
11-16 15:05:10.434  1147  1712 D QolsysBackend: BaseCommunicator:: fillResponseWithReply()
11-16 15:05:10.435  1147  1712 D QolsysBackend: BaseCommunicator:: recycleParcelObjects() called
11-16 15:05:10.435  1147  1712 I QolsysBackend: AdcServiceCommunicator:: Trying to Send ADC Events eventID=2 source=0 payload0=26 payload1=1
11-16 15:05:10.435  1147  1712 D QolsysBackend: BaseCommunicator:: talkToServiceOneWay() serviceName: adcservice
11-16 15:05:10.435  1147  1712 D QolsysBackend: BaseCommunicator:: talkToService() serviceName: adcservice
11-16 15:05:10.435  1147  1712 D QolsysBackend: BaseCommunicator:: fillDataParcel()
11-16 15:05:10.435  1147  1712 D QolsysBackend: BaseCommunicator:: recycleParcelObjects() called
11-16 15:05:10.435  1961  2004 I ADCService: OnTransact(ADC_TRANSACTION_sendPanelEvent, flags=17)
11-16 15:05:10.435  1147  1712 D QolsysBackend: HomeKitServiceCommunicator:: not sending event to home kit as feature is disabled
11-16 15:05:10.435  1961  2004 I ADCService: ADC_TRANSACTION_sendPanelEvent, event=2, payload0=26, payload1=1)
11-16 15:05:10.435  1961  2004 I ADCService: EVENT_ARM_AWAY, userID = 26, keyfob = TRUE.
11-16 15:05:10.435  1147  1712 D QolsysBackend: AdcEvents:: event payload number of bytes:16
11-16 15:05:10.435  1147  1712 D QolsysBackend: IqcFrameBuffer:: payload dataLen:byte buff len =16
11-16 15:05:10.435  1147  1712 D QolsysBackend: IqcFrameBuffer:: event header length:14
11-16 15:05:10.435  1147  1712 D QolsysBackend: IqcFrameBuffer:: event full frame length:30
11-16 15:05:10.435  1147  1712 D QolsysBackend: BaseCommunicator:: talkToServiceOneWay() serviceName: iqcnativeservice
11-16 15:05:10.435  1147  1712 D QolsysBackend: BaseCommunicator:: talkToService() serviceName: iqcnativeservice
11-16 15:05:10.435  1147  1712 D QolsysBackend: BaseCommunicator:: fillDataParcel()
11-16 15:05:10.436  1147  1712 D QolsysBackend: BaseCommunicator:: recycleParcelObjects() called
11-16 15:05:10.436  1147  1712 D QolsysBackend: AdcPersistenceEvent:: addAdcEventsToQueue() eventName : PANEL_STATE zoneId : 26 alarmType : Key Fob eventId : 2
11-16 15:05:10.436  1962  1962 D iqcnativeservice: OnTransact(1,17)
11-16 15:05:10.436  1962  1962 D iqcnativeservice: priority:1 byte arry len ::30
11-16 15:05:10.436  1962  1962 D iqcnativeservice:  value = Values of 30 byte Key = 00ff00005a0da926000001b3001000000002000000000000001a00000001
11-16 15:05:10.436  1962  1962 D iqcnativeservice: send success
11-16 15:05:10.436  1702  2124 D QolsysProvider: BaseProvider:: query() uri : content://com.qolsys.qolsysprovider.SensorContentProvider/sensor Selection: sensorid=? and current_capability!=?
11-16 15:05:10.437  1702  2124 D QolsysProvider: BaseProvider:: query() completed
11-16 15:05:10.441  1147  1712 D QolsysBackend: CPBaseDAOImpl:: read() arrayList count 0
11-16 15:05:10.445 11637 11637 I QolsysApp: CCObserver:: isHandlerExistInList() handler exist for URIcontent://com.qolsys.qolsysprovider.QolsysSettingsProvider/qolsyssettings, CCObserverHandler:com.qolsys.activites.Theme3HomeActivity$SettingsTableChangeHandler@ab6f903, registeredBycom.qolsys.activites.Theme3HomeActivity@f07f6f
11-16 15:05:10.445 11637 11637 D QolsysApp: CCObserver:: handler exists in the list
11-16 15:05:10.446  1702  5260 D QolsysProvider: BaseProvider:: query() uri : content://com.qolsys.qolsysprovider.QolsysSettingsProvider/qolsyssettings Selection: name=?
11-16 15:05:10.446  1702  5260 D QolsysProvider: BaseProvider:: query() completed
11-16 15:05:10.448  1147  1712 D QolsysBackend: BaseDAO:: populateData Called
11-16 15:05:10.449  1147  1712 D QolsysBackend: CPBaseDAOImpl:: read() arrayList count 1
11-16 15:05:10.449 11637 11637 D QolsysApp: Theme3HomeActivity:: handleUpdate() curVisibleFrag=FSPAViewPagerFragment{66ea714 #2 id=0x7f0c005d}key : SYSTEM_STATUS_CHANGED_TIME value : ARM-AWAY,1510844710363
11-16 15:05:10.450 11637 11637 I QolsysApp: CCObserver:: isHandlerExistInList() handler exist for URIcontent://com.qolsys.qolsysprovider.QolsysSettingsProvider/qolsyssettings, CCObserverHandler:com.qolsys.theme3.T3HeaderFragment$SettingsTableChangeHandler@1203b0dc, registeredByT3HeaderFragment{319d85e5 #0 id=0x7f0c005c}
11-16 15:05:10.450 11637 11637 D QolsysApp: CCObserver:: handler exists in the list
11-16 15:05:10.450 11637 11637 I QolsysApp: CCObserver:: isHandlerExistInList() handler exist for URIcontent://com.qolsys.qolsysprovider.QolsysSettingsProvider/qolsyssettings, CCObserverHandler:com.qolsys.gallery.UserInactivityService$SettingsTableChangeHandler@1bd4e512, registeredBycom.qolsys.gallery.UserInactivityService@1ca32b47
11-16 15:05:10.450  1702 27747 D QolsysProvider: BaseProvider:: update() uri : content://com.qolsys.qolsysprovider.SensorContentProvider/sensor Selection: zoneid=?
11-16 15:05:10.450 11637 11637 D QolsysApp: CCObserver:: handler exists in the list
11-16 15:05:10.450 11637 11637 D QolsysApp: UserInactivityService:: handleUpdate() key:SYSTEM_STATUS_CHANGED_TIME val:ARM-AWAY,1510844710363
11-16 15:05:10.450 11637 11637 I QolsysApp: CCObserver:: isHandlerExistInList() handler exist for URIcontent://com.qolsys.qolsysprovider.QolsysSettingsProvider/qolsyssettings, CCObserverHandler:com.qolsys.systemsettings.wifi.MyHomeWifiHandler$SettingsTableChangeHandler@29e39d7d, registeredBycom.qolsys.systemsettings.wifi.MyHomeWifiHandler@3b945472
11-16 15:05:10.450 11637 11637 D QolsysApp: CCObserver:: handler exists in the list
