10-10 13:07:40.326  1095  1976 D QolsysPss: CCObserver:: notifyUpdate(): CCObserverHandler:qolib.hardware.qolsys.periodicjobs.IQMSJob$SettingsTableChangeHandler@3899cf7, registeredByclass qolib.hardware.qolsys.periodicjobs.IQMSJob
10-10 13:07:40.326  1095  1976 D QolsysPss: IQMSJob:: PanelReadyToUpgradeJob : scheduleUpgrade -- key :SYSTEM_LOGGED_IN_USER value :
10-10 13:07:40.326  1095  1976 D QolsysPss: CCObserver:: notifyUpdate(): CCObserverHandler:qolib.hardware.qolsys.jobs.FireSafetyTroubleBeepsJob$SettingsTableChangeHandler@fc463da, registeredByclass qolib.hardware.qolsys.jobs.FireSafetyTroubleBeepsJob
10-10 13:07:40.326  1095  1976 D QolsysPss: FireSafetyTroubleBeepsJob:: SettingsTable handleUpdate() called
10-10 13:07:40.326  1095  1976 D QolsysPss: FireSafetyTroubleBeepsJob:: SettingsTable handleUpdate() key : SYSTEM_LOGGED_IN_USER
10-10 13:07:40.326  1095  1976 D QolsysPss: CCObserver:: notifyUpdate(): CCObserverHandler:qolib.hardware.qolsys.periodicjobs.UploadRemoteLogsJob$SettingsTableChangeHandler@1f75f300, registeredByUploadRemoteLogsJob
10-10 13:07:40.326  1095  1976 D QolsysPss: UploadRemoteLogsJob:: key is SYSTEM_LOGGED_IN_USER value is
10-10 13:07:40.326  1095  1976 D QolsysPss: CCObserver:: notifyUpdate(): CCObserverHandler:qolib.hardware.qolsys.periodicjobs.SupervisoryCheckJob$SettingsTableChangeHandler@2adcf6df, registeredByqolib.hardware.qolsys.periodicjobs.SupervisoryCheckJob$ScheduleSupervisoryCheckRunnable@22c73f2c
10-10 13:07:40.326  1095  1976 D QolsysPss: CCObserver:: notifyUpdate(): CCObserverHandler:qolib.hardware.qolsys.periodicjobs.GoogleAuthInitJob$SettingsTableChangeListener@c1d7df5, registeredByGoogleAuthInitJob
10-10 13:07:40.326  1095  1976 D QolsysPss: GoogleAuthInitJob:: settingsKey : SYSTEM_LOGGED_IN_USER settingsVal :
10-10 13:07:40.326  1095  1976 D QolsysPss: CCObserver:: notifyUpdate(): CCObserverHandler:qolib.hardware.qolsys.periodicjobs.BluetoothDisarm$SettingsTableChangeHandler@3122fc7, registeredByBluetoothDisarm
10-10 13:07:40.326  1095  1976 D QolsysPss: CCObserver:: notifyUpdate(): CCObserverHandler:qolib.hardware.qolsys.util.HomeControlAutomation$SettingsTableChangeHandler@13211ad1, registeredByqolib.hardware.qolsys.util.HomeControlAutomation@3408f95b
10-10 13:07:40.327  1095  1976 D QolsysPss: CCObserver:: notifyUpdate(): CCObserverHandler:qolib.hardware.qolsys.proxyapi.ProxyDeviceEventListener$SettingsContentChangeHandler@58bbee, registeredBynull
10-10 13:07:40.327  1095  1976 D QolsysPss: ProxyDeviceEventListener:: name=SYSTEM_LOGGED_IN_USER value= partition_id=0
10-10 13:07:40.327  1095  1976 D QolsysPss: CCObserver:: onChange() Received Uri: content://com.qolsys.qolsysprovider.QolsysSettingsProvider/qolsyssettings/update/:{"eventName":"dbChanged","dbOperation":"update","uri":"content:\/\/com.qolsys.qolsysprovider.QolsysSettingsProvider\/qolsyssettings","tcc":1022,"selection":"name=? and partition_id =?","selectionArgs":"[SYSTEM_STATUS, 0]","contentValues":{"name":"SYSTEM_STATUS","partition_id":"0","value":"ARM-STAY"}}
10-10 13:07:40.327  1095  1976 D QolsysPss: CCObserver:: contentValues: {"name":"SYSTEM_STATUS","partition_id":"0","value":"ARM-STAY"}
10-10 13:07:40.327  1095  1976 D QolsysPss: CCObserver:: notifyUpdate()  ccOberserHandlerList.size() : 21
10-10 13:07:40.327  1095  1976 D QolsysPss: CCObserver:: notifyUpdate(): CCObserverHandler:qolib.hardware.qolsys.jobs.SecureSensorsSyncJob$SettingsTableChangeHandler@3e5cae04, registeredByclass qolib.hardware.qolsys.jobs.SecureSensorsSyncJob
10-10 13:07:40.327  1095  1976 D QolsysPss: SecureSensorsSynJob :: handleUpdate() called
10-10 13:07:40.327  1095  1976 D QolsysPss: SecureSensorsSynJob :: handleUpdate() key:SYSTEM_STATUS
10-10 13:07:40.327  1095  1976 D QolsysPss: CCObserver:: notifyUpdate(): CCObserverHandler:qolib.hardware.qolsys.api.PowerGCameraAPI$SettingsTableChangeHandler@25937fed, registeredByandroid.app.ContextImpl@38676816
10-10 13:07:40.327  1095  1976 D QolsysPss: PowerGCameraAPI:: handleUpdate() Settings Table Key: SYSTEM_STATUS Val: ARM-STAY
10-10 13:07:40.327  1095  1976 D QolsysPss: PowerGCameraAPI:: handleUpdate() system armed, resetting picture count for all cameras in partition: 0
10-10 13:07:40.328  1662 31971 D QolsysProvider: BaseProvider:: query() uri : content://com.qolsys.qolsysprovider.SensorContentProvider/sensor Selection: sensortype=? AND current_capability =? AND partition_id =?
10-10 13:07:40.329  1662 31971 D QolsysProvider: BaseProvider:: query() completed
10-10 13:07:40.332  1095  1976 D QolsysPss: CPBaseDAOImpl:: read() arrayList count 0
10-10 13:07:40.332  1095  1976 D QolsysPss: CCObserver:: notifyUpdate(): CCObserverHandler:qolib.hardware.qolsys.upgrade.UpgradeManager$SettingsTableChangeHandler@64a20b3, registeredByclass qolib.hardware.qolsys.upgrade.UpgradeManager
10-10 13:07:40.332  1095  1976 D QolsysPss: UpgradeManager:: key :SYSTEM_STATUSvalue: ARM-STAY
10-10 13:07:40.332  1095  1976 D QolsysPss: CCObserver:: notifyUpdate(): CCObserverHandler:qolib.hardware.qolsys.util.PowerGUtils$SettingsTableChangeHandler@35374a51, registeredByqolib.hardware.qolsys.util.PowerGUtils$PowerGSupervisory@cd582b6
10-10 13:07:40.332  1095  1976 D QolsysPss: PowerGUtils:: Settings Table Key: SYSTEM_STATUS Val: ARM-STAY
10-10 13:07:40.332  1095  1976 D QolsysPss: PowerGUtils:: Setting motions and cameras for panel state: ARM-STAY partition: 0
10-10 13:07:40.333  2058  2058 D ADCService: (ip_check_outgoing_queue) Waiting for ack.
10-10 13:07:40.334  1662 26983 D QolsysProvider: BaseProvider:: query() uri : content://com.qolsys.qolsysprovider.SensorContentProvider/sensor Selection: sensortype=? AND current_capability =? AND partition_id =?
10-10 13:07:40.335  1662 26983 D QolsysProvider: BaseProvider:: query() completed
10-10 13:07:40.337  1095  1976 D QolsysPss: CPBaseDAOImpl:: read() arrayList count 0
10-10 13:07:40.338  1662  2049 D QolsysProvider: BaseProvider:: query() uri : content://com.qolsys.qolsysprovider.SensorContentProvider/sensor Selection: sensortype=? AND current_capability =? AND partition_id =?
10-10 13:07:40.338  1662  2049 D QolsysProvider: BaseProvider:: query() completed
10-10 13:07:40.341  1095  1976 D QolsysPss: CPBaseDAOImpl:: read() arrayList count 0
10-10 13:07:40.341  1662 24679 D QolsysProvider: BaseProvider:: query() uri : content://com.qolsys.qolsysprovider.SensorContentProvider/sensor Selection: sensortype=? AND current_capability =? AND sensorstatus !=? AND partition_id =? AND zone_feature3 =?
10-10 13:07:40.344  1662 24679 D QolsysProvider: BaseProvider:: query() completed
10-10 13:07:40.347  1095  1976 D QolsysPss: CPBaseDAOImpl:: read() arrayList count 0
10-10 13:07:40.347  1662  2374 D QolsysProvider: BaseProvider:: query() uri : content://com.qolsys.qolsysprovider.SensorContentProvider/sensor Selection: sensortype=? AND current_capability =?
10-10 13:07:40.349  1662  2374 D QolsysProvider: BaseProvider:: query() completed
10-10 13:07:40.353  1095  1976 D QolsysPss: CPBaseDAOImpl:: read() arrayList count 0
10-10 13:07:40.354  1662 31971 D QolsysProvider: BaseProvider:: query() uri : content://com.qolsys.qolsysprovider.QolsysSettingsProvider/qolsyssettings Selection: name=?
10-10 13:07:40.354  1662  7200 I art     : Explicit concurrent mark sweep GC freed 25015(2MB) AllocSpace objects, 0(0B) LOS objects, 65% free, 2MB/6MB, paused 882us total 62.166ms
10-10 13:07:40.354  1662 31971 D QolsysProvider: BaseProvider:: query() completed
10-10 13:07:40.363  1095  1976 D QolsysPss: CPBaseDAOImpl:: read() arrayList count 1
10-10 13:07:40.363  7065  7065 D QolsysApp: Theme3HomeActivity:: updatePanelMessages() panelMsgsAndAlertsAndAlarmsCount:50
10-10 13:07:40.364  2058  2058 D ADCService: (ip_check_outgoing_queue) Waiting for ack.
10-10 13:07:40.364  2058  2058 D ADCService: ETH HEX (IN): 0x7 bytes
10-10 13:07:40.364  7065  7065 I QolsysApp: CCObserver:: isHandlerExistInList() handler exist for URIcontent://com.qolsys.qolsysprovider.HistoryContentProvider/history, CCObserverHandler:com.qolsys.theme3.T3HeaderFragment$PanelMessagesAndAlertsUpdateHandler@e14e8d8, registeredByT3HeaderFragment{290b04a #0 id=0x7f0c005d}
10-10 13:07:40.364  7065  7065 D QolsysApp: CCObserver:: handler exists in the list
10-10 13:07:40.365  1662  2049 D QolsysProvider: BaseProvider:: query() uri : content://com.qolsys.qolsysprovider.QolsysSettingsProvider/qolsyssettings Selection: name=?
10-10 13:07:40.365  1662  2049 D QolsysProvider: BaseProvider:: query() completed
10-10 13:07:40.367  1662  2049 D QolsysProvider: BaseProvider:: query() uri : content://com.qolsys.qolsysprovider.HistoryContentProvider/history Selection: ( device in (?, ?, ?) OR type in(?,?) )and ack=? and partition_id=?
10-10 13:07:40.367  1662  2049 D QolsysProvider: BaseProvider:: query() completed
10-10 13:07:40.371  7065  7065 D QolsysApp: T3HeaderFragment:: updatePanelMessages() panelMsgsAndAlertsAndAlarmsCount:50
10-10 13:07:40.372  1095  1976 D QolsysPss: CPBaseDAOImpl:: read() arrayList count 1
10-10 13:07:40.373  1662  2202 D QolsysProvider: BaseProvider:: query() uri : content://com.qolsys.qolsysprovider.SensorContentProvider/sensor Selection: sensortype=? AND current_capability =? AND sensorstatus !=? AND partition_id =? AND zone_feature2 =?
10-10 13:07:40.374  1662  2202 D QolsysProvider: BaseProvider:: query() completed
10-10 13:07:40.377  7065  7065 D QolsysApp: SecurityHomeVerticalPagerFragment:: VerticalPagerAdapter getCount() called
10-10 13:07:40.377  7065  7065 D QolsysApp: SecurityHomeVerticalPagerFragment:: VerticalPagerAdapter  getCount() ptebList Size: 1
10-10 13:07:40.377  7065  7065 D QolsysApp: SecurityHomeVerticalPagerFragment:: VerticalPagerAdapter getCount() called
10-10 13:07:40.377  7065  7065 D QolsysApp: SecurityHomeVerticalPagerFragment:: VerticalPagerAdapter  getCount() ptebList Size: 1
10-10 13:07:40.379  7065  7065 D QolsysApp: SecurityHomeVerticalPagerFragment:: VerticalPagerAdapter getCount() called
10-10 13:07:40.379  7065  7065 D QolsysApp: SecurityHomeVerticalPagerFragment:: VerticalPagerAdapter  getCount() ptebList Size: 1
10-10 13:07:40.379  7065  7065 D QolsysApp: SecurityHomeVerticalPagerFragment:: VerticalPagerAdapter getCount() called
10-10 13:07:40.379  7065  7065 D QolsysApp: SecurityHomeVerticalPagerFragment:: VerticalPagerAdapter  getCount() ptebList Size: 1
10-10 13:07:40.380  7065  7065 D QolsysApp: SecurityHomeVerticalPagerFragment:: VerticalPagerAdapter getCount() called
10-10 13:07:40.380  7065  7065 D QolsysApp: SecurityHomeVerticalPagerFragment:: VerticalPagerAdapter  getCount() ptebList Size: 1
10-10 13:07:40.380  7065  7065 D QolsysApp: SecurityHomeVerticalPagerFragment:: VerticalPagerAdapter getCount() called
10-10 13:07:40.380  7065  7065 D QolsysApp: SecurityHomeVerticalPagerFragment:: VerticalPagerAdapter  getCount() ptebList Size: 1
10-10 13:07:40.381  7065  7065 D QolsysApp: SecurityHomeVerticalPagerFragment:: VerticalPagerAdapter getCount() called
10-10 13:07:40.381  7065  7065 D QolsysApp: SecurityHomeVerticalPagerFragment:: VerticalPagerAdapter  getCount() ptebList Size: 1
10-10 13:07:40.381  7065  7065 D QolsysApp: SecurityHomeVerticalPagerFragment:: VerticalPagerAdapter getCount() called
10-10 13:07:40.381  7065  7065 D QolsysApp: SecurityHomeVerticalPagerFragment:: VerticalPagerAdapter  getCount() ptebList Size: 1
10-10 13:07:40.384  7065  7065 D QolsysApp: SecurityHomeVerticalPagerFragment:: VerticalPagerAdapter getCount() called
10-10 13:07:40.384  7065  7065 D QolsysApp: SecurityHomeVerticalPagerFragment:: VerticalPagerAdapter  getCount() ptebList Size: 1
10-10 13:07:40.384  1095  1976 D QolsysPss: CPBaseDAOImpl:: read() arrayList count 0
10-10 13:07:40.384  1095  1976 D QolsysPss: PowerGUtils:: sendSirenEvent() siren list empty, returning
10-10 13:07:40.384  1095  1976 D QolsysPss: CCObserver:: notifyUpdate(): CCObserverHandler:qolib.hardware.qolsys.network.NetworkManager$SettingsTableChangeHandler@2c84ed4a, registeredByNetworkManager
10-10 13:07:40.384  1095  1976 D QolsysPss: NetworkManager:: settingsKey SYSTEM_STATUS settingsValue ARM-STAY
10-10 13:07:40.384  1095  1976 D QolsysPss: CCObserver:: notifyUpdate(): CCObserverHandler:qolib.hardware.qolsys.periodicjobs.EthernetJob$SettingsTableChangeHandler@2ffdcb1c, registeredByEthernetJob
10-10 13:07:40.384  1095  1976 D QolsysPss: EthernetJob:: key is SYSTEM_STATUS value is ARM-STAY
10-10 13:07:40.384  1095  1976 D QolsysPss: CCObserver:: notifyUpdate(): CCObserverHandler:qolib.hardware.qolsys.periodicjobs.WifiAPJob$SettingsTableChangeHandler@37f72f95, registeredByWifiAPJob
10-10 13:07:40.384  1095  1976 D QolsysPss: CCObserver:: notifyUpdate(): CCObserverHandler:qolib.hardware.qolsys.input.InputEventHandler$SettingsTableChangeHandler@bc79fe4, registeredByInputEventHandler
10-10 13:07:40.384  1095  1976 D QolsysPss: CCObserver:: notifyUpdate(): CCObserverHandler:qolib.hardware.qolsys.group.SensorFrameProcessor$QolsysSettingsTableChangeHandler@1144ca14, registeredByclass qolib.hardware.qolsys.group.SensorFrameProcessor
10-10 13:07:40.384  1095  1976 D QolsysPss: SensorFrameProcessor:: QolsysSettingsTableChangeHandler update() called
10-10 13:07:40.384  1095  1976 D QolsysPss: SystemServerMqttClient:: connectToBroker() called
10-10 13:07:40.384  1095  2182 D QolsysPss: InputEventHandler:: msg is { when=0 what=202 obj=qolib.hardware.qolsys.db.beanstore.QolsysSettingsEntityBean@313165ba target=qolib.hardware.qolsys.input.InputEventHandler$IQEventProcessor }
10-10 13:07:40.384  1095  1976 D QolsysPss: SystemServerMqttClient:: connectToBroker() is returning as client is already connected
10-10 13:07:40.384  1095  2182 D QolsysPss: InputEventHandler:: SETTING_CHANGES :: key:SYSTEM_STATUS val:ARM-STAY
10-10 13:07:40.385  1095  1976 D QolsysPss: SensorFrameProcessor:: QolsysSettingsTableChangeHandler update() key :SYSTEM_STATUS value : ARM-STAY
10-10 13:07:40.385  1095  1976 D QolsysPss: CCObserver:: notifyUpdate(): CCObserverHandler:qolib.hardware.qolsys.periodicjobs.QolsysBatteryHandler$SettingsTableChangeHandler@2f2871c8, registeredByQolsysBatteryHandler
10-10 13:07:40.385  1095  2182 D QolsysPss: DisplayTypeStateMachine:: DefaultState :: processMessage():: { when=0 what=202 obj=qolib.hardware.qolsys.db.beanstore.QolsysSettingsEntityBean@313165ba target=com.android.internal.util.StateMachine$SmHandler }
10-10 13:07:40.385  1095  1976 D QolsysPss: CCObserver:: notifyUpdate(): CCObserverHandler:qolib.hardware.qolsys.api.WellnessAlarmApi$SettingsTableChangeHandler@30980c0c, registeredByclass qolib.hardware.qolsys.api.WellnessAlarmApi
10-10 13:07:40.385  1095  1976 I QolsysPss: WellnessAlarmApi:: handleUpdate() Called.
10-10 13:07:40.385  1095  1976 D QolsysPss: CCObserver:: notifyUpdate(): CCObserverHandler:qolib.hardware.qolsys.periodicjobs.HistoryRecordsLimitationJob$SettingsTableChangeHandler@3cd4d5d1, registeredByHistoryRecordsLimitationJob
10-10 13:07:40.385  1095  1976 D QolsysPss: CCObserver:: notifyUpdate(): CCObserverHandler:qolib.hardware.qolsys.periodicjobs.TroubleBeepsJob$SettingsTableChangeHandler@1f3b6e09, registeredByqolib.hardware.qolsys.periodicjobs.TroubleBeepsJob$ScheduleTroubleBeepsRunnable@bcac80e
10-10 13:07:40.385  1095  2182 D QolsysPss: DisplayTypeStateMachine:: SETTING_CHANGES :: key SYSTEM_STATUS val ARM-STAY, qsebPartitionId: 0
10-10 13:07:40.385  1095  1976 D QolsysPss: TroubleBeepsJob:: handleUpdate() key: SYSTEM_STATUS val :ARM-STAY
10-10 13:07:40.385  1095  1976 D QolsysPss: CCObserver:: notifyUpdate(): CCObserverHandler:qolib.hardware.qolsys.periodicjobs.IQMSJob$SettingsTableChangeHandler@3899cf7, registeredByclass qolib.hardware.qolsys.periodicjobs.IQMSJob
10-10 13:07:40.385  1095  1976 D QolsysPss: IQMSJob:: PanelReadyToUpgradeJob : scheduleUpgrade -- key :SYSTEM_STATUS value :ARM-STAY
10-10 13:07:40.385  1095  1976 D QolsysPss: CCObserver:: notifyUpdate(): CCObserverHandler:qolib.hardware.qolsys.jobs.FireSafetyTroubleBeepsJob$SettingsTableChangeHandler@fc463da, registeredByclass qolib.hardware.qolsys.jobs.FireSafetyTroubleBeepsJob
10-10 13:07:40.385  1095  1976 D QolsysPss: FireSafetyTroubleBeepsJob:: SettingsTable handleUpdate() called
10-10 13:07:40.385  1095  1976 D QolsysPss: FireSafetyTroubleBeepsJob:: SettingsTable handleUpdate() key : SYSTEM_STATUS
10-10 13:07:40.385  1095  1976 D QolsysPss: CCObserver:: notifyUpdate(): CCObserverHandler:qolib.hardware.qolsys.periodicjobs.UploadRemoteLogsJob$SettingsTableChangeHandler@1f75f300, registeredByUploadRemoteLogsJob
10-10 13:07:40.385  1095  1976 D QolsysPss: UploadRemoteLogsJob:: key is SYSTEM_STATUS value is ARM-STAY
10-10 13:07:40.385  1095  1976 D QolsysPss: CCObserver:: notifyUpdate(): CCObserverHandler:qolib.hardware.qolsys.periodicjobs.SupervisoryCheckJob$SettingsTableChangeHandler@2adcf6df, registeredByqolib.hardware.qolsys.periodicjobs.SupervisoryCheckJob$ScheduleSupervisoryCheckRunnable@22c73f2c
10-10 13:07:40.385  1095  1976 D QolsysPss: CCObserver:: notifyUpdate(): CCObserverHandler:qolib.hardware.qolsys.periodicjobs.GoogleAuthInitJob$SettingsTableChangeListener@c1d7df5, registeredByGoogleAuthInitJob
10-10 13:07:40.385  1095  1976 D QolsysPss: GoogleAuthInitJob:: settingsKey : SYSTEM_STATUS settingsVal : ARM-STAY
10-10 13:07:40.385  1095  2182 D QolsysPss: ScreenManager:: isScreenInteractive() true
10-10 13:07:40.385  1095  2182 D QolsysPss: QUtilServiceCommunicator:: getPanelSleepStatus() called
10-10 13:07:40.385  1095  1976 D QolsysPss: CCObserver:: notifyUpdate(): CCObserverHandler:qolib.hardware.qolsys.periodicjobs.BluetoothDisarm$SettingsTableChangeHandler@3122fc7, registeredByBluetoothDisarm
10-10 13:07:40.385  1095  2182 D QolsysPss: BaseCommunicator:: talkToServiceTwoWay() serviceName: qutilservice
10-10 13:07:40.385  1095  2182 D QolsysPss: BaseCommunicator:: talkToService() serviceName: qutilservice
10-10 13:07:40.385  1095  2182 D QolsysPss: BaseCommunicator:: fillDataParcel()
10-10 13:07:40.385  1095  1976 D QolsysPss: CCObserver:: notifyUpdate(): CCObserverHandler:qolib.hardware.qolsys.util.HomeControlAutomation$SettingsTableChangeHandler@13211ad1, registeredByqolib.hardware.qolsys.util.HomeControlAutomation@3408f95b
10-10 13:07:40.386  1095  1976 D QolsysPss: CCObserver:: notifyUpdate(): CCObserverHandler:qolib.hardware.qolsys.proxyapi.ProxyDeviceEventListener$SettingsContentChangeHandler@58bbee, registeredBynull
10-10 13:07:40.386  1095  1976 D QolsysPss: ProxyDeviceEventListener:: name=SYSTEM_STATUS value=ARM-STAY partition_id=0
10-10 13:07:40.386   262  1069 D qutilservice: OnTransact(37,16)
10-10 13:07:40.386  1095  1976 D QolsysPss: ProxyDeviceEventListener:: {"event":"ARMING","arming_type":"ARM_STAY","partition_id":0,"version":1}
10-10 13:07:40.386  1095  1976 D QolsysPss: ProxyDevicesMqtt:: sendMessage() {"event":"ARMING","arming_type":"ARM_STAY","partition_id":0,"version":1}
10-10 13:07:40.386   262  1069 D qutilservice: currentBrightness = 255
10-10 13:07:40.386  1095  2182 D QolsysPss: BaseCommunicator:: fillResponseWithReply()
10-10 13:07:40.386  1095  2182 D QolsysPss: BaseCommunicator:: recycleParcelObjects() called
10-10 13:07:40.386  1095  2285 I QolsysPss: ProxyDevicesMqtt:: publish() reqStr: {"event":"ARMING","arming_type":"ARM_STAY","partition_id":0,"version":1}
10-10 13:07:40.386  1095  2285 I QolsysPss: ProxyDevicesMqtt:: publish() topic: PanelEvent
10-10 13:07:40.387  1095  2285 I QolsysPss: ProxyDevicesMqtt:: publish() successfully published msg
10-10 13:07:40.387  1095  1976 D QolsysPss: CCObserver:: onChange() Received Uri: content://com.qolsys.qolsysprovider.QolsysSettingsProvider/qolsyssettings/update/:{"eventName":"dbChanged","dbOperation":"update","uri":"content:\/\/com.qolsys.qolsysprovider.QolsysSettingsProvider\/qolsyssettings","tcc":1023,"selection":"name=? and partition_id =?","selectionArgs":"[SYSTEM_STATUS_CHANGED_TIME, 0]","contentValues":{"name":"SYSTEM_STATUS_CHANGED_TIME","partition_id":"0","value":"ARM-STAY,1570738060152"}}
10-10 13:07:40.387  1095  1976 D QolsysPss: CCObserver:: contentValues: {"name":"SYSTEM_STATUS_CHANGED_TIME","partition_id":"0","value":"ARM-STAY,1570738060152"}
10-10 13:07:40.387  1095  2182 D QolsysPss: InputEventHandler:: msg is { when=0 what=102 target=qolib.hardware.qolsys.input.InputEventHandler$IQEventProcessor }
10-10 13:07:40.387  1095  2182 D QolsysPss: InputEventHandler:: RESET_ANDROID_SLEEP_TIME_OUT :: resetting android sleep time out
10-10 13:07:40.387  1095  1976 D QolsysPss: CCObserver:: notifyUpdate()  ccOberserHandlerList.size() : 21
10-10 13:07:40.387  1095  1976 D QolsysPss: CCObserver:: notifyUpdate(): CCObserverHandler:qolib.hardware.qolsys.jobs.SecureSensorsSyncJob$SettingsTableChangeHandler@3e5cae04, registeredByclass qolib.hardware.qolsys.jobs.SecureSensorsSyncJob
10-10 13:07:40.387  1095  1976 D QolsysPss: SecureSensorsSynJob :: handleUpdate() called
10-10 13:07:40.387  1095  1976 D QolsysPss: SecureSensorsSynJob :: handleUpdate() key:SYSTEM_STATUS_CHANGED_TIME
10-10 13:07:40.387  1095  1976 D QolsysPss: CCObserver:: notifyUpdate(): CCObserverHandler:qolib.hardware.qolsys.api.PowerGCameraAPI$SettingsTableChangeHandler@25937fed, registeredByandroid.app.ContextImpl@38676816
10-10 13:07:40.387  1095  1976 D QolsysPss: PowerGCameraAPI:: handleUpdate() Settings Table Key: SYSTEM_STATUS_CHANGED_TIME Val: ARM-STAY,1570738060152
10-10 13:07:40.387  1095  1976 D QolsysPss: CCObserver:: notifyUpdate(): CCObserverHandler:qolib.hardware.qolsys.upgrade.UpgradeManager$SettingsTableChangeHandler@64a20b3, registeredByclass qolib.hardware.qolsys.upgrade.UpgradeManager
10-10 13:07:40.387  1095  1976 D QolsysPss: UpgradeManager:: key :SYSTEM_STATUS_CHANGED_TIMEvalue: ARM-STAY,1570738060152
10-10 13:07:40.387  1095  1976 D QolsysPss: CCObserver:: notifyUpdate(): CCObserverHandler:qolib.hardware.qolsys.util.PowerGUtils$SettingsTableChangeHandler@35374a51, registeredByqolib.hardware.qolsys.util.PowerGUtils$PowerGSupervisory@cd582b6
10-10 13:07:40.387  1095  1976 D QolsysPss: PowerGUtils:: Settings Table Key: SYSTEM_STATUS_CHANGED_TIME Val: ARM-STAY,1570738060152
10-10 13:07:40.387  1095  1976 D QolsysPss: CCObserver:: notifyUpdate(): CCObserverHandler:qolib.hardware.qolsys.network.NetworkManager$SettingsTableChangeHandler@2c84ed4a, registeredByNetworkManager
10-10 13:07:40.387  1095  1976 D QolsysPss: NetworkManager:: settingsKey SYSTEM_STATUS_CHANGED_TIME settingsValue ARM-STAY,1570738060152
10-10 13:07:40.388  1095  1976 D QolsysPss: CCObserver:: notifyUpdate(): CCObserverHandler:qolib.hardware.qolsys.periodicjobs.EthernetJob$SettingsTableChangeHandler@2ffdcb1c, registeredByEthernetJob
10-10 13:07:40.388  1095  1976 D QolsysPss: EthernetJob:: key is SYSTEM_STATUS_CHANGED_TIME value is ARM-STAY,1570738060152
10-10 13:07:40.388  1095  3767 D QolsysPss: ProxyDevicesMqtt:: deliveryComplete()
10-10 13:07:40.388  1095  1976 D QolsysPss: CCObserver:: notifyUpdate(): CCObserverHandler:qolib.hardware.qolsys.periodicjobs.WifiAPJob$SettingsTableChangeHandler@37f72f95, registeredByWifiAPJob
10-10 13:07:40.388  1095  1976 D QolsysPss: CCObserver:: notifyUpdate(): CCObserverHandler:qolib.hardware.qolsys.input.InputEventHandler$SettingsTableChangeHandler@bc79fe4, registeredByInputEventHandler
10-10 13:07:40.388  1095  1976 D QolsysPss: CCObserver:: notifyUpdate(): CCObserverHandler:qolib.hardware.qolsys.group.SensorFrameProcessor$QolsysSettingsTableChangeHandler@1144ca14, registeredByclass qolib.hardware.qolsys.group.SensorFrameProcessor
10-10 13:07:40.388  1095  1976 D QolsysPss: SensorFrameProcessor:: QolsysSettingsTableChangeHandler update() called
10-10 13:07:40.388  1095  1976 D QolsysPss: SystemServerMqttClient:: connectToBroker() called
10-10 13:07:40.388  1095  2182 D QolsysPss: InputEventHandler:: msg is { when=0 what=202 obj=qolib.hardware.qolsys.db.beanstore.QolsysSettingsEntityBean@c04b3c8 target=qolib.hardware.qolsys.input.InputEventHandler$IQEventProcessor }
10-10 13:07:40.388  1095  1976 D QolsysPss: SystemServerMqttClient:: connectToBroker() is returning as client is already connected
10-10 13:07:40.388  1095  1976 D QolsysPss: SensorFrameProcessor:: QolsysSettingsTableChangeHandler update() key :SYSTEM_STATUS_CHANGED_TIME value : ARM-STAY,1570738060152
10-10 13:07:40.388  1095  2182 D QolsysPss: InputEventHandler:: SETTING_CHANGES :: key:SYSTEM_STATUS_CHANGED_TIME val:ARM-STAY,1570738060152
10-10 13:07:40.388  1095  2182 D QolsysPss: DisplayTypeStateMachine:: DefaultState :: processMessage():: { when=0 what=202 obj=qolib.hardware.qolsys.db.beanstore.QolsysSettingsEntityBean@c04b3c8 target=com.android.internal.util.StateMachine$SmHandler }
10-10 13:07:40.388  1095  1976 D QolsysPss: CCObserver:: notifyUpdate(): CCObserverHandler:qolib.hardware.qolsys.periodicjobs.QolsysBatteryHandler$SettingsTableChangeHandler@2f2871c8, registeredByQolsysBatteryHandler
10-10 13:07:40.388  1095  1976 D QolsysPss: CCObserver:: notifyUpdate(): CCObserverHandler:qolib.hardware.qolsys.api.WellnessAlarmApi$SettingsTableChangeHandler@30980c0c, registeredByclass qolib.hardware.qolsys.api.WellnessAlarmApi
10-10 13:07:40.388  1095  3770 D QolsysPss: C4Mqtt:: messageArrived()
10-10 13:07:40.388  1095  3770 D QolsysPss: C4Mqtt:: topic= PanelEvent
10-10 13:07:40.388  1095  1976 I QolsysPss: WellnessAlarmApi:: handleUpdate() Called.
10-10 13:07:40.388  1095  3770 D QolsysPss: C4Mqtt:: mqttMessage= {"event":"ARMING","arming_type":"ARM_STAY","partition_id":0,"version":1,"requestID":"d5bced7c-de2f-47e4-bba9-9c7eda8be295"}
10-10 13:07:40.388  1095  2182 D QolsysPss: DisplayTypeStateMachine:: SETTING_CHANGES :: key SYSTEM_STATUS_CHANGED_TIME val ARM-STAY,1570738060152, qsebPartitionId: 0
10-10 13:07:40.388  1095  1976 D QolsysPss: CCObserver:: notifyUpdate(): CCObserverHandler:qolib.hardware.qolsys.periodicjobs.HistoryRecordsLimitationJob$SettingsTableChangeHandler@3cd4d5d1, registeredByHistoryRecordsLimitationJob
10-10 13:07:40.388  1095  1976 D QolsysPss: CCObserver:: notifyUpdate(): CCObserverHandler:qolib.hardware.qolsys.periodicjobs.TroubleBeepsJob$SettingsTableChangeHandler@1f3b6e09, registeredByqolib.hardware.qolsys.periodicjobs.TroubleBeepsJob$ScheduleTroubleBeepsRunnable@bcac80e
10-10 13:07:40.388  1095  1976 D QolsysPss: TroubleBeepsJob:: handleUpdate() key: SYSTEM_STATUS_CHANGED_TIME val :ARM-STAY,1570738060152
10-10 13:07:40.388  1095  1976 D QolsysPss: CCObserver:: notifyUpdate(): CCObserverHandler:qolib.hardware.qolsys.periodicjobs.IQMSJob$SettingsTableChangeHandler@3899cf7, registeredByclass qolib.hardware.qolsys.periodicjobs.IQMSJob
10-10 13:07:40.388  1095  1976 D QolsysPss: IQMSJob:: PanelReadyToUpgradeJob : scheduleUpgrade -- key :SYSTEM_STATUS_CHANGED_TIME value :ARM-STAY,1570738060152
10-10 13:07:40.388  1095  1976 D QolsysPss: CCObserver:: notifyUpdate(): CCObserverHandler:qolib.hardware.qolsys.jobs.FireSafetyTroubleBeepsJob$SettingsTableChangeHandler@fc463da, registeredByclass qolib.hardware.qolsys.jobs.FireSafetyTroubleBeepsJob
10-10 13:07:40.388  1095  1976 D QolsysPss: FireSafetyTroubleBeepsJob:: SettingsTable handleUpdate() called
10-10 13:07:40.388  1095  1976 D QolsysPss: FireSafetyTroubleBeepsJob:: SettingsTable handleUpdate() key : SYSTEM_STATUS_CHANGED_TIME
10-10 13:07:40.388  1095  1976 D QolsysPss: CCObserver:: notifyUpdate(): CCObserverHandler:qolib.hardware.qolsys.periodicjobs.UploadRemoteLogsJob$SettingsTableChangeHandler@1f75f300, registeredByUploadRemoteLogsJob
10-10 13:07:40.388  1095  1976 D QolsysPss: UploadRemoteLogsJob:: key is SYSTEM_STATUS_CHANGED_TIME value is ARM-STAY,1570738060152
10-10 13:07:40.389  1095  1976 D QolsysPss: CCObserver:: notifyUpdate(): CCObserverHandler:qolib.hardware.qolsys.periodicjobs.SupervisoryCheckJob$SettingsTableChangeHandler@2adcf6df, registeredByqolib.hardware.qolsys.periodicjobs.SupervisoryCheckJob$ScheduleSupervisoryCheckRunnable@22c73f2c
10-10 13:07:40.389  1095  1976 D QolsysPss: CCObserver:: notifyUpdate(): CCObserverHandler:qolib.hardware.qolsys.periodicjobs.GoogleAuthInitJob$SettingsTableChangeListener@c1d7df5, registeredByGoogleAuthInitJob
10-10 13:07:40.389  1095  1976 D QolsysPss: GoogleAuthInitJob:: settingsKey : SYSTEM_STATUS_CHANGED_TIME settingsVal : ARM-STAY,1570738060152
10-10 13:07:40.389  1095  1976 D QolsysPss: CCObserver:: notifyUpdate(): CCObserverHandler:qolib.hardware.qolsys.periodicjobs.BluetoothDisarm$SettingsTableChangeHandler@3122fc7, registeredByBluetoothDisarm
10-10 13:07:40.389  1095  1976 D QolsysPss: CCObserver:: notifyUpdate(): CCObserverHandler:qolib.hardware.qolsys.util.HomeControlAutomation$SettingsTableChangeHandler@13211ad1, registeredByqolib.hardware.qolsys.util.HomeControlAutomation@3408f95b
10-10 13:07:40.389  1095  1976 D QolsysPss: CCObserver:: notifyUpdate(): CCObserverHandler:qolib.hardware.qolsys.proxyapi.ProxyDeviceEventListener$SettingsContentChangeHandler@58bbee, registeredBynull
10-10 13:07:40.389  1095  1976 D QolsysPss: ProxyDeviceEventListener:: name=SYSTEM_STATUS_CHANGED_TIME value=ARM-STAY,1570738060152 partition_id=0
10-10 13:07:40.391  7065  7065 I QolsysApp: CCObserver:: isHandlerExistInList() handler exist for URIcontent://com.qolsys.qolsysprovider.StateContentProvider/state, CCObserverHandler:com.qolsys.activites.Theme3HomeActivity$StateTableChangeHandler@23a0a951, registeredBycom.qolsys.activites.Theme3HomeActivity@329f493a
10-10 13:07:40.391  7065  7065 D QolsysApp: CCObserver:: handler exists in the list
10-10 13:07:40.392  7065  7065 D QolsysApp: Theme3HomeActivity:: handleForInsertOrUpdate() key : KEYFOB_DELAY_ACTION value: none partitionID: 0
10-10 13:07:40.395  2058  2058 D ADCService: (c_tcp_new_record) Writing new record: pipe = 0x02
10-10 13:07:40.395  2058  2058 D ADCService: (c_tcp_record_available) start: type = 1, pipe = 0
10-10 13:07:40.395  2058  2058 D ADCService: (c_tcp_record_available) start: type = 2, pipe = 3
10-10 13:07:40.396  1095  1976 D QolsysPss: CCObserver:: onChange() Received Uri: content://com.qolsys.qolsysprovider.QolsysSettingsProvider/qolsyssettings/update/:{"eventName":"dbChanged","dbOperation":"update","uri":"content:\/\/com.qolsys.qolsysprovider.QolsysSettingsProvider\/qolsyssettings","tcc":1024,"selection":"name=? and partition_id =?","selectionArgs":"[EXIT_SOUNDS, 0]","contentValues":{"name":"EXIT_SOUNDS","partition_id":"0","value":"ON"}}
10-10 13:07:40.396  1095  1976 D QolsysPss: CCObserver:: contentValues: {"name":"EXIT_SOUNDS","partition_id":"0","value":"ON"}
10-10 13:07:40.396  1095  1976 D QolsysPss: CCObserver:: notifyUpdate()  ccOberserHandlerList.size() : 21
10-10 13:07:40.396  1095  1976 D QolsysPss: CCObserver:: notifyUpdate(): CCObserverHandler:qolib.hardware.qolsys.jobs.SecureSensorsSyncJob$SettingsTableChangeHandler@3e5cae04, registeredByclass qolib.hardware.qolsys.jobs.SecureSensorsSyncJob
10-10 13:07:40.396  1095  1976 D QolsysPss: SecureSensorsSynJob :: handleUpdate() called
10-10 13:07:40.396  1095  1976 D QolsysPss: SecureSensorsSynJob :: handleUpdate() key:EXIT_SOUNDS
10-10 13:07:40.396  1095  1976 D QolsysPss: CCObserver:: notifyUpdate(): CCObserverHandler:qolib.hardware.qolsys.api.PowerGCameraAPI$SettingsTableChangeHandler@25937fed, registeredByandroid.app.ContextImpl@38676816
10-10 13:07:40.396  1095  1976 D QolsysPss: PowerGCameraAPI:: handleUpdate() Settings Table Key: EXIT_SOUNDS Val: ON
10-10 13:07:40.397  1095  1976 D QolsysPss: CCObserver:: notifyUpdate(): CCObserverHandler:qolib.hardware.qolsys.upgrade.UpgradeManager$SettingsTableChangeHandler@64a20b3, registeredByclass qolib.hardware.qolsys.upgrade.UpgradeManager
10-10 13:07:40.397  1095  1976 D QolsysPss: UpgradeManager:: key :EXIT_SOUNDSvalue: ON
10-10 13:07:40.397  1095  1976 D QolsysPss: CCObserver:: notifyUpdate(): CCObserverHandler:qolib.hardware.qolsys.util.PowerGUtils$SettingsTableChangeHandler@35374a51, registeredByqolib.hardware.qolsys.util.PowerGUtils$PowerGSupervisory@cd582b6
10-10 13:07:40.397  2058  2058 I ADCService: Message in progress.
10-10 13:07:40.397  2058  2058 D ADCService: ProcessIPCmd ack command type: msgSource = 2
10-10 13:07:40.397  1095  1976 D QolsysPss: PowerGUtils:: Settings Table Key: EXIT_SOUNDS Val: ON
10-10 13:07:40.397  2058  2058 D ADCService: Got eth ack! (102)
10-10 13:07:40.397  2058  2058 D ADCService: (c_tcp_record_available) start: type = 1, pipe = 0
10-10 13:07:40.397  1095  1976 D QolsysPss: CCObserver:: notifyUpdate(): CCObserverHandler:qolib.hardware.qolsys.network.NetworkManager$SettingsTableChangeHandler@2c84ed4a, registeredByNetworkManager
10-10 13:07:40.398  1095  1976 D QolsysPss: NetworkManager:: settingsKey EXIT_SOUNDS settingsValue ON
10-10 13:07:40.398  1095  1976 D QolsysPss: CCObserver:: notifyUpdate(): CCObserverHandler:qolib.hardware.qolsys.periodicjobs.EthernetJob$SettingsTableChangeHandler@2ffdcb1c, registeredByEthernetJob
10-10 13:07:40.398  1095  1976 D QolsysPss: EthernetJob:: key is EXIT_SOUNDS value is ON
10-10 13:07:40.398  1095  1976 D QolsysPss: CCObserver:: notifyUpdate(): CCObserverHandler:qolib.hardware.qolsys.periodicjobs.WifiAPJob$SettingsTableChangeHandler@37f72f95, registeredByWifiAPJob
10-10 13:07:40.398  1095  1976 D QolsysPss: CCObserver:: notifyUpdate(): CCObserverHandler:qolib.hardware.qolsys.input.InputEventHandler$SettingsTableChangeHandler@bc79fe4, registeredByInputEventHandler
10-10 13:07:40.398  1095  2182 D QolsysPss: InputEventHandler:: msg is { when=0 what=202 obj=qolib.hardware.qolsys.db.beanstore.QolsysSettingsEntityBean@2177ac61 target=qolib.hardware.qolsys.input.InputEventHandler$IQEventProcessor }
10-10 13:07:40.398  1095  2182 D QolsysPss: InputEventHandler:: SETTING_CHANGES :: key:EXIT_SOUNDS val:ON
10-10 13:07:40.398  1095  2182 D QolsysPss: DisplayTypeStateMachine:: DefaultState :: processMessage():: { when=0 what=202 obj=qolib.hardware.qolsys.db.beanstore.QolsysSettingsEntityBean@2177ac61 target=com.android.internal.util.StateMachine$SmHandler }
10-10 13:07:40.398  2058  2058 D ADCService: (SendNextPendingTextMsg) start
10-10 13:07:40.398  2058  2058 I ADCService: (SendNextPendingTextMsg) No more pending messages
10-10 13:07:40.398  2058  2058 D ADCService:  rule  try execute type 7, subtype 80, value 4, extra 500666c0
10-10 13:07:40.399  1095  2182 D QolsysPss: DisplayTypeStateMachine:: SETTING_CHANGES :: key EXIT_SOUNDS val ON, qsebPartitionId: 0
10-10 13:07:40.400  1095  1976 D QolsysPss: CCObserver:: notifyUpdate(): CCObserverHandler:qolib.hardware.qolsys.group.SensorFrameProcessor$QolsysSettingsTableChangeHandler@1144ca14, registeredByclass qolib.hardware.qolsys.group.SensorFrameProcessor
10-10 13:07:40.400  1095  1976 D QolsysPss: SensorFrameProcessor:: QolsysSettingsTableChangeHandler update() called
10-10 13:07:40.400  1095  1976 D QolsysPss: SystemServerMqttClient:: connectToBroker() called
10-10 13:07:40.400  1095  1976 D QolsysPss: SystemServerMqttClient:: connectToBroker() is returning as client is already connected
10-10 13:07:40.400  1095  1976 D QolsysPss: SensorFrameProcessor:: QolsysSettingsTableChangeHandler update() key :EXIT_SOUNDS value : ON
10-10 13:07:40.400  1095  1976 D QolsysPss: CCObserver:: notifyUpdate(): CCObserverHandler:qolib.hardware.qolsys.periodicjobs.QolsysBatteryHandler$SettingsTableChangeHandler@2f2871c8, registeredByQolsysBatteryHandler
10-10 13:07:40.400  1095  1976 D QolsysPss: CCObserver:: notifyUpdate(): CCObserverHandler:qolib.hardware.qolsys.api.WellnessAlarmApi$SettingsTableChangeHandler@30980c0c, registeredByclass qolib.hardware.qolsys.api.WellnessAlarmApi
10-10 13:07:40.400  1095  1976 I QolsysPss: WellnessAlarmApi:: handleUpdate() Called.
10-10 13:07:40.400  1095  1976 D QolsysPss: CCObserver:: notifyUpdate(): CCObserverHandler:qolib.hardware.qolsys.periodicjobs.HistoryRecordsLimitationJob$SettingsTableChangeHandler@3cd4d5d1, registeredByHistoryRecordsLimitationJob
10-10 13:07:40.400  1095  1976 D QolsysPss: CCObserver:: notifyUpdate(): CCObserverHandler:qolib.hardware.qolsys.periodicjobs.TroubleBeepsJob$SettingsTableChangeHandler@1f3b6e09, registeredByqolib.hardware.qolsys.periodicjobs.TroubleBeepsJob$ScheduleTroubleBeepsRunnable@bcac80e
10-10 13:07:40.400  1095  1976 D QolsysPss: TroubleBeepsJob:: handleUpdate() key: EXIT_SOUNDS val :ON
10-10 13:07:40.401  1095  1976 D QolsysPss: CCObserver:: notifyUpdate(): CCObserverHandler:qolib.hardware.qolsys.periodicjobs.IQMSJob$SettingsTableChangeHandler@3899cf7, registeredByclass qolib.hardware.qolsys.periodicjobs.IQMSJob
10-10 13:07:40.401  1095  1976 D QolsysPss: IQMSJob:: PanelReadyToUpgradeJob : scheduleUpgrade -- key :EXIT_SOUNDS value :ON
10-10 13:07:40.401  1095  1976 D QolsysPss: CCObserver:: notifyUpdate(): CCObserverHandler:qolib.hardware.qolsys.jobs.FireSafetyTroubleBeepsJob$SettingsTableChangeHandler@fc463da, registeredByclass qolib.hardware.qolsys.jobs.FireSafetyTroubleBeepsJob
10-10 13:07:40.401  1095  1976 D QolsysPss: FireSafetyTroubleBeepsJob:: SettingsTable handleUpdate() called
10-10 13:07:40.401  1095  1976 D QolsysPss: FireSafetyTroubleBeepsJob:: SettingsTable handleUpdate() key : EXIT_SOUNDS
10-10 13:07:40.407  1095  1976 D QolsysPss: CCObserver:: notifyUpdate(): CCObserverHandler:qolib.hardware.qolsys.periodicjobs.UploadRemoteLogsJob$SettingsTableChangeHandler@1f75f300, registeredByUploadRemoteLogsJob
10-10 13:07:40.407  1095  1976 D QolsysPss: UploadRemoteLogsJob:: key is EXIT_SOUNDS value is ON
10-10 13:07:40.407  1095  1976 D QolsysPss: CCObserver:: notifyUpdate(): CCObserverHandler:qolib.hardware.qolsys.periodicjobs.SupervisoryCheckJob$SettingsTableChangeHandler@2adcf6df, registeredByqolib.hardware.qolsys.periodicjobs.SupervisoryCheckJob$ScheduleSupervisoryCheckRunnable@22c73f2c
10-10 13:07:40.407  1095  1976 D QolsysPss: CCObserver:: notifyUpdate(): CCObserverHandler:qolib.hardware.qolsys.periodicjobs.GoogleAuthInitJob$SettingsTableChangeListener@c1d7df5, registeredByGoogleAuthInitJob
10-10 13:07:40.408  1095  1976 D QolsysPss: GoogleAuthInitJob:: settingsKey : EXIT_SOUNDS settingsVal : ON
10-10 13:07:40.408  1095  1976 D QolsysPss: CCObserver:: notifyUpdate(): CCObserverHandler:qolib.hardware.qolsys.periodicjobs.BluetoothDisarm$SettingsTableChangeHandler@3122fc7, registeredByBluetoothDisarm
10-10 13:07:40.408  1095  1976 D QolsysPss: CCObserver:: notifyUpdate(): CCObserverHandler:qolib.hardware.qolsys.util.HomeControlAutomation$SettingsTableChangeHandler@13211ad1, registeredByqolib.hardware.qolsys.util.HomeControlAutomation@3408f95b
10-10 13:07:40.408  1095  1976 D QolsysPss: CCObserver:: notifyUpdate(): CCObserverHandler:qolib.hardware.qolsys.proxyapi.ProxyDeviceEventListener$SettingsContentChangeHandler@58bbee, registeredBynull
10-10 13:07:40.408  1095  1976 D QolsysPss: ProxyDeviceEventListener:: name=EXIT_SOUNDS value=ON partition_id=0
10-10 13:07:40.408  1095  1976 D QolsysPss: CCObserver:: onChange() Received Uri: content://com.qolsys.qolsysprovider.HistoryContentProvider/history/insert/:{"eventName":"dbChanged","dbOperation":"insert","uri":"content:\/\/com.qolsys.qolsysprovider.HistoryContentProvider\/history","tcc":346,"contentValues":{"device":"Key Fob 38(38)translatable_false","_id":"1083","events":"Arm-Stay","ack":"","time":"1570738060197","type":"","partition_id":"0"}}
10-10 13:07:40.409  1095  1976 I QolsysPss: JsonUtil:: getString() no value found corresponding to key: selection Exception : No value for selection
10-10 13:07:40.409  1095  1976 I QolsysPss: JsonUtil:: getString() no value found corresponding to key: selectionArgs Exception : No value for selectionArgs
10-10 13:07:40.409  1095  1976 D QolsysPss: CCObserver:: contentValues: {"device":"Key Fob 38(38)translatable_false","_id":"1083","events":"Arm-Stay","ack":"","time":"1570738060197","type":"","partition_id":"0"}
10-10 13:07:40.409  1095  1976 D QolsysPss: CCObserver:: notifyInsert(): CCObserverHandler:qolib.hardware.qolsys.jobs.FireSafetyTroubleBeepsJob$HistoryTableChangeHandler@2fc01efc, registeredByclass qolib.hardware.qolsys.jobs.FireSafetyTroubleBeepsJob
10-10 13:07:40.409  1095  1976 D QolsysPss: FireSafetyTroubleBeepsJob:: HistoryTable handleInsert() called
10-10 13:07:40.409  1095  1976 V QolsysPss: FireSafetyTroubleBeepsJob:: HistoryTable handleInsert() returning it is not a required event
10-10 13:07:40.409  1095  1976 D QolsysPss: CCObserver:: onChange() Received Uri: content://com.qolsys.qolsysprovider.StateContentProvider/state/update/:{"eventName":"dbChanged","dbOperation":"update","uri":"content:\/\/com.qolsys.qolsysprovider.StateContentProvider\/state","tcc":1247,"selection":"name=? and partition_id =?","selectionArgs":"[KEYFOB_DELAY_ACTION, 0]","contentValues":{"extraparams":"{}","name":"KEYFOB_DELAY_ACTION","partition_id":"0","value":"none"}}
10-10 13:07:40.409  1095  1976 D QolsysPss: CCObserver:: contentValues: {"extraparams":"{}","name":"KEYFOB_DELAY_ACTION","partition_id":"0","value":"none"}
10-10 13:07:40.409  1095  1976 D QolsysPss: CCObserver:: notifyUpdate()  ccOberserHandlerList.size() : 10
10-10 13:07:40.410  1095  1976 D QolsysPss: CCObserver:: notifyUpdate(): CCObserverHandler:qolib.hardware.qolsys.api.PowerGCameraAPI$StateTableChangeHandler@f15de22, registeredByandroid.app.ContextImpl@38676816
10-10 13:07:40.410  1095  1976 D QolsysPss: PowerGCameraAPI:: handleUpdate() return as not alarm
10-10 13:07:40.411  1095  1976 D QolsysPss: CCObserver:: notifyUpdate(): CCObserverHandler:qolib.hardware.qolsys.util.PowerGUtils$StateTableChangeHandler@13804bb7, registeredByqolib.hardware.qolsys.util.PowerGUtils$PowerGSupervisory@cd582b6
10-10 13:07:40.411  1095  1976 D QolsysPss: PowerGUtils:: State Table Key: KEYFOB_DELAY_ACTION Val: none param: {}
10-10 13:07:40.411  1095  1976 D QolsysPss: CCObserver:: notifyUpdate(): CCObserverHandler:qolib.hardware.qolsys.input.InputEventHandler$StateTableChangeHandler@250ebc4d, registeredByInputEventHandler
10-10 13:07:40.411  1095  1976 D QolsysPss: CCObserver:: notifyUpdate(): CCObserverHandler:qolib.hardware.qolsys.group.SensorFrameProcessor$StateTableChangeHandler@298e8826, registeredByclass qolib.hardware.qolsys.group.SensorFrameProcessor
10-10 13:07:40.411  1095  1976 D QolsysPss: SensorFrameProcessor:: StateTableChangeHandler update() called
10-10 13:07:40.411  1095  1976 D QolsysPss: SensorFrameProcessor::  StateTableChangeHandler handleForInsertOrUpdate() key=KEYFOB_DELAY_ACTION
10-10 13:07:40.412  1095  1976 D QolsysPss: CCObserver:: notifyUpdate(): CCObserverHandler:qolib.hardware.qolsys.periodicjobs.IQMSJob$StateTableChangeHandler@12080dcd, registeredByclass qolib.hardware.qolsys.periodicjobs.IQMSJob
10-10 13:07:40.413  1662 11360 D QolsysProvider: BaseProvider:: query() uri : content://com.qolsys.qolsysprovider.StateContentProvider/state Selection: name=? and partition_id =?
10-10 13:07:40.413  1662 11360 D QolsysProvider: BaseProvider:: query() completed
10-10 13:07:40.415  7065  7065 I QolsysApp: CCObserver:: isHandlerExistInList() handler exist for URIcontent://com.qolsys.qolsysprovider.StateContentProvider/state, CCObserverHandler:com.qolsys.activites.Theme3HomeActivity$StateTableChangeHandler@23a0a951, registeredBycom.qolsys.activites.Theme3HomeActivity@329f493a
10-10 13:07:40.415  7065  7065 D QolsysApp: CCObserver:: handler exists in the list
10-10 13:07:40.415  7065  7065 D QolsysApp: Theme3HomeActivity:: handleForInsertOrUpdate() key : TO_BE_BYPASSABLE_SENSORS value: {} partitionID: 0
10-10 13:07:40.417  1095  1976 D QolsysPss: CPBaseDAOImpl:: read() arrayList count 1
10-10 13:07:40.417  1095  1976 D QolsysPss: IQMSJob:: StateTableChangeHandler - key : KEYFOB_DELAY_ACTION value : none alarmState : None
10-10 13:07:40.418  1095  1976 D QolsysPss: CCObserver:: notifyUpdate(): CCObserverHandler:qolib.hardware.qolsys.jobs.PanelGlassBreakAlarmTestJob$StateTableChangeHandler@136e2ee8, registeredByandroid.app.ContextImpl@38676816
10-10 13:07:40.418  1095  1976 D QolsysPss: PanelGlassBreakAlarmTestJob:: StateTableChangeHandler handleUpdate() called
10-10 13:07:40.418  1095  1976 D QolsysPss: CCObserver:: notifyUpdate(): CCObserverHandler:qolib.hardware.qolsys.jobs.RemoteAutoLearn$StateTableChangesHandler@1314e3a6, registeredByclass qolib.hardware.qolsys.jobs.RemoteAutoLearn
10-10 13:07:40.418  7065  7065 I QolsysApp: CCObserver:: isHandlerExistInList() handler exist for URIcontent://com.qolsys.qolsysprovider.SensorContentProvider/sensor, CCObserverHandler:com.qolsys.theme3.T3HomeFragment$SensorTableChangeHandler@1dfb8075, registeredByT3HomeFragment{34b7880a #0 id=0x7f0c059a android:switcher:2131494298:0}
10-10 13:07:40.418  1095  1976 D QolsysPss: RemoteAutoLearn:: StateTableChangesHandler handleUpdate() key : KEYFOB_DELAY_ACTION val : none
10-10 13:07:40.418  1095  1976 D QolsysPss: RemoteAutoLearn:: StateTableChangesHandler handleUpdate() return as key is not Add Sensor Flag.
10-10 13:07:40.418  7065  7065 D QolsysApp: CCObserver:: handler exists in the list
10-10 13:07:40.418  7065  7065 D QolsysApp: T3HomeFragment:: SensorTableChangeHandler handleUpdate() is called
10-10 13:07:40.418  1095  1976 D QolsysPss: CCObserver:: notifyUpdate(): CCObserverHandler:qolib.hardware.qolsys.DataRecycler$StateTableChangesHandler@35a5b1e7, registeredByclass qolib.hardware.qolsys.DataRecycler
10-10 13:07:40.418  1095  1976 D QolsysPss: DataRecycler:: StateTableChangesHandler handleUpdate() called
10-10 13:07:40.418  1095  1976 D QolsysPss: DataRecycler:: handleUpdate() key : KEYFOB_DELAY_ACTION
10-10 13:07:40.418  7065  7065 D QolsysApp: T3HomeFragment:: updateAdapterWithSensorList() called : T3HomeFragment{34b7880a #0 id=0x7f0c059a android:switcher:2131494298:0}
10-10 13:07:40.418  1095  1976 D QolsysPss: CCObserver:: notifyUpdate(): CCObserverHandler:qolib.hardware.qolsys.util.HomeControlAutomation$StateTableChangeHandler@152a99a4, registeredByqolib.hardware.qolsys.util.HomeControlAutomation@3408f95b
10-10 13:07:40.418  1095  1976 D QolsysPss: HomeControlAutomation::  contentvalues: name=KEYFOB_DELAY_ACTION value=none extraparams={} partition_id=0
10-10 13:07:40.418  1095  1976 D QolsysPss: CCObserver:: notifyUpdate(): CCObserverHandler:qolib.hardware.qolsys.proxyapi.ProxyDeviceEventListener$StateContentChangeHandler@21ea571c, registeredBynull
10-10 13:07:40.418  1095  1976 D QolsysPss: ProxyDeviceEventListener:: handleUpdatename=KEYFOB_DELAY_ACTION value=none extraparams={} partition_id=0
10-10 13:07:40.418  1095  1976 D QolsysPss: CCObserver:: onChange() Received Uri: content://com.qolsys.qolsysprovider.StateContentProvider/state/update/:{"eventName":"dbChanged","dbOperation":"update","uri":"content:\/\/com.qolsys.qolsysprovider.StateContentProvider\/state","tcc":1248,"selection":"name=? and partition_id =?","selectionArgs":"[TO_BE_BYPASSABLE_SENSORS, 0]","contentValues":{"extraparams":"{}","name":"TO_BE_BYPASSABLE_SENSORS","partition_id":"0","value":"{}"}}
10-10 13:07:40.418  1095  1976 D QolsysPss: CCObserver:: contentValues: {"extraparams":"{}","name":"TO_BE_BYPASSABLE_SENSORS","partition_id":"0","value":"{}"}
10-10 13:07:40.418  1095  1976 D QolsysPss: CCObserver:: notifyUpdate()  ccOberserHandlerList.size() : 10
10-10 13:07:40.419  1095  1976 D QolsysPss: CCObserver:: notifyUpdate(): CCObserverHandler:qolib.hardware.qolsys.api.PowerGCameraAPI$StateTableChangeHandler@f15de22, registeredByandroid.app.ContextImpl@38676816
10-10 13:07:40.419  1662  2180 D QolsysProvider: BaseProvider:: query() uri : content://com.qolsys.qolsysprovider.SensorContentProvider/sensor Selection: partition_id= ? AND (sensorstatus in (?, ?, ?, ?) OR sensorstate!=?)
10-10 13:07:40.419  1662  2180 D QolsysProvider: BaseProvider:: query() completed
10-10 13:07:40.421  1095  1976 D QolsysPss: PowerGCameraAPI:: handleUpdate() return as not alarm
10-10 13:07:40.421  1095  1976 D QolsysPss: CCObserver:: notifyUpdate(): CCObserverHandler:qolib.hardware.qolsys.util.PowerGUtils$StateTableChangeHandler@13804bb7, registeredByqolib.hardware.qolsys.util.PowerGUtils$PowerGSupervisory@cd582b6
10-10 13:07:40.421  1095  1976 D QolsysPss: PowerGUtils:: State Table Key: TO_BE_BYPASSABLE_SENSORS Val: {} param: {}
10-10 13:07:40.421  1095  1976 D QolsysPss: CCObserver:: notifyUpdate(): CCObserverHandler:qolib.hardware.qolsys.input.InputEventHandler$StateTableChangeHandler@250ebc4d, registeredByInputEventHandler
10-10 13:07:40.422  1095  1976 D QolsysPss: CCObserver:: notifyUpdate(): CCObserverHandler:qolib.hardware.qolsys.group.SensorFrameProcessor$StateTableChangeHandler@298e8826, registeredByclass qolib.hardware.qolsys.group.SensorFrameProcessor
10-10 13:07:40.422  1095  1976 D QolsysPss: SensorFrameProcessor:: StateTableChangeHandler update() called
10-10 13:07:40.422  1095  1976 D QolsysPss: SensorFrameProcessor::  StateTableChangeHandler handleForInsertOrUpdate() key=TO_BE_BYPASSABLE_SENSORS
10-10 13:07:40.422  1095  1976 D QolsysPss: CCObserver:: notifyUpdate(): CCObserverHandler:qolib.hardware.qolsys.periodicjobs.IQMSJob$StateTableChangeHandler@12080dcd, registeredByclass qolib.hardware.qolsys.periodicjobs.IQMSJob
10-10 13:07:40.422  1662 24679 D QolsysProvider: BaseProvider:: query() uri : content://com.qolsys.qolsysprovider.StateContentProvider/state Selection: name=? and partition_id =?
10-10 13:07:40.423  1662 24679 D QolsysProvider: BaseProvider:: query() completed
10-10 13:07:40.424  1095  1976 D QolsysPss: CPBaseDAOImpl:: read() arrayList count 1
10-10 13:07:40.424  1095  1976 D QolsysPss: IQMSJob:: StateTableChangeHandler - key : TO_BE_BYPASSABLE_SENSORS value : {} alarmState : None
10-10 13:07:40.424  1095  1976 D QolsysPss: CCObserver:: notifyUpdate(): CCObserverHandler:qolib.hardware.qolsys.jobs.PanelGlassBreakAlarmTestJob$StateTableChangeHandler@136e2ee8, registeredByandroid.app.ContextImpl@38676816
10-10 13:07:40.424  1095  1976 D QolsysPss: PanelGlassBreakAlarmTestJob:: StateTableChangeHandler handleUpdate() called
10-10 13:07:40.424  1095  1976 D QolsysPss: CCObserver:: notifyUpdate(): CCObserverHandler:qolib.hardware.qolsys.jobs.RemoteAutoLearn$StateTableChangesHandler@1314e3a6, registeredByclass qolib.hardware.qolsys.jobs.RemoteAutoLearn
10-10 13:07:40.425  1095  1976 D QolsysPss: RemoteAutoLearn:: StateTableChangesHandler handleUpdate() key : TO_BE_BYPASSABLE_SENSORS val : {}
