10-10 13:07:45.245  7065  7065 D QolsysApp: T3HomeFragment:: T3Home handleForInsertOrUpdate() called
10-10 13:07:45.245  7065  7065 D QolsysApp: T3HomeFragment:: refreshUI() called: true : false
10-10 13:07:45.246  1662  1690 D QolsysProvider: BaseProvider:: query() uri : content://com.qolsys.qolsysprovider.QolsysSettingsProvider/qolsyssettings Selection: name=?
10-10 13:07:45.247  2397  2441 D Qolsys  : CCObserver:: contentValues: {"name":"SYSTEM_STATUS","partition_id":"0","value":"ARM-AWAY-EXIT-DELAY"}
10-10 13:07:45.256  1662  1690 D QolsysProvider: BaseProvider:: query() completed
10-10 13:07:45.256  1662 24679 D QolsysProvider: BaseProvider:: update() changedUri : content://com.qolsys.qolsysprovider.QolsysSettingsProvider/qolsyssettings/update/:{"eventName":"dbChanged","dbOperation":"update","uri":"content:\/\/com.qolsys.qolsysprovider.QolsysSettingsProvider\/qolsyssettings","tcc":1026,"selection":"name=? and partition_id =?","selectionArgs":"[SYSTEM_STATUS_CHANGED_TIME, 0]","contentValues":{"name":"SYSTEM_STATUS_CHANGED_TIME","partition_id":"0","value":"ARM-AWAY-EXIT-DELAY,1570738065244"}}
10-10 13:07:45.256  1662 24679 D QolsysProvider: MasterSlaveAPI:: informDBUpdateEvent() started
10-10 13:07:45.256  1662 24679 D QolsysProvider: IQMasterClient:: sendMessage() called
10-10 13:07:45.256  1662 24679 D QolsysProvider: IQMasterClient:: sendMessage() reqObj length: 7
10-10 13:07:45.257  1662 24679 I QolsysProvider: IQMasterClient:: messageHandlingTask() **********received message: {"eventName":"dbChanged","dbOperation":"update","uri":"content:\/\/com.qolsys.qolsysprovider.QolsysSettingsProvider\/qolsyssettings","changedUri":"content:\/\/com.qolsys.qolsysprovider.QolsysSettingsProvider\/qolsyssettings\/update\/:{\"eventName\":\"dbChanged\",\"dbOperation\":\"update\",\"uri\":\"content:\\\/\\\/com.qolsys.qolsysprovider.QolsysSettingsProvider\\\/qolsyssettings\",\"tcc\":1026,\"selection\":\"name=? and partition_id =?\",\"selectionArgs\":\"[SYSTEM_STATUS_CHANGED_TIME, 0]\",\"contentValues\":{\"name\":\"SYSTEM_STATUS_CHANGED_TIME\",\"partition_id\":\"0\",\"value\":\"ARM-AWAY-EXIT-DELAY,1570738065244\"}}","selection":"name=? and partition_id =?","selectionArgs":"[SYSTEM_STATUS_CHANGED_TIME, 0]","contentValues":{"name":"SYSTEM_STATUS_CHANGED_TIME","partition_id":"0","value":"ARM-AWAY-EXIT-DELAY,1570738065244"}}
10-10 13:07:45.257  1662 24679 I QolsysProvider: IQMasterClient:: publish() reqObj len: 838
10-10 13:07:45.257  1662 24679 I QolsysProvider: IQMasterClient:: publish() Publishing to topic "iq2meid" qos 0
10-10 13:07:45.258  1662 24679 I QolsysProvider: IQMasterClient:: publish() requestString is: {"eventName":"dbChanged","dbOperation":"update","uri":"content:\/\/com.qolsys.qolsysprovider.QolsysSettingsProvider\/qolsyssettings","changedUri":"content:\/\/com.qolsys.qolsysprovider.QolsysSettingsProvider\/qolsyssettings\/update\/:{\"eventName\":\"dbChanged\",\"dbOperation\":\"update\",\"uri\":\"content:\\\/\\\/com.qolsys.qolsysprovider.QolsysSettingsProvider\\\/qolsyssettings\",\"tcc\":1026,\"selection\":\"name=? and partition_id =?\",\"selectionArgs\":\"[SYSTEM_STATUS_CHANGED_TIME, 0]\",\"contentValues\":{\"name\":\"SYSTEM_STATUS_CHANGED_TIME\",\"partition_id\":\"0\",\"value\":\"ARM-AWAY-EXIT-DELAY,1570738065244\"}}","selection":"name=? and partition_id =?","selectionArgs":"[SYSTEM_STATUS_CHANGED_TIME, 0]","contentValues":{"name":"SYSTEM_STATUS_CHANGED_TIME","partition_id":"0","value":"ARM-AWAY-EXIT-DELAY,1570738065244"}}
10-10 13:07:45.259  1662  3796 I QolsysProvider: IQMasterClient:: delivery complete
10-10 13:07:45.260  1662 24679 D QolsysProvider: IQMasterClient:: sendMessage() message sent to broker with topic: iq2meid
10-10 13:07:45.260  1662 24679 D QolsysProvider: BaseProvider:: update() completed rowsUpdated: 1
10-10 13:07:45.260  7065  7065 D QolsysApp: CPBaseDAOImpl:: read() arrayList count 1
10-10 13:07:45.261  7065  7093 D QolsysApp: CCObserver:: onChange() Received Uri: content://com.qolsys.qolsysprovider.QolsysSettingsProvider/qolsyssettings/update/:{"eventName":"dbChanged","dbOperation":"update","uri":"content:\/\/com.qolsys.qolsysprovider.QolsysSettingsProvider\/qolsyssettings","tcc":1026,"selection":"name=? and partition_id =?","selectionArgs":"[SYSTEM_STATUS_CHANGED_TIME, 0]","contentValues":{"name":"SYSTEM_STATUS_CHANGED_TIME","partition_id":"0","value":"ARM-AWAY-EXIT-DELAY,1570738065244"}}
10-10 13:07:45.262  7065  7065 I QolsysApp: QolsysSettingsAPI:: getSystemStatus() Called
10-10 13:07:45.262  7065  7093 D QolsysApp: CCObserver:: contentValues: {"name":"SYSTEM_STATUS_CHANGED_TIME","partition_id":"0","value":"ARM-AWAY-EXIT-DELAY,1570738065244"}
10-10 13:07:45.262  1662  1694 D QolsysProvider: BaseProvider:: query() uri : content://com.qolsys.qolsysprovider.QolsysSettingsProvider/qolsyssettings Selection: name=? and partition_id =?
10-10 13:07:45.262  1662  1694 D QolsysProvider: BaseProvider:: query() completed
10-10 13:07:45.264  1095  1373 I QolsysPss: AdcServiceCommunicator:: Trying to Send ADC Events eventID=2 source=0 payload0=38 payload1=1 partitionId : 0
10-10 13:07:45.265  1095  1373 D QolsysPss: BaseCommunicator:: talkToServiceOneWay() serviceName: adcservice
10-10 13:07:45.265  1095  1373 D QolsysPss: BaseCommunicator:: talkToService() serviceName: adcservice
10-10 13:07:45.265  1095  1373 D QolsysPss: BaseCommunicator:: fillDataParcel()
10-10 13:07:45.267  7065  7065 D QolsysApp: CPBaseDAOImpl:: read() arrayList count 1
10-10 13:07:45.267  7065  7065 D QolsysApp: T3HomeFragment:: setPanelStatusIcons() curPanelStatus : ARM-AWAY-EXIT-DELAY
10-10 13:07:45.267  7065  7065 D QolsysApp: T3HomeFragment:: setPanelStatusIcons() curPtId: 0 peb id: 0
10-10 13:07:45.267  7065  7065 D QolsysApp: T3HomeFragment:: handleViewPagerScrollingForArmDisarmTest() called
10-10 13:07:45.267  7065  7065 D QolsysApp: T3HomeFragment:: isPanelTestArmDisarmStarted()  called
10-10 13:07:45.267  7065  7065 D QolsysApp: PanelTestManager:: isArmDisarmTestStarted() called
10-10 13:07:45.267  7065  7065 D QolsysApp: PanelTestManager:: isArmDisarmTestStarted() started return false case
10-10 13:07:45.267  7065  7065 D QolsysApp: PanelTestManager:: isArmDisarmTestCompleted() called
10-10 13:07:45.267  7065  7065 D QolsysApp: PanelTestManager:: isArmDisarmTestCompleted() return fasle
10-10 13:07:45.267  7065  7065 D QolsysApp: T3HomeFragment::  isShowEmergencyDialogOnDelayCanclled : false
10-10 13:07:45.267  2058  2138 I ADCService: OnTransact(ADC_TRANSACTION_sendPanelEvent, event=2, partition=0 payload0=38, payload1=1)
10-10 13:07:45.267  2058  2138 I ADCService: EVENT_ARM_AWAY, partition = 0, userID = 38, keyfob = TRUE.
10-10 13:07:45.268  1095  1373 D QolsysPss: BaseCommunicator:: recycleParcelObjects() called
10-10 13:07:45.268  1095  1373 D QolsysPss: HomeKitServiceCommunicator:: not sending event to home kit as feature is disabled
10-10 13:07:45.268  1095  1373 D QolsysPss: BaseCommunicator:: talkToServiceOneWay() serviceName: iqjservice
10-10 13:07:45.268  1095  1373 D QolsysPss: BaseCommunicator:: talkToService() serviceName: iqjservice
10-10 13:07:45.268  1095  1373 D QolsysPss: BaseCommunicator:: fillDataParcel()
10-10 13:07:45.268  7065  7065 I QolsysApp: CCObserver:: isHandlerExistInList() handler exist for URIcontent://com.qolsys.qolsysprovider.QolsysSettingsProvider/qolsyssettings, CCObserverHandler:com.qolsys.theme3.T3HomeFragment$QolsysSettingsChangeHandler@87feb1a, registeredByT3HomeFragment{158a45c5 #0 id=0x7f0c059a android:switcher:2131494298:0}
10-10 13:07:45.268  7065  7065 D QolsysApp: CCObserver:: handler exists in the list
10-10 13:07:45.268  7065  7065 D QolsysApp: T3HomeFragment:: T3Home handleUpdate() called
10-10 13:07:45.268  7065  7065 D QolsysApp: T3HomeFragment:: T3Home handleForInsertOrUpdate() called
10-10 13:07:45.268  7065  7065 D QolsysApp: T3HomeFragment:: refreshUI() called: true : false
10-10 13:07:45.268  2397  2426 D Qolsys  : IQJService:: event received with eventID:2 source:0 payload0:38 payload1:1
10-10 13:07:45.269  2397  2441 D Qolsys  : CCObserver:: onChange() Received Uri: content://com.qolsys.qolsysprovider.QolsysSettingsProvider/qolsyssettings/update/:{"eventName":"dbChanged","dbOperation":"update","uri":"content:\/\/com.qolsys.qolsysprovider.QolsysSettingsProvider\/qolsyssettings","tcc":1026,"selection":"name=? and partition_id =?","selectionArgs":"[SYSTEM_STATUS_CHANGED_TIME, 0]","contentValues":{"name":"SYSTEM_STATUS_CHANGED_TIME","partition_id":"0","value":"ARM-AWAY-EXIT-DELAY,1570738065244"}}
10-10 13:07:45.269  1662  2374 D QolsysProvider: BaseProvider:: query() uri : content://com.qolsys.qolsysprovider.QolsysSettingsProvider/qolsyssettings Selection: name=?
10-10 13:07:45.269  2397  2441 D Qolsys  : CCObserver:: contentValues: {"name":"SYSTEM_STATUS_CHANGED_TIME","partition_id":"0","value":"ARM-AWAY-EXIT-DELAY,1570738065244"}
10-10 13:07:45.269  1662  2374 D QolsysProvider: BaseProvider:: query() completed
10-10 13:07:45.271  1662  2180 D QolsysProvider: BaseProvider:: query() uri : content://com.qolsys.qolsysprovider.SensorContentProvider/sensor Selection: zoneid=?
10-10 13:07:45.272  1662  2180 D QolsysProvider: BaseProvider:: query() completed
10-10 13:07:45.274  2397  2426 D Qolsys  : CPBaseDAOImpl:: read() arrayList count 1
10-10 13:07:45.274  2397  2426 D Qolsys  : IQJService:: cbor message created
10-10 13:07:45.275  2397  2426 D Qolsys  : IQJService:: cborFrame length : 28 cborFrame hexString : 85010139020e1b0000016db748cf7a8500000002a305020002021826
10-10 13:07:45.275  2397  2426 D Qolsys  : BaseCommunicator:: talkToServiceOneWay() serviceName: iqcnativeservice
10-10 13:07:45.275  2397  2426 D Qolsys  : BaseCommunicator:: talkToService() serviceName: iqcnativeservice
10-10 13:07:45.275  2397  2426 D Qolsys  : BaseCommunicator:: fillDataParcel()
10-10 13:07:45.275  1095  1373 D QolsysPss: BaseCommunicator:: recycleParcelObjects() called
10-10 13:07:45.275  1095  1373 D QolsysPss: KeyfobAPI:: byPassSensorsOnKeyfobDelay()  byPassSebListSize:0 keyfodDelayAction:none
10-10 13:07:45.275  2397  2426 D Qolsys  : BaseCommunicator:: recycleParcelObjects() called
10-10 13:07:45.275  1662 31971 D QolsysProvider: BaseProvider:: update() uri : content://com.qolsys.qolsysprovider.StateContentProvider/state Selection: name=? and partition_id =?
10-10 13:07:45.277  1095  4262 D QolsysPss: AdcServiceCall:: getZoneType() zoneID=38
10-10 13:07:45.277  7065  7065 D QolsysApp: CPBaseDAOImpl:: read() arrayList count 1
10-10 13:07:45.277  1095  4262 I QolsysPss: AdcServiceAPI:: getZoneType() Called
10-10 13:07:45.277  1095  4262 D QolsysPss: SensorAPI:: isRFSensorZoneIdValid() zoneID: 38
10-10 13:07:45.278  1662  1690 D QolsysProvider: BaseProvider:: query() uri : content://com.qolsys.qolsysprovider.SensorContentProvider/sensor Selection: zoneid=?
10-10 13:07:45.278  7065  7065 I QolsysApp: QolsysSettingsAPI:: getSystemStatus() Called
10-10 13:07:45.279  1662  7200 D QolsysProvider: BaseProvider:: query() uri : content://com.qolsys.qolsysprovider.QolsysSettingsProvider/qolsyssettings Selection: name=? and partition_id =?
10-10 13:07:45.295  1662 31971 D QolsysProvider: BaseProvider:: update() changedUri : content://com.qolsys.qolsysprovider.StateContentProvider/state/update/:{"eventName":"dbChanged","dbOperation":"update","uri":"content:\/\/com.qolsys.qolsysprovider.StateContentProvider\/state","tcc":1250,"selection":"name=? and partition_id =?","selectionArgs":"[TO_BE_BYPASSABLE_SENSORS, 0]","contentValues":{"extraparams":"{}","name":"TO_BE_BYPASSABLE_SENSORS","partition_id":"0","value":""}}
10-10 13:07:45.295  1662  1690 D QolsysProvider: BaseProvider:: query() completed
10-10 13:07:45.295  1662 31971 D QolsysProvider: MasterSlaveAPI:: informDBUpdateEvent() started
10-10 13:07:45.295  1662  7200 D QolsysProvider: BaseProvider:: query() completed
10-10 13:07:45.295  1662 31971 D QolsysProvider: IQMasterClient:: sendMessage() called
10-10 13:07:45.295  1662 31971 D QolsysProvider: IQMasterClient:: sendMessage() reqObj length: 7
10-10 13:07:45.296  1662 31971 I QolsysProvider: IQMasterClient:: messageHandlingTask() **********received message: {"eventName":"dbChanged","dbOperation":"update","uri":"content:\/\/com.qolsys.qolsysprovider.StateContentProvider\/state","changedUri":"content:\/\/com.qolsys.qolsysprovider.StateContentProvider\/state\/update\/:{\"eventName\":\"dbChanged\",\"dbOperation\":\"update\",\"uri\":\"content:\\\/\\\/com.qolsys.qolsysprovider.StateContentProvider\\\/state\",\"tcc\":1250,\"selection\":\"name=? and partition_id =?\",\"selectionArgs\":\"[TO_BE_BYPASSABLE_SENSORS, 0]\",\"contentValues\":{\"extraparams\":\"{}\",\"name\":\"TO_BE_BYPASSABLE_SENSORS\",\"partition_id\":\"0\",\"value\":\"\"}}","selection":"name=? and partition_id =?","selectionArgs":"[TO_BE_BYPASSABLE_SENSORS, 0]","contentValues":{"extraparams":"{}","name":"TO_BE_BYPASSABLE_SENSORS","partition_id":"0","value":""}}
10-10 13:07:45.296  1662 31971 I QolsysProvider: IQMasterClient:: publish() reqObj len: 773
10-10 13:07:45.296  1662 31971 I QolsysProvider: IQMasterClient:: publish() Publishing to topic "iq2meid" qos 0
10-10 13:07:45.296  1662 31971 I QolsysProvider: IQMasterClient:: publish() requestString is: {"eventName":"dbChanged","dbOperation":"update","uri":"content:\/\/com.qolsys.qolsysprovider.StateContentProvider\/state","changedUri":"content:\/\/com.qolsys.qolsysprovider.StateContentProvider\/state\/update\/:{\"eventName\":\"dbChanged\",\"dbOperation\":\"update\",\"uri\":\"content:\\\/\\\/com.qolsys.qolsysprovider.StateContentProvider\\\/state\",\"tcc\":1250,\"selection\":\"name=? and partition_id =?\",\"selectionArgs\":\"[TO_BE_BYPASSABLE_SENSORS, 0]\",\"contentValues\":{\"extraparams\":\"{}\",\"name\":\"TO_BE_BYPASSABLE_SENSORS\",\"partition_id\":\"0\",\"value\":\"\"}}","selection":"name=? and partition_id =?","selectionArgs":"[TO_BE_BYPASSABLE_SENSORS, 0]","contentValues":{"extraparams":"{}","name":"TO_BE_BYPASSABLE_SENSORS","partition_id":"0","value":""}}
10-10 13:07:45.298  1662  3796 I QolsysProvider: IQMasterClient:: delivery complete
10-10 13:07:45.298  1662 31971 D QolsysProvider: IQMasterClient:: sendMessage() message sent to broker with topic: iq2meid
10-10 13:07:45.298  1662 31971 D QolsysProvider: BaseProvider:: update() completed rowsUpdated: 1
10-10 13:07:45.299  7065  7093 D QolsysApp: CCObserver:: onChange() Received Uri: content://com.qolsys.qolsysprovider.StateContentProvider/state/update/:{"eventName":"dbChanged","dbOperation":"update","uri":"content:\/\/com.qolsys.qolsysprovider.StateContentProvider\/state","tcc":1250,"selection":"name=? and partition_id =?","selectionArgs":"[TO_BE_BYPASSABLE_SENSORS, 0]","contentValues":{"extraparams":"{}","name":"TO_BE_BYPASSABLE_SENSORS","partition_id":"0","value":""}}
10-10 13:07:45.299  2397  2441 D Qolsys  : CCObserver:: onChange() Received Uri: content://com.qolsys.qolsysprovider.StateContentProvider/state/update/:{"eventName":"dbChanged","dbOperation":"update","uri":"content:\/\/com.qolsys.qolsysprovider.StateContentProvider\/state","tcc":1250,"selection":"name=? and partition_id =?","selectionArgs":"[TO_BE_BYPASSABLE_SENSORS, 0]","contentValues":{"extraparams":"{}","name":"TO_BE_BYPASSABLE_SENSORS","partition_id":"0","value":""}}
10-10 13:07:45.299  7065  7093 D QolsysApp: CCObserver:: contentValues: {"extraparams":"{}","name":"TO_BE_BYPASSABLE_SENSORS","partition_id":"0","value":""}
10-10 13:07:45.299  2397  2441 D Qolsys  : CCObserver:: contentValues: {"extraparams":"{}","name":"TO_BE_BYPASSABLE_SENSORS","partition_id":"0","value":""}
10-10 13:07:45.299  1095  4262 D QolsysPss: CPBaseDAOImpl:: read() arrayList count 1
10-10 13:07:45.299  7065  7065 D QolsysApp: CPBaseDAOImpl:: read() arrayList count 1
10-10 13:07:45.299  1095  4262 D QolsysPss: AdcServiceAPI:: getZoneType() zoneTypeVal : 102
10-10 13:07:45.299  7065  7065 D QolsysApp: T3HomeFragment:: setPanelStatusIcons() curPanelStatus : ARM-AWAY-EXIT-DELAY
10-10 13:07:45.300  7065  7065 D QolsysApp: T3HomeFragment:: setPanelStatusIcons() curPtId: 0 peb id: 0
10-10 13:07:45.300  2058  2058 D ADCService: Calling QOLSYS_TRANSACTION_getZoneType, zoneID=38, type=102
10-10 13:07:45.300  7065  7065 D QolsysApp: T3HomeFragment:: handleViewPagerScrollingForArmDisarmTest() called
10-10 13:07:45.300  2058  2058 D ADCService: getZoneType returned 102
10-10 13:07:45.300  7065  7065 D QolsysApp: T3HomeFragment:: isPanelTestArmDisarmStarted()  called
10-10 13:07:45.300  2058  2058 D ADCService: AlarmSecurity: ArmingLevelChange() partition: 0, level: ARMEDAWAY, adc_device_class: 2, zone/user: 38
10-10 13:07:45.300  7065  7065 D QolsysApp: PanelTestManager:: isArmDisarmTestStarted() called
10-10 13:07:45.300  7065  7065 D QolsysApp: PanelTestManager:: isArmDisarmTestStarted() started return false case
10-10 13:07:45.300  2058  2058 D ADCService: AlarmSecurity: SendKeyfobPadArmingChange newlevel=3, class=2, id=38, alarmState=0
10-10 13:07:45.300  7065  7065 D QolsysApp: PanelTestManager:: isArmDisarmTestCompleted() called
10-10 13:07:45.300  2058  2058 D ADCService: DC: 2, DI: 38, par: 0, Ev: 4 subEv: 0. AT: 2, code: 0, repId: 38
10-10 13:07:45.300  7065  7065 D QolsysApp: PanelTestManager:: isArmDisarmTestCompleted() return fasle
10-10 13:07:45.300  2058  2058 D ADCService: SendEncodedMessageEx(): count = 15, priority = 11, type = 0
10-10 13:07:45.300  7065  7065 D QolsysApp: T3HomeFragment::  isShowEmergencyDialogOnDelayCanclled : false
10-10 13:07:45.300  2058  2058 D ADCService: PriorityAttributes returned pipe (0x12, SEND) for type/priority(0, 11)
10-10 13:07:45.300  2058  2058 D ADCService:  rule  try execute type 10, subtype 11, value 16, extra 6905a1e93125ffff0004002600000086
10-10 13:07:45.300  2058  2058 D ADCService: PushLongMessageEx: Calling send next text message.
10-10 13:07:45.300  2058  2058 D ADCService: (SendNextPendingTextMsg) start
10-10 13:07:45.300  2058  2058 D ADCService: (c_tcp_record_available) start: type = 1, pipe = 0
10-10 13:07:45.300  2058  2058 D ADCService: (c_tcp_record_available) start: type = 2, pipe = 3
10-10 13:07:45.300  1662  2374 D QolsysProvider: BaseProvider:: query() uri : content://com.qolsys.qolsysprovider.QolsysSettingsProvider/qolsyssettings Selection: name=?
10-10 13:07:45.300  7065  7065 I QolsysApp: CCObserver:: isHandlerExistInList() handler exist for URIcontent://com.qolsys.qolsysprovider.QolsysSettingsProvider/qolsyssettings, CCObserverHandler:com.qolsys.systemsettings.wifi.MyHomeWifiHandler$SettingsTableChangeHandler@30b94eca, registeredBycom.qolsys.systemsettings.wifi.MyHomeWifiHandler@2f24483b
10-10 13:07:45.300  7065  7065 D QolsysApp: CCObserver:: handler exists in the list
10-10 13:07:45.300  1662  2374 D QolsysProvider: BaseProvider:: query() completed
10-10 13:07:45.300  7065  7065 I QolsysApp: CCObserver:: isHandlerExistInList() handler exist for URIcontent://com.qolsys.qolsysprovider.QolsysSettingsProvider/qolsyssettings, CCObserverHandler:com.qolsys.stateadapter.FSPAHealthTestFragment$SettingsTableChangeHandler@288734b1, registeredByFSPAHealthTestFragment{25858d96 #0 id=0x7f0c059a android:switcher:2131494298:0}
10-10 13:07:45.300  7065  7065 D QolsysApp: CCObserver:: handler exists in the list
10-10 13:07:45.300  7065  7065 D QolsysApp: FSPAHealthTestFragment:: key : SYSTEM_STATUS value : ARM-AWAY-EXIT-DELAY
10-10 13:07:45.301  7065  7065 D QolsysApp: SecurityHomeVerticalPagerFragment:: VerticalPagerAdapter getCount() called
10-10 13:07:45.301  7065  7065 D QolsysApp: SecurityHomeVerticalPagerFragment:: VerticalPagerAdapter  getCount() ptebList Size: 1
10-10 13:07:45.301  2058  2058 D ADCService: (SendNextPendingTextMsg) Not packaging up alohas.
10-10 13:07:45.301  7065  7065 D QolsysApp: SecurityHomeVerticalPagerFragment:: VerticalPagerAdapter getCount() called
10-10 13:07:45.301  2058  2058 I ADCService: (CLP_TransmitMessageEx) msgLen = 16, ack_it = 1, pipe = 0x12, stack_ack = 0, tryNumber = 0
10-10 13:07:45.301  7065  7065 D QolsysApp: SecurityHomeVerticalPagerFragment:: VerticalPagerAdapter  getCount() ptebList Size: 1
10-10 13:07:45.301  2058  2058 D ADCService: (c_tcp_record_available) start: type = 2, pipe = 3
10-10 13:07:45.301  2058  2058 D ADCService: (c_tcp_new_record) Writing new record: pipe = 0x12
10-10 13:07:45.301  2058  2058 D ADCService: set ack 104 (0)
10-10 13:07:45.301  2058  2058 D ADCService: SendEncodedMessageEx(): push function returned 1
10-10 13:07:45.301  2058  2058 D ADCService:  rule  try execute type 6, subtype 1, value 3, extra 26000201
10-10 13:07:45.301  2058  2058 D ADCService:  rule  try execute type 11, subtype 1, value 2, extra 2600000001000000
10-10 13:07:45.301  2058  2058 D ADCService: (ip_check_outgoing_queue) Pending outgoing message found: size = 16, flags = 6, ack = 104, pipe = 18, try_pipe = 2
10-10 13:07:45.301  2058  2058 D ADCService: (c_encrypt_and_send_message) start
10-10 13:07:45.301  7065  7065 D QolsysApp: SecurityHomeVerticalPagerFragment:: VerticalPagerAdapter getCount() called
10-10 13:07:45.301  7065  7065 D QolsysApp: SecurityHomeVerticalPagerFragment:: VerticalPagerAdapter  getCount() ptebList Size: 1
10-10 13:07:45.301  7065  7065 D QolsysApp: SecurityHomeVerticalPagerFragment:: VerticalPagerAdapter getCount() called
10-10 13:07:45.301  2058  2058 D ADCService: ETH HEX (OUT): 0x24 bytes
10-10 13:07:45.301  7065  7065 D QolsysApp: SecurityHomeVerticalPagerFragment:: VerticalPagerAdapter  getCount() ptebList Size: 1
10-10 13:07:45.301  2058  2058 D ADCService: (ip_check_outgoing_queue) wait for ack
10-10 13:07:45.301  7065  7065 D QolsysApp: SecurityHomeVerticalPagerFragment:: VerticalPagerAdapter getCount() called
10-10 13:07:45.301  7065  7065 D QolsysApp: SecurityHomeVerticalPagerFragment:: VerticalPagerAdapter  getCount() ptebList Size: 1
10-10 13:07:45.302  7065  7065 D QolsysApp: SecurityHomeVerticalPagerFragment:: VerticalPagerAdapter getCount() called
10-10 13:07:45.302  7065  7065 D QolsysApp: SecurityHomeVerticalPagerFragment:: VerticalPagerAdapter  getCount() ptebList Size: 1
10-10 13:07:45.302  7065  7065 D QolsysApp: SecurityHomeVerticalPagerFragment:: VerticalPagerAdapter getCount() called
10-10 13:07:45.302  7065  7065 D QolsysApp: SecurityHomeVerticalPagerFragment:: VerticalPagerAdapter  getCount() ptebList Size: 1
10-10 13:07:45.302  7065  7065 D QolsysApp: SecurityHomeVerticalPagerFragment:: VerticalPagerAdapter getCount() called
10-10 13:07:45.302  7065  7065 D QolsysApp: SecurityHomeVerticalPagerFragment:: VerticalPagerAdapter  getCount() ptebList Size: 1
10-10 13:07:45.302  2058  2058 I ADCService: adc_task: switching the sleep time from 30 ms to 0 ms
10-10 13:07:45.302  2058  2058 D ADCService: (ip_check_outgoing_queue) Waiting for ack.
10-10 13:07:45.303  1095  1373 D QolsysPss: CPBaseDAOImpl:: read() arrayList count 1
10-10 13:07:45.303  1095  1373 D QolsysPss: SensorFrameProcessor:: handleKeyfobCase()    isKeyfobDelayFrame():true
10-10 13:07:45.303  2058  2058 I ADCService: adc_task: switching the sleep time from 0 ms to 30 ms
10-10 13:07:45.303  1662  2049 D QolsysProvider: BaseProvider:: query() uri : content://com.qolsys.qolsysprovider.QolsysSettingsProvider/qolsyssettings Selection: name=?
10-10 13:07:45.304  1662  2049 D QolsysProvider: BaseProvider:: query() completed
10-10 13:07:45.305  2397  2397 I Qolsys  : CCObserver:: isHandlerExistInList() handler exist for URIcontent://com.qolsys.qolsysprovider.StateContentProvider/state, CCObserverHandler:qolsys.msglib.services.IQJService$StateTableChangeHandler@1be5c0fc, registeredBycom.qolsys.iqj.app.ApplicationClass@20882385
10-10 13:07:45.305  2397  2397 D Qolsys  : CCObserver:: handler exists in the list
10-10 13:07:45.306  7065  7065 D QolsysApp: SecurityHomeVerticalPagerFragment:: VerticalPagerAdapter getCount() called
10-10 13:07:45.306  7065  7065 D QolsysApp: SecurityHomeVerticalPagerFragment:: VerticalPagerAdapter  getCount() ptebList Size: 1
10-10 13:07:45.307  7065  7065 I QolsysApp: CCObserver:: isHandlerExistInList() handler exist for URIcontent://com.qolsys.qolsysprovider.QolsysSettingsProvider/qolsyssettings, CCObserverHandler:com.qolsys.activites.Theme3HomeActivity$SettingsTableChangeHandler@2fd0ce78, registeredBycom.qolsys.activites.Theme3HomeActivity@329f493a
10-10 13:07:45.307  7065  7065 D QolsysApp: CCObserver:: handler exists in the list
10-10 13:07:45.307  7065  7065 D QolsysApp: Theme3HomeActivity:: handleUpdate() curVisibleFrag=DoublePagerFragment{2d261019 #2 id=0x7f0c005e}key : SYSTEM_STATUS_CHANGED_TIME value : ARM-AWAY-EXIT-DELAY,1570738065244
10-10 13:07:45.307  7065  7065 I QolsysApp: CCObserver:: isHandlerExistInList() handler exist for URIcontent://com.qolsys.qolsysprovider.QolsysSettingsProvider/qolsyssettings, CCObserverHandler:com.qolsys.ipcamera.DoorbellPressReceiver$SettingsTableChangeHandler@3b74f2, registeredBycom.qolsys.ipcamera.DoorbellPressReceiver@1c1eb743
10-10 13:07:45.307  7065  7065 D QolsysApp: CCObserver:: handler exists in the list
10-10 13:07:45.307  7065  7065 I QolsysApp: CCObserver:: isHandlerExistInList() handler exist for URIcontent://com.qolsys.qolsysprovider.QolsysSettingsProvider/qolsyssettings, CCObserverHandler:com.qolsys.theme3.T3HeaderFragment$SettingsTableChangeHandler@2db21b5, registeredByT3HeaderFragment{290b04a #0 id=0x7f0c005d}
10-10 13:07:45.307  7065  7065 D QolsysApp: CCObserver:: handler exists in the list
10-10 13:07:45.307  7065  7065 I QolsysApp: CCObserver:: isHandlerExistInList() handler exist for URIcontent://com.qolsys.qolsysprovider.QolsysSettingsProvider/qolsyssettings, CCObserverHandler:com.qolsys.theme3.T3FooterFragment$SettingsTableChangeHandler@37318716, registeredByclass com.qolsys.theme3.T3FooterFragment
10-10 13:07:45.308  7065  7065 D QolsysApp: CCObserver:: handler exists in the list
10-10 13:07:45.308  7065  7065 D QolsysApp: FooterFragment:: handleUpdate() key : SYSTEM_STATUS_CHANGED_TIME value : ARM-AWAY-EXIT-DELAY,1570738065244
10-10 13:07:45.308  7065  7065 I QolsysApp: CCObserver:: isHandlerExistInList() handler exist for URIcontent://com.qolsys.qolsysprovider.QolsysSettingsProvider/qolsyssettings, CCObserverHandler:com.qolsys.systemsettings.wifi.MyHomeWifiHandler$SettingsTableChangeHandler@2d49d368, registeredBycom.qolsys.systemsettings.wifi.MyHomeWifiHandler@3148e381
10-10 13:07:45.308  7065  7065 D QolsysApp: CCObserver:: handler exists in the list
10-10 13:07:45.308  7065  7065 I QolsysApp: CCObserver:: isHandlerExistInList() handler exist for URIcontent://com.qolsys.qolsysprovider.QolsysSettingsProvider/qolsyssettings, CCObserverHandler:com.qolsys.stateadapter.FSPAHealthTestFragment$SettingsTableChangeHandler@1d3f0067, registeredByFSPAHealthTestFragment{1c9cbe14 #0 id=0x7f0c059a android:switcher:2131494298:0}
10-10 13:07:45.308  7065  7065 D QolsysApp: CCObserver:: handler exists in the list
10-10 13:07:45.308  7065  7065 D QolsysApp: FSPAHealthTestFragment:: key : SYSTEM_STATUS_CHANGED_TIME value : ARM-AWAY-EXIT-DELAY,1570738065244
10-10 13:07:45.308  7065  7065 I QolsysApp: CCObserver:: isHandlerExistInList() handler exist for URIcontent://com.qolsys.qolsysprovider.QolsysSettingsProvider/qolsyssettings, CCObserverHandler:com.qolsys.theme3.T3HomeFragment$QolsysSettingsChangeHandler@1f54287b, registeredByT3HomeFragment{34b7880a #0 id=0x7f0c059a android:switcher:2131494298:0}
10-10 13:07:45.308  7065  7065 D QolsysApp: CCObserver:: handler exists in the list
10-10 13:07:45.308  7065  7065 D QolsysApp: T3HomeFragment:: T3Home handleUpdate() called
10-10 13:07:45.308  7065  7065 D QolsysApp: T3HomeFragment:: T3Home handleForInsertOrUpdate() called
10-10 13:07:45.309  7065  7065 I QolsysApp: CCObserver:: isHandlerExistInList() handler exist for URIcontent://com.qolsys.qolsysprovider.QolsysSettingsProvider/qolsyssettings, CCObserverHandler:com.qolsys.theme3.T3HomeFragment$QolsysSettingsChangeHandler@87feb1a, registeredByT3HomeFragment{158a45c5 #0 id=0x7f0c059a android:switcher:2131494298:0}
10-10 13:07:45.309  7065  7065 D QolsysApp: CCObserver:: handler exists in the list
10-10 13:07:45.309  7065  7065 D QolsysApp: T3HomeFragment:: T3Home handleUpdate() called
10-10 13:07:45.309  7065  7065 D QolsysApp: T3HomeFragment:: T3Home handleForInsertOrUpdate() called
10-10 13:07:45.309  7065  7065 I QolsysApp: CCObserver:: isHandlerExistInList() handler exist for URIcontent://com.qolsys.qolsysprovider.QolsysSettingsProvider/qolsyssettings, CCObserverHandler:com.qolsys.systemsettings.wifi.MyHomeWifiHandler$SettingsTableChangeHandler@30b94eca, registeredBycom.qolsys.systemsettings.wifi.MyHomeWifiHandler@2f24483b
10-10 13:07:45.309  7065  7065 D QolsysApp: CCObserver:: handler exists in the list
10-10 13:07:45.309  7065  7065 I QolsysApp: CCObserver:: isHandlerExistInList() handler exist for URIcontent://com.qolsys.qolsysprovider.QolsysSettingsProvider/qolsyssettings, CCObserverHandler:com.qolsys.stateadapter.FSPAHealthTestFragment$SettingsTableChangeHandler@288734b1, registeredByFSPAHealthTestFragment{25858d96 #0 id=0x7f0c059a android:switcher:2131494298:0}
10-10 13:07:45.309  7065  7065 D QolsysApp: CCObserver:: handler exists in the list
10-10 13:07:45.309  7065  7065 D QolsysApp: FSPAHealthTestFragment:: key : SYSTEM_STATUS_CHANGED_TIME value : ARM-AWAY-EXIT-DELAY,1570738065244
10-10 13:07:45.310  7065  7065 I QolsysApp: CCObserver:: isHandlerExistInList() handler exist for URIcontent://com.qolsys.qolsysprovider.StateContentProvider/state, CCObserverHandler:com.qolsys.activites.Theme3HomeActivity$StateTableChangeHandler@23a0a951, registeredBycom.qolsys.activites.Theme3HomeActivity@329f493a
10-10 13:07:45.310  7065  7065 D QolsysApp: CCObserver:: handler exists in the list
10-10 13:07:45.311  7065  7065 D QolsysApp: Theme3HomeActivity:: handleForInsertOrUpdate() key : TO_BE_BYPASSABLE_SENSORS value:  partitionID: 0
10-10 13:07:45.312  1095  1373 D QolsysPss: CPBaseDAOImpl:: read() arrayList count 1
10-10 13:07:45.317  1662 26983 D QolsysProvider: BaseProvider:: update() uri : content://com.qolsys.qolsysprovider.StateContentProvider/state Selection: name=? and partition_id =?
10-10 13:07:45.327   231  1297 D hardware_info: hw_info_append_hw_type : device_name = speaker-lite
10-10 13:07:45.333  2058  2058 D ADCService: (ip_check_outgoing_queue) Waiting for ack.
10-10 13:07:45.336  1662 26983 D QolsysProvider: BaseProvider:: update() changedUri : content://com.qolsys.qolsysprovider.StateContentProvider/state/update/:{"eventName":"dbChanged","dbOperation":"update","uri":"content:\/\/com.qolsys.qolsysprovider.StateContentProvider\/state","tcc":1251,"selection":"name=? and partition_id =?","selectionArgs":"[ALARM_STATE, 0]","contentValues":{"extraparams":"{\"delayPageTime\":11,\"stateChangeTime\":1570738065312,\"delayType\":\"keyfobDelay\"}","name":"ALARM_STATE","partition_id":"0","value":"Delay"}}
10-10 13:07:45.336  1662 26983 D QolsysProvider: MasterSlaveAPI:: informDBUpdateEvent() started
10-10 13:07:45.336  1662 26983 D QolsysProvider: IQMasterClient:: sendMessage() called
10-10 13:07:45.336  1662 26983 D QolsysProvider: IQMasterClient:: sendMessage() reqObj length: 7
10-10 13:07:45.337   231  1297 D audio_hw_primary: out_set_parameters: enter: usecase(0: deep-buffer-playback) kvpairs: routing=2
10-10 13:07:45.337   231  1297 D audio_hw_extn: audio_extn_set_anc_parameters: anc_enabled:0
10-10 13:07:45.337  1662 26983 I QolsysProvider: IQMasterClient:: messageHandlingTask() **********received message: {"eventName":"dbChanged","dbOperation":"update","uri":"content:\/\/com.qolsys.qolsysprovider.StateContentProvider\/state","changedUri":"content:\/\/com.qolsys.qolsysprovider.StateContentProvider\/state\/update\/:{\"eventName\":\"dbChanged\",\"dbOperation\":\"update\",\"uri\":\"content:\\\/\\\/com.qolsys.qolsysprovider.StateContentProvider\\\/state\",\"tcc\":1251,\"selection\":\"name=? and partition_id =?\",\"selectionArgs\":\"[ALARM_STATE, 0]\",\"contentValues\":{\"extraparams\":\"{\\\"delayPageTime\\\":11,\\\"stateChangeTime\\\":1570738065312,\\\"delayType\\\":\\\"keyfobDelay\\\"}\",\"name\":\"ALARM_STATE\",\"partition_id\":\"0\",\"value\":\"Delay\"}}","selection":"name=? and partition_id =?","selectionArgs":"[ALARM_STATE, 0]","contentValues":{"extraparams":"{\"delayPageTime\":11,\"stateChangeTime\":1570738065312,\"delayType\":\"keyfobDelay\"}","name":"ALARM_STATE","partition_id":"0","value":"Delay"}}
10-10 13:07:45.337  1662 26983 I QolsysProvider: IQMasterClient:: publish() reqObj len: 915
10-10 13:07:45.337  1662 26983 I QolsysProvider: IQMasterClient:: publish() Publishing to topic "iq2meid" qos 0
10-10 13:07:45.338  1662 26983 I QolsysProvider: IQMasterClient:: publish() requestString is: {"eventName":"dbChanged","dbOperation":"update","uri":"content:\/\/com.qolsys.qolsysprovider.StateContentProvider\/state","changedUri":"content:\/\/com.qolsys.qolsysprovider.StateContentProvider\/state\/update\/:{\"eventName\":\"dbChanged\",\"dbOperation\":\"update\",\"uri\":\"content:\\\/\\\/com.qolsys.qolsysprovider.StateContentProvider\\\/state\",\"tcc\":1251,\"selection\":\"name=? and partition_id =?\",\"selectionArgs\":\"[ALARM_STATE, 0]\",\"contentValues\":{\"extraparams\":\"{\\\"delayPageTime\\\":11,\\\"stateChangeTime\\\":1570738065312,\\\"delayType\\\":\\\"keyfobDelay\\\"}\",\"name\":\"ALARM_STATE\",\"partition_id\":\"0\",\"value\":\"Delay\"}}","selection":"name=? and partition_id =?","selectionArgs":"[ALARM_STATE, 0]","contentValues":{"extraparams":"{\"delayPageTime\":11,\"stateChangeTime\":1570738065312,\"delayType\":\"keyfobDelay\"}","name":"ALARM_STATE","partition_id":"0","value":"Delay"}}
10-10 13:07:45.341  1662  3796 I QolsysProvider: IQMasterClient:: delivery complete
10-10 13:07:45.341  1662 26983 D QolsysProvider: IQMasterClient:: sendMessage() message sent to broker with topic: iq2meid
10-10 13:07:45.341  1662 26983 D QolsysProvider: BaseProvider:: update() completed rowsUpdated: 1
10-10 13:07:45.342  2397  2441 D Qolsys  : CCObserver:: onChange() Received Uri: content://com.qolsys.qolsysprovider.StateContentProvider/state/update/:{"eventName":"dbChanged","dbOperation":"update","uri":"content:\/\/com.qolsys.qolsysprovider.StateContentProvider\/state","tcc":1251,"selection":"name=? and partition_id =?","selectionArgs":"[ALARM_STATE, 0]","contentValues":{"extraparams":"{\"delayPageTime\":11,\"stateChangeTime\":1570738065312,\"delayType\":\"keyfobDelay\"}","name":"ALARM_STATE","partition_id":"0","value":"Delay"}}
10-10 13:07:45.342  7065  7093 D QolsysApp: CCObserver:: onChange() Received Uri: content://com.qolsys.qolsysprovider.StateContentProvider/state/update/:{"eventName":"dbChanged","dbOperation":"update","uri":"content:\/\/com.qolsys.qolsysprovider.StateContentProvider\/state","tcc":1251,"selection":"name=? and partition_id =?","selectionArgs":"[ALARM_STATE, 0]","contentValues":{"extraparams":"{\"delayPageTime\":11,\"stateChangeTime\":1570738065312,\"delayType\":\"keyfobDelay\"}","name":"ALARM_STATE","partition_id":"0","value":"Delay"}}
10-10 13:07:45.342  2397  2441 D Qolsys  : CCObserver:: contentValues: {"extraparams":"{\"delayPageTime\":11,\"stateChangeTime\":1570738065312,\"delayType\":\"keyfobDelay\"}","name":"ALARM_STATE","partition_id":"0","value":"Delay"}
10-10 13:07:45.342  7065  7093 D QolsysApp: CCObserver:: contentValues: {"extraparams":"{\"delayPageTime\":11,\"stateChangeTime\":1570738065312,\"delayType\":\"keyfobDelay\"}","name":"ALARM_STATE","partition_id":"0","value":"Delay"}
10-10 13:07:45.343  7065  7065 I QolsysApp: CCObserver:: isHandlerExistInList() handler exist for URIcontent://com.qolsys.qolsysprovider.StateContentProvider/state, CCObserverHandler:com.qolsys.activites.Theme3HomeActivity$StateTableChangeHandler@23a0a951, registeredBycom.qolsys.activites.Theme3HomeActivity@329f493a
10-10 13:07:45.343  7065  7065 D QolsysApp: CCObserver:: handler exists in the list
10-10 13:07:45.343  2397  2397 I Qolsys  : CCObserver:: isHandlerExistInList() handler exist for URIcontent://com.qolsys.qolsysprovider.StateContentProvider/state, CCObserverHandler:qolsys.msglib.services.IQJService$StateTableChangeHandler@1be5c0fc, registeredBycom.qolsys.iqj.app.ApplicationClass@20882385
10-10 13:07:45.343  2397  2397 D Qolsys  : CCObserver:: handler exists in the list
10-10 13:07:45.343  7065  7065 D QolsysApp: Theme3HomeActivity:: handleForInsertOrUpdate() key : ALARM_STATE value: Delay partitionID: 0
10-10 13:07:45.343  7065  7065 D QolsysApp: UiRedBannerManager:: handleAlarmAndDelays() called
10-10 13:07:45.343  7065  7065 D QolsysApp: UiRedBannerManager:: handleAlarmAndDelays() called
10-10 13:07:45.343  7065  7065 D QolsysApp: UiStaticData:: getCurrentUserAccessablePartitions() userEntityBean: null
10-10 13:07:45.343  1095  1373 D QolsysPss: SensorFrameProcessor:: handleDelayAlarm() Started and the ZoneID is: 38 sfpStData[ptID].delayAlarmRunnable: null
10-10 13:07:45.343  1095  1373 D QolsysPss: SensorFrameProcessor:: scheduleDelayAlarm() sfpStData[ptID].delayAlarmRunnable: null delayTimeInMS: 11000
10-10 13:07:45.344  1095  1373 D QolsysPss: SensorFrameProcessor:: Time Taken to process the frame: 328ms
10-10 13:07:45.344  1095  1976 D QolsysPss: SensorFrameProcessor::  StateTableChangeHandler handleForInsertOrUpdate() key=KEYFOB_DELAY_ACTION
10-10 13:07:45.344  1095  1373 D QolsysPss: SensorFrameProcessor:: doAction() sensorType=KeyFob curSensorStatus=KeyfobAction
10-10 13:07:45.344  1095  1976 D QolsysPss: CCObserver:: notifyUpdate(): CCObserverHandler:qolib.hardware.qolsys.periodicjobs.IQMSJob$StateTableChangeHandler@12080dcd, registeredByclass qolib.hardware.qolsys.periodicjobs.IQMSJob
10-10 13:07:45.344  1662  7200 D QolsysProvider: BaseProvider:: query() uri : content://com.qolsys.qolsysprovider.AlarmedSensorProvider/alarmedsensor Selection: (aseb_type =? or aseb_type =? or (aseb_type =? and (partition_id like ?) ) )
10-10 13:07:45.344  1095  1373 D QolsysPss: SensorFrameProcessor:: doAction() shockSensorType =
10-10 13:07:45.344  1662  7200 D QolsysProvider: BaseProvider:: query() completed
10-10 13:07:45.344  1662  1690 D QolsysProvider: BaseProvider:: query() uri : content://com.qolsys.qolsysprovider.StateContentProvider/state Selection: name=? and partition_id =?
10-10 13:07:45.344  1662  1690 D QolsysProvider: BaseProvider:: query() completed
10-10 13:07:45.347  1095  1976 D QolsysPss: CPBaseDAOImpl:: read() arrayList count 1
10-10 13:07:45.347  1095  1976 D QolsysPss: IQMSJob:: StateTableChangeHandler - key : KEYFOB_DELAY_ACTION value : armaway alarmState : Delay
10-10 13:07:45.347  1095  1976 D QolsysPss: CCObserver:: notifyUpdate(): CCObserverHandler:qolib.hardware.qolsys.jobs.PanelGlassBreakAlarmTestJob$StateTableChangeHandler@136e2ee8, registeredByandroid.app.ContextImpl@38676816
10-10 13:07:45.347  1095  1976 D QolsysPss: PanelGlassBreakAlarmTestJob:: StateTableChangeHandler handleUpdate() called
10-10 13:07:45.347  1095  1976 D QolsysPss: CCObserver:: notifyUpdate(): CCObserverHandler:qolib.hardware.qolsys.jobs.RemoteAutoLearn$StateTableChangesHandler@1314e3a6, registeredByclass qolib.hardware.qolsys.jobs.RemoteAutoLearn
10-10 13:07:45.347  1095  1976 D QolsysPss: RemoteAutoLearn:: StateTableChangesHandler handleUpdate() key : KEYFOB_DELAY_ACTION val : armaway
10-10 13:07:45.347  1095  1976 D QolsysPss: RemoteAutoLearn:: StateTableChangesHandler handleUpdate() return as key is not Add Sensor Flag.
10-10 13:07:45.347  1095  1976 D QolsysPss: CCObserver:: notifyUpdate(): CCObserverHandler:qolib.hardware.qolsys.DataRecycler$StateTableChangesHandler@35a5b1e7, registeredByclass qolib.hardware.qolsys.DataRecycler
10-10 13:07:45.347  1095  1976 D QolsysPss: DataRecycler:: StateTableChangesHandler handleUpdate() called
10-10 13:07:45.347  1095  1976 D QolsysPss: DataRecycler:: handleUpdate() key : KEYFOB_DELAY_ACTION
10-10 13:07:45.347  1095  1976 D QolsysPss: CCObserver:: notifyUpdate(): CCObserverHandler:qolib.hardware.qolsys.util.HomeControlAutomation$StateTableChangeHandler@152a99a4, registeredByqolib.hardware.qolsys.util.HomeControlAutomation@3408f95b
10-10 13:07:45.347  1095  1976 D QolsysPss: HomeControlAutomation::  contentvalues: name=KEYFOB_DELAY_ACTION value=armaway extraparams={"zoneID":38,"prevPanelStatus":"ARM-STAY"} partition_id=0
10-10 13:07:45.347  1095  1976 D QolsysPss: CCObserver:: notifyUpdate(): CCObserverHandler:qolib.hardware.qolsys.proxyapi.ProxyDeviceEventListener$StateContentChangeHandler@21ea571c, registeredBynull
10-10 13:07:45.348  1095  1976 D QolsysPss: ProxyDeviceEventListener:: handleUpdatename=KEYFOB_DELAY_ACTION value=armaway extraparams={"zoneID":38,"prevPanelStatus":"ARM-STAY"} partition_id=0
10-10 13:07:45.348  1095  1976 D QolsysPss: CCObserver:: onChange() Received Uri: content://com.qolsys.qolsysprovider.QolsysSettingsProvider/qolsyssettings/update/:{"eventName":"dbChanged","dbOperation":"update","uri":"content:\/\/com.qolsys.qolsysprovider.QolsysSettingsProvider\/qolsyssettings","tcc":1025,"selection":"name=? and partition_id =?","selectionArgs":"[SYSTEM_STATUS, 0]","contentValues":{"name":"SYSTEM_STATUS","partition_id":"0","value":"ARM-AWAY-EXIT-DELAY"}}
10-10 13:07:45.348  7065  7065 D QolsysApp: UiRedBannerManager:: handleRedBanner() AlarmCount : 0
10-10 13:07:45.348  7065  7065 D QolsysApp: UiRedBannerManager:: handleRedBanner() returning as there are no alarms to show
10-10 13:07:45.348  7065  7065 D QolsysApp: T3DialogManager:: isRedBannerDialogShowing()  started
10-10 13:07:45.348  1095  1976 D QolsysPss: CCObserver:: contentValues: {"name":"SYSTEM_STATUS","partition_id":"0","value":"ARM-AWAY-EXIT-DELAY"}
10-10 13:07:45.348  7065  7065 D QolsysApp: T3DialogManager:: isSilenceAlarmDialogShowing()  started
10-10 13:07:45.348  7065  7065 D QolsysApp: T3DialogManager:: isEmergencyDialogShowing()  started
10-10 13:07:45.348  1095  1976 D QolsysPss: CCObserver:: notifyUpdate()  ccOberserHandlerList.size() : 21
10-10 13:07:45.348  7065  7065 D QolsysApp: UiStaticData:: getCurrentUserAccessablePartitions() userEntityBean: null
10-10 13:07:45.348  7065  7065 D QolsysApp: UiStaticData:: getAllAccessiblePartitions() accessiblePartitions : [0]
10-10 13:07:45.348  1095  1976 D QolsysPss: CCObserver:: notifyUpdate(): CCObserverHandler:qolib.hardware.qolsys.jobs.SecureSensorsSyncJob$SettingsTableChangeHandler@3e5cae04, registeredByclass qolib.hardware.qolsys.jobs.SecureSensorsSyncJob
10-10 13:07:45.348  1095  1976 D QolsysPss: SecureSensorsSynJob :: handleUpdate() called
10-10 13:07:45.348  1095  1976 D QolsysPss: SecureSensorsSynJob :: handleUpdate() key:SYSTEM_STATUS
10-10 13:07:45.348  1095  1976 D QolsysPss: CCObserver:: notifyUpdate(): CCObserverHandler:qolib.hardware.qolsys.api.PowerGCameraAPI$SettingsTableChangeHandler@25937fed, registeredByandroid.app.ContextImpl@38676816
10-10 13:07:45.348  1095  1976 D QolsysPss: PowerGCameraAPI:: handleUpdate() Settings Table Key: SYSTEM_STATUS Val: ARM-AWAY-EXIT-DELAY
10-10 13:07:45.348  1095  1976 D QolsysPss: CCObserver:: notifyUpdate(): CCObserverHandler:qolib.hardware.qolsys.upgrade.UpgradeManager$SettingsTableChangeHandler@64a20b3, registeredByclass qolib.hardware.qolsys.upgrade.UpgradeManager
10-10 13:07:45.348  1095  1976 D QolsysPss: UpgradeManager:: key :SYSTEM_STATUSvalue: ARM-AWAY-EXIT-DELAY
10-10 13:07:45.348  1095  1976 D QolsysPss: CCObserver:: notifyUpdate(): CCObserverHandler:qolib.hardware.qolsys.util.PowerGUtils$SettingsTableChangeHandler@35374a51, registeredByqolib.hardware.qolsys.util.PowerGUtils$PowerGSupervisory@cd582b6
10-10 13:07:45.348  1095  1976 D QolsysPss: PowerGUtils:: Settings Table Key: SYSTEM_STATUS Val: ARM-AWAY-EXIT-DELAY
10-10 13:07:45.348   231  1297 D audio_hw_primary: start_output_stream: enter: stream(0xb7087500)usecase(0: deep-buffer-playback) devices(0x2)
10-10 13:07:45.348   231  1297 D audio_hw_primary: select_devices: out_snd_device(2: speaker) in_snd_device(0: )
10-10 13:07:45.348   231  1297 D hardware_info: hw_info_append_hw_type : device_name = speaker-lite
10-10 13:07:45.348  1095  1976 D QolsysPss: PowerGUtils:: Setting motions and cameras for panel state: ARM-AWAY-EXIT-DELAY partition: 0
10-10 13:07:45.349  1095  1976 D QolsysPss: CCObserver:: notifyUpdate(): CCObserverHandler:qolib.hardware.qolsys.network.NetworkManager$SettingsTableChangeHandler@2c84ed4a, registeredByNetworkManager
10-10 13:07:45.349  1095  1976 D QolsysPss: NetworkManager:: settingsKey SYSTEM_STATUS settingsValue ARM-AWAY-EXIT-DELAY
10-10 13:07:45.349  1095  1976 D QolsysPss: CCObserver:: notifyUpdate(): CCObserverHandler:qolib.hardware.qolsys.periodicjobs.EthernetJob$SettingsTableChangeHandler@2ffdcb1c, registeredByEthernetJob
10-10 13:07:45.349  1095  1976 D QolsysPss: EthernetJob:: key is SYSTEM_STATUS value is ARM-AWAY-EXIT-DELAY
10-10 13:07:45.349  1095  1976 D QolsysPss: CCObserver:: notifyUpdate(): CCObserverHandler:qolib.hardware.qolsys.periodicjobs.WifiAPJob$SettingsTableChangeHandler@37f72f95, registeredByWifiAPJob
10-10 13:07:45.349  1095  1976 D QolsysPss: CCObserver:: notifyUpdate(): CCObserverHandler:qolib.hardware.qolsys.input.InputEventHandler$SettingsTableChangeHandler@bc79fe4, registeredByInputEventHandler
10-10 13:07:45.349  1095  2182 D QolsysPss: InputEventHandler:: msg is { when=-1ms what=202 obj=qolib.hardware.qolsys.db.beanstore.QolsysSettingsEntityBean@23aaf212 target=qolib.hardware.qolsys.input.InputEventHandler$IQEventProcessor }
10-10 13:07:45.349  1095  2182 D QolsysPss: InputEventHandler:: SETTING_CHANGES :: key:SYSTEM_STATUS val:ARM-AWAY-EXIT-DELAY
10-10 13:07:45.349  1095  2182 D QolsysPss: DisplayTypeStateMachine:: DefaultState :: processMessage():: { when=0 what=202 obj=qolib.hardware.qolsys.db.beanstore.QolsysSettingsEntityBean@23aaf212 target=com.android.internal.util.StateMachine$SmHandler }
10-10 13:07:45.349  1662  2374 D QolsysProvider: BaseProvider:: query() uri : content://com.qolsys.qolsysprovider.StateContentProvider/state Selection: name=? AND value IN (?) AND partition_id IN (?)
10-10 13:07:45.349  1095  2182 D QolsysPss: DisplayTypeStateMachine:: SETTING_CHANGES :: key SYSTEM_STATUS val ARM-AWAY-EXIT-DELAY, qsebPartitionId: 0
10-10 13:07:45.350  1095  2182 D QolsysPss: ScreenManager:: isScreenInteractive() true
10-10 13:07:45.350  1095  2182 D QolsysPss: QUtilServiceCommunicator:: getPanelSleepStatus() called
10-10 13:07:45.350  1662  2374 D QolsysProvider: BaseProvider:: query() completed
10-10 13:07:45.350  1095  2182 D QolsysPss: BaseCommunicator:: talkToServiceTwoWay() serviceName: qutilservice
10-10 13:07:45.350  1095  2182 D QolsysPss: BaseCommunicator:: talkToService() serviceName: qutilservice
10-10 13:07:45.350  1095  2182 D QolsysPss: BaseCommunicator:: fillDataParcel()
10-10 13:07:45.351  1095  1976 D QolsysPss: CCObserver:: notifyUpdate(): CCObserverHandler:qolib.hardware.qolsys.group.SensorFrameProcessor$QolsysSettingsTableChangeHandler@1144ca14, registeredByclass qolib.hardware.qolsys.group.SensorFrameProcessor
10-10 13:07:45.351   262  2250 D qutilservice: OnTransact(37,16)
10-10 13:07:45.351  1095  1976 D QolsysPss: SensorFrameProcessor:: QolsysSettingsTableChangeHandler update() called
10-10 13:07:45.351  1095  1976 D QolsysPss: SystemServerMqttClient:: connectToBroker() called
10-10 13:07:45.351  1095  1976 D QolsysPss: SystemServerMqttClient:: connectToBroker() is returning as client is already connected
10-10 13:07:45.351  1095  1976 D QolsysPss: SensorFrameProcessor:: QolsysSettingsTableChangeHandler update() key :SYSTEM_STATUS value : ARM-AWAY-EXIT-DELAY
10-10 13:07:45.351  1095  1976 D QolsysPss: CCObserver:: notifyUpdate(): CCObserverHandler:qolib.hardware.qolsys.periodicjobs.QolsysBatteryHandler$SettingsTableChangeHandler@2f2871c8, registeredByQolsysBatteryHandler
10-10 13:07:45.351   262  2250 D qutilservice: currentBrightness = 255
10-10 13:07:45.351  1095  1976 D QolsysPss: CCObserver:: notifyUpdate(): CCObserverHandler:qolib.hardware.qolsys.api.WellnessAlarmApi$SettingsTableChangeHandler@30980c0c, registeredByclass qolib.hardware.qolsys.api.WellnessAlarmApi
10-10 13:07:45.351  1095  1976 I QolsysPss: WellnessAlarmApi:: handleUpdate() Called.
10-10 13:07:45.351  1095  1976 D QolsysPss: CCObserver:: notifyUpdate(): CCObserverHandler:qolib.hardware.qolsys.periodicjobs.HistoryRecordsLimitationJob$SettingsTableChangeHandler@3cd4d5d1, registeredByHistoryRecordsLimitationJob
10-10 13:07:45.351  1095  2182 D QolsysPss: BaseCommunicator:: fillResponseWithReply()
10-10 13:07:45.351  1095  2182 D QolsysPss: BaseCommunicator:: recycleParcelObjects() called
10-10 13:07:45.352  1095  2182 D QolsysPss: InputEventHandler:: msg is { when=0 what=102 target=qolib.hardware.qolsys.input.InputEventHandler$IQEventProcessor }
10-10 13:07:45.352  1095  2182 D QolsysPss: InputEventHandler:: RESET_ANDROID_SLEEP_TIME_OUT :: resetting android sleep time out
10-10 13:07:45.353  1095  1976 D QolsysPss: CCObserver:: notifyUpdate(): CCObserverHandler:qolib.hardware.qolsys.periodicjobs.TroubleBeepsJob$SettingsTableChangeHandler@1f3b6e09, registeredByqolib.hardware.qolsys.periodicjobs.TroubleBeepsJob$ScheduleTroubleBeepsRunnable@bcac80e
10-10 13:07:45.353  1095  1976 D QolsysPss: TroubleBeepsJob:: handleUpdate() key: SYSTEM_STATUS val :ARM-AWAY-EXIT-DELAY
10-10 13:07:45.353  1095  1976 D QolsysPss: CCObserver:: notifyUpdate(): CCObserverHandler:qolib.hardware.qolsys.periodicjobs.IQMSJob$SettingsTableChangeHandler@3899cf7, registeredByclass qolib.hardware.qolsys.periodicjobs.IQMSJob
10-10 13:07:45.353  1095  1976 D QolsysPss: IQMSJob:: PanelReadyToUpgradeJob : scheduleUpgrade -- key :SYSTEM_STATUS value :ARM-AWAY-EXIT-DELAY
10-10 13:07:45.353  1095  1976 D QolsysPss: CCObserver:: notifyUpdate(): CCObserverHandler:qolib.hardware.qolsys.jobs.FireSafetyTroubleBeepsJob$SettingsTableChangeHandler@fc463da, registeredByclass qolib.hardware.qolsys.jobs.FireSafetyTroubleBeepsJob
10-10 13:07:45.353  1095  1976 D QolsysPss: FireSafetyTroubleBeepsJob:: SettingsTable handleUpdate() called
10-10 13:07:45.353  1095  1976 D QolsysPss: FireSafetyTroubleBeepsJob:: SettingsTable handleUpdate() key : SYSTEM_STATUS
